Archive member included to satisfy reference by file (symbol)

.\CortexM3\ARM_GCC_541\Debug\Dimer con PWM.a(PWM.o)
                              .\CortexM3\ARM_GCC_541\Debug\main.o (PWM_WriteCompare1)
.\CortexM3\ARM_GCC_541\Debug\Dimer con PWM.a(CyLib.o)
                              .\CortexM3\ARM_GCC_541\Debug\Cm3Start.o (CyHalt)
.\CortexM3\ARM_GCC_541\Debug\Dimer con PWM.a(cyPm.o)
                              .\CortexM3\ARM_GCC_541\Debug\Dimer con PWM.a(CyLib.o) (CyPmReadStatus)
.\CortexM3\ARM_GCC_541\Debug\Dimer con PWM.a(LCD.o)
                              .\CortexM3\ARM_GCC_541\Debug\main.o (LCD_PrintString)
.\CortexM3\ARM_GCC_541\Debug\Dimer con PWM.a(ISR_MI.o)
                              .\CortexM3\ARM_GCC_541\Debug\main.o (ISR_MI_StartEx)
.\CortexM3\ARM_GCC_541\Debug\Dimer con PWM.a(ISR_HO.o)
                              .\CortexM3\ARM_GCC_541\Debug\main.o (ISR_HO_StartEx)
.\CortexM3\ARM_GCC_541\Debug\Dimer con PWM.a(ISR_SE.o)
                              .\CortexM3\ARM_GCC_541\Debug\main.o (ISR_SE_StartEx)
.\CortexM3\ARM_GCC_541\Debug\Dimer con PWM.a(ISR_DI.o)
                              .\CortexM3\ARM_GCC_541\Debug\main.o (ISR_DI_StartEx)
.\CortexM3\ARM_GCC_541\Debug\Dimer con PWM.a(CyBootAsmGnu.o)
                              .\CortexM3\ARM_GCC_541\Debug\cyfitter_cfg.o (CyDelayCycles)
.\CortexM3\ARM_GCC_541\Debug\Dimer con PWM.a(CyFlash.o)
                              .\CortexM3\ARM_GCC_541\Debug\Dimer con PWM.a(cyPm.o) (CyFlash_SetWaitCycles)
.\CortexM3\ARM_GCC_541\Debug\Dimer con PWM.a(CySpc.o)
                              .\CortexM3\ARM_GCC_541\Debug\Dimer con PWM.a(CyFlash.o) (CySpcStart)
c:/program files (x86)/cypress/psoc creator/4.2/psoc creator/import/gnu/arm/5.4.1/bin/../lib/gcc/arm-none-eabi/5.4.1/../../../../arm-none-eabi/lib/armv7-m\libg_nano.a(lib_a-errno.o)
                              .\CortexM3\ARM_GCC_541\Debug\Cm3Start.o (__errno)
c:/program files (x86)/cypress/psoc creator/4.2/psoc creator/import/gnu/arm/5.4.1/bin/../lib/gcc/arm-none-eabi/5.4.1/../../../../arm-none-eabi/lib/armv7-m\libg_nano.a(lib_a-exit.o)
                              c:/program files (x86)/cypress/psoc creator/4.2/psoc creator/import/gnu/arm/5.4.1/bin/../lib/gcc/arm-none-eabi/5.4.1/../../../../arm-none-eabi/lib/armv7-m/crt0.o (exit)
c:/program files (x86)/cypress/psoc creator/4.2/psoc creator/import/gnu/arm/5.4.1/bin/../lib/gcc/arm-none-eabi/5.4.1/../../../../arm-none-eabi/lib/armv7-m\libg_nano.a(lib_a-impure.o)
                              c:/program files (x86)/cypress/psoc creator/4.2/psoc creator/import/gnu/arm/5.4.1/bin/../lib/gcc/arm-none-eabi/5.4.1/../../../../arm-none-eabi/lib/armv7-m\libg_nano.a(lib_a-exit.o) (_global_impure_ptr)
c:/program files (x86)/cypress/psoc creator/4.2/psoc creator/import/gnu/arm/5.4.1/bin/../lib/gcc/arm-none-eabi/5.4.1/../../../../arm-none-eabi/lib/armv7-m\libg_nano.a(lib_a-init.o)
                              c:/program files (x86)/cypress/psoc creator/4.2/psoc creator/import/gnu/arm/5.4.1/bin/../lib/gcc/arm-none-eabi/5.4.1/../../../../arm-none-eabi/lib/armv7-m/crt0.o (__libc_init_array)
c:/program files (x86)/cypress/psoc creator/4.2/psoc creator/import/gnu/arm/5.4.1/bin/../lib/gcc/arm-none-eabi/5.4.1/../../../../arm-none-eabi/lib/armv7-m\libg_nano.a(lib_a-memcpy-stub.o)
                              .\CortexM3\ARM_GCC_541\Debug\cyfitter_cfg.o (memcpy)
c:/program files (x86)/cypress/psoc creator/4.2/psoc creator/import/gnu/arm/5.4.1/bin/../lib/gcc/arm-none-eabi/5.4.1/../../../../arm-none-eabi/lib/armv7-m\libg_nano.a(lib_a-memset.o)
                              c:/program files (x86)/cypress/psoc creator/4.2/psoc creator/import/gnu/arm/5.4.1/bin/../lib/gcc/arm-none-eabi/5.4.1/../../../../arm-none-eabi/lib/armv7-m/crt0.o (memset)

Allocating common symbols
Common symbol       size              file

hora                0x1               .\CortexM3\ARM_GCC_541\Debug\main.o
seg                 0x1               .\CortexM3\ARM_GCC_541\Debug\main.o
medio_dia           0x1               .\CortexM3\ARM_GCC_541\Debug\main.o
min                 0x1               .\CortexM3\ARM_GCC_541\Debug\main.o
count               0x2               .\CortexM3\ARM_GCC_541\Debug\main.o
dieTemperature      0x2               .\CortexM3\ARM_GCC_541\Debug\Dimer con PWM.a(CyFlash.o)

Discarded input sections

 .text          0x00000000        0x0 c:/program files (x86)/cypress/psoc creator/4.2/psoc creator/import/gnu/arm/5.4.1/bin/../lib/gcc/arm-none-eabi/5.4.1/armv7-m/crti.o
 .data          0x00000000        0x0 c:/program files (x86)/cypress/psoc creator/4.2/psoc creator/import/gnu/arm/5.4.1/bin/../lib/gcc/arm-none-eabi/5.4.1/armv7-m/crti.o
 .bss           0x00000000        0x0 c:/program files (x86)/cypress/psoc creator/4.2/psoc creator/import/gnu/arm/5.4.1/bin/../lib/gcc/arm-none-eabi/5.4.1/armv7-m/crti.o
 .data          0x00000000        0x4 c:/program files (x86)/cypress/psoc creator/4.2/psoc creator/import/gnu/arm/5.4.1/bin/../lib/gcc/arm-none-eabi/5.4.1/armv7-m/crtbegin.o
 .text          0x00000000       0x74 c:/program files (x86)/cypress/psoc creator/4.2/psoc creator/import/gnu/arm/5.4.1/bin/../lib/gcc/arm-none-eabi/5.4.1/../../../../arm-none-eabi/lib/armv7-m/crt0.o
 .data          0x00000000        0x0 c:/program files (x86)/cypress/psoc creator/4.2/psoc creator/import/gnu/arm/5.4.1/bin/../lib/gcc/arm-none-eabi/5.4.1/../../../../arm-none-eabi/lib/armv7-m/crt0.o
 .bss           0x00000000        0x0 c:/program files (x86)/cypress/psoc creator/4.2/psoc creator/import/gnu/arm/5.4.1/bin/../lib/gcc/arm-none-eabi/5.4.1/../../../../arm-none-eabi/lib/armv7-m/crt0.o
 .ARM.extab     0x00000000        0x0 c:/program files (x86)/cypress/psoc creator/4.2/psoc creator/import/gnu/arm/5.4.1/bin/../lib/gcc/arm-none-eabi/5.4.1/../../../../arm-none-eabi/lib/armv7-m/crt0.o
 .ARM.exidx     0x00000000        0x8 c:/program files (x86)/cypress/psoc creator/4.2/psoc creator/import/gnu/arm/5.4.1/bin/../lib/gcc/arm-none-eabi/5.4.1/../../../../arm-none-eabi/lib/armv7-m/crt0.o
 .text          0x00000000        0x0 .\CortexM3\ARM_GCC_541\Debug\main.o
 .bss           0x00000000        0x0 .\CortexM3\ARM_GCC_541\Debug\main.o
 .text          0x00000000        0x0 .\CortexM3\ARM_GCC_541\Debug\cyfitter_cfg.o
 .data          0x00000000        0x0 .\CortexM3\ARM_GCC_541\Debug\cyfitter_cfg.o
 .bss           0x00000000        0x0 .\CortexM3\ARM_GCC_541\Debug\cyfitter_cfg.o
 .text.SetAnalogRoutingPumps
                0x00000000       0x10 .\CortexM3\ARM_GCC_541\Debug\cyfitter_cfg.o
 .text          0x00000000        0x0 .\CortexM3\ARM_GCC_541\Debug\cymetadata.o
 .data          0x00000000        0x0 .\CortexM3\ARM_GCC_541\Debug\cymetadata.o
 .bss           0x00000000        0x0 .\CortexM3\ARM_GCC_541\Debug\cymetadata.o
 .text          0x00000000        0x0 .\CortexM3\ARM_GCC_541\Debug\Cm3Start.o
 .data          0x00000000        0x4 .\CortexM3\ARM_GCC_541\Debug\Cm3Start.o
 .bss           0x00000000        0x0 .\CortexM3\ARM_GCC_541\Debug\Cm3Start.o
 .text._exit    0x00000000        0xc .\CortexM3\ARM_GCC_541\Debug\Cm3Start.o
 .text._sbrk    0x00000000       0x30 .\CortexM3\ARM_GCC_541\Debug\Cm3Start.o
 .text          0x00000000        0x0 .\CortexM3\ARM_GCC_541\Debug\Dimer con PWM.a(PWM.o)
 .data          0x00000000        0x0 .\CortexM3\ARM_GCC_541\Debug\Dimer con PWM.a(PWM.o)
 .text.PWM_Stop
                0x00000000       0x10 .\CortexM3\ARM_GCC_541\Debug\Dimer con PWM.a(PWM.o)
 .text.PWM_ReadCounter
                0x00000000       0x14 .\CortexM3\ARM_GCC_541\Debug\Dimer con PWM.a(PWM.o)
 .text.PWM_ReadControlRegister
                0x00000000        0xc .\CortexM3\ARM_GCC_541\Debug\Dimer con PWM.a(PWM.o)
 .text.PWM_WriteControlRegister
                0x00000000        0xc .\CortexM3\ARM_GCC_541\Debug\Dimer con PWM.a(PWM.o)
 .text.PWM_ReadCompare1
                0x00000000        0xc .\CortexM3\ARM_GCC_541\Debug\Dimer con PWM.a(PWM.o)
 .text.PWM_ReadCompare2
                0x00000000        0xc .\CortexM3\ARM_GCC_541\Debug\Dimer con PWM.a(PWM.o)
 .text.PWM_ReadPeriod
                0x00000000        0xc .\CortexM3\ARM_GCC_541\Debug\Dimer con PWM.a(PWM.o)
 .text          0x00000000        0x0 .\CortexM3\ARM_GCC_541\Debug\Dimer con PWM.a(CyLib.o)
 .bss           0x00000000       0x1c .\CortexM3\ARM_GCC_541\Debug\Dimer con PWM.a(CyLib.o)
 .text.CyUSB_PowerOnCheck
                0x00000000       0x48 .\CortexM3\ARM_GCC_541\Debug\Dimer con PWM.a(CyLib.o)
 .text.CyBusClk_Internal_SetDivider
                0x00000000       0x48 .\CortexM3\ARM_GCC_541\Debug\Dimer con PWM.a(CyLib.o)
 .text.CyPLL_OUT_Stop
                0x00000000       0x10 .\CortexM3\ARM_GCC_541\Debug\Dimer con PWM.a(CyLib.o)
 .text.CyIMO_Stop
                0x00000000       0x1c .\CortexM3\ARM_GCC_541\Debug\Dimer con PWM.a(CyLib.o)
 .text.CyIMO_EnableDoubler
                0x00000000       0x10 .\CortexM3\ARM_GCC_541\Debug\Dimer con PWM.a(CyLib.o)
 .text.CyIMO_DisableDoubler
                0x00000000       0x10 .\CortexM3\ARM_GCC_541\Debug\Dimer con PWM.a(CyLib.o)
 .text.CyMasterClk_SetSource
                0x00000000       0x18 .\CortexM3\ARM_GCC_541\Debug\Dimer con PWM.a(CyLib.o)
 .text.CyMasterClk_SetDivider
                0x00000000        0xc .\CortexM3\ARM_GCC_541\Debug\Dimer con PWM.a(CyLib.o)
 .text.CyBusClk_SetDivider
                0x00000000       0x70 .\CortexM3\ARM_GCC_541\Debug\Dimer con PWM.a(CyLib.o)
 .text.CyUsbClk_SetSource
                0x00000000       0x18 .\CortexM3\ARM_GCC_541\Debug\Dimer con PWM.a(CyLib.o)
 .text.CyILO_Start1K
                0x00000000       0x10 .\CortexM3\ARM_GCC_541\Debug\Dimer con PWM.a(CyLib.o)
 .text.CyILO_Stop1K
                0x00000000       0x10 .\CortexM3\ARM_GCC_541\Debug\Dimer con PWM.a(CyLib.o)
 .text.CyILO_Start100K
                0x00000000       0x10 .\CortexM3\ARM_GCC_541\Debug\Dimer con PWM.a(CyLib.o)
 .text.CyILO_Stop100K
                0x00000000       0x10 .\CortexM3\ARM_GCC_541\Debug\Dimer con PWM.a(CyLib.o)
 .text.CyPLL_OUT_Start
                0x00000000       0x78 .\CortexM3\ARM_GCC_541\Debug\Dimer con PWM.a(CyLib.o)
 .text.CyIMO_Start
                0x00000000       0x60 .\CortexM3\ARM_GCC_541\Debug\Dimer con PWM.a(CyLib.o)
 .text.CyILO_Enable33K
                0x00000000       0x10 .\CortexM3\ARM_GCC_541\Debug\Dimer con PWM.a(CyLib.o)
 .text.CyILO_Disable33K
                0x00000000       0x10 .\CortexM3\ARM_GCC_541\Debug\Dimer con PWM.a(CyLib.o)
 .text.CyILO_SetSource
                0x00000000       0x18 .\CortexM3\ARM_GCC_541\Debug\Dimer con PWM.a(CyLib.o)
 .text.CyILO_SetPowerMode
                0x00000000       0x24 .\CortexM3\ARM_GCC_541\Debug\Dimer con PWM.a(CyLib.o)
 .text.CyXTAL_32KHZ_Stop
                0x00000000       0x30 .\CortexM3\ARM_GCC_541\Debug\Dimer con PWM.a(CyLib.o)
 .text.CyXTAL_32KHZ_ReadStatus
                0x00000000       0x10 .\CortexM3\ARM_GCC_541\Debug\Dimer con PWM.a(CyLib.o)
 .text.CyXTAL_Start
                0x00000000       0xac .\CortexM3\ARM_GCC_541\Debug\Dimer con PWM.a(CyLib.o)
 .text.CyXTAL_Stop
                0x00000000       0x10 .\CortexM3\ARM_GCC_541\Debug\Dimer con PWM.a(CyLib.o)
 .text.CyXTAL_EnableErrStatus
                0x00000000       0x10 .\CortexM3\ARM_GCC_541\Debug\Dimer con PWM.a(CyLib.o)
 .text.CyXTAL_DisableErrStatus
                0x00000000       0x10 .\CortexM3\ARM_GCC_541\Debug\Dimer con PWM.a(CyLib.o)
 .text.CyXTAL_ReadStatus
                0x00000000       0x18 .\CortexM3\ARM_GCC_541\Debug\Dimer con PWM.a(CyLib.o)
 .text.CyXTAL_EnableFaultRecovery
                0x00000000       0x10 .\CortexM3\ARM_GCC_541\Debug\Dimer con PWM.a(CyLib.o)
 .text.CyXTAL_DisableFaultRecovery
                0x00000000       0x10 .\CortexM3\ARM_GCC_541\Debug\Dimer con PWM.a(CyLib.o)
 .text.CyXTAL_SetStartup
                0x00000000       0x18 .\CortexM3\ARM_GCC_541\Debug\Dimer con PWM.a(CyLib.o)
 .text.CyXTAL_SetFbVoltage
                0x00000000       0x18 .\CortexM3\ARM_GCC_541\Debug\Dimer con PWM.a(CyLib.o)
 .text.CyXTAL_SetWdVoltage
                0x00000000       0x18 .\CortexM3\ARM_GCC_541\Debug\Dimer con PWM.a(CyLib.o)
 .text.CyHalt   0x00000000        0x4 .\CortexM3\ARM_GCC_541\Debug\Dimer con PWM.a(CyLib.o)
 .text.CyPLL_OUT_SetPQ
                0x00000000       0x60 .\CortexM3\ARM_GCC_541\Debug\Dimer con PWM.a(CyLib.o)
 .text.CyPLL_OUT_SetSource
                0x00000000       0x34 .\CortexM3\ARM_GCC_541\Debug\Dimer con PWM.a(CyLib.o)
 .text.CyIMO_SetTrimValue
                0x00000000       0xcc .\CortexM3\ARM_GCC_541\Debug\Dimer con PWM.a(CyLib.o)
 .text.CyIMO_SetFreq
                0x00000000       0xf4 .\CortexM3\ARM_GCC_541\Debug\Dimer con PWM.a(CyLib.o)
 .text.CyIMO_SetSource
                0x00000000       0x58 .\CortexM3\ARM_GCC_541\Debug\Dimer con PWM.a(CyLib.o)
 .text.CySoftwareReset
                0x00000000       0x10 .\CortexM3\ARM_GCC_541\Debug\Dimer con PWM.a(CyLib.o)
 .text.CyXTAL_32KHZ_SetPowerMode
                0x00000000       0x84 .\CortexM3\ARM_GCC_541\Debug\Dimer con PWM.a(CyLib.o)
 .text.CyXTAL_32KHZ_Start
                0x00000000       0x74 .\CortexM3\ARM_GCC_541\Debug\Dimer con PWM.a(CyLib.o)
 .text.CyDelayFreq
                0x00000000       0x4c .\CortexM3\ARM_GCC_541\Debug\Dimer con PWM.a(CyLib.o)
 .text.CyWdtStart
                0x00000000       0x40 .\CortexM3\ARM_GCC_541\Debug\Dimer con PWM.a(CyLib.o)
 .text.CyWdtClear
                0x00000000        0xc .\CortexM3\ARM_GCC_541\Debug\Dimer con PWM.a(CyLib.o)
 .text.CyVdStickyStatus
                0x00000000       0x2c .\CortexM3\ARM_GCC_541\Debug\Dimer con PWM.a(CyLib.o)
 .text.CyVdLvDigitEnable
                0x00000000       0x84 .\CortexM3\ARM_GCC_541\Debug\Dimer con PWM.a(CyLib.o)
 .text.CyVdLvAnalogEnable
                0x00000000       0x80 .\CortexM3\ARM_GCC_541\Debug\Dimer con PWM.a(CyLib.o)
 .text.CyVdLvDigitDisable
                0x00000000       0x30 .\CortexM3\ARM_GCC_541\Debug\Dimer con PWM.a(CyLib.o)
 .text.CyVdLvAnalogDisable
                0x00000000       0x28 .\CortexM3\ARM_GCC_541\Debug\Dimer con PWM.a(CyLib.o)
 .text.CyVdHvAnalogEnable
                0x00000000       0x54 .\CortexM3\ARM_GCC_541\Debug\Dimer con PWM.a(CyLib.o)
 .text.CyVdHvAnalogDisable
                0x00000000       0x20 .\CortexM3\ARM_GCC_541\Debug\Dimer con PWM.a(CyLib.o)
 .text.CyVdRealTimeStatus
                0x00000000       0x1c .\CortexM3\ARM_GCC_541\Debug\Dimer con PWM.a(CyLib.o)
 .text.CyDisableInts
                0x00000000       0x1c .\CortexM3\ARM_GCC_541\Debug\Dimer con PWM.a(CyLib.o)
 .text.CyEnableInts
                0x00000000       0x18 .\CortexM3\ARM_GCC_541\Debug\Dimer con PWM.a(CyLib.o)
 .text.CyFlushCache
                0x00000000       0x44 .\CortexM3\ARM_GCC_541\Debug\Dimer con PWM.a(CyLib.o)
 .text.CyIntSetSysVector
                0x00000000       0x28 .\CortexM3\ARM_GCC_541\Debug\Dimer con PWM.a(CyLib.o)
 .text.CyIntGetSysVector
                0x00000000       0x20 .\CortexM3\ARM_GCC_541\Debug\Dimer con PWM.a(CyLib.o)
 .text.CyIntSetVector
                0x00000000       0x28 .\CortexM3\ARM_GCC_541\Debug\Dimer con PWM.a(CyLib.o)
 .text.CyIntGetVector
                0x00000000       0x24 .\CortexM3\ARM_GCC_541\Debug\Dimer con PWM.a(CyLib.o)
 .text.CyIntSetPriority
                0x00000000       0x30 .\CortexM3\ARM_GCC_541\Debug\Dimer con PWM.a(CyLib.o)
 .text.CyIntGetPriority
                0x00000000       0x20 .\CortexM3\ARM_GCC_541\Debug\Dimer con PWM.a(CyLib.o)
 .text.CyIntGetState
                0x00000000       0x24 .\CortexM3\ARM_GCC_541\Debug\Dimer con PWM.a(CyLib.o)
 .text.CySysTickStop
                0x00000000       0x10 .\CortexM3\ARM_GCC_541\Debug\Dimer con PWM.a(CyLib.o)
 .text.CySysTickEnableInterrupt
                0x00000000       0x10 .\CortexM3\ARM_GCC_541\Debug\Dimer con PWM.a(CyLib.o)
 .text.CySysTickEnable
                0x00000000       0x18 .\CortexM3\ARM_GCC_541\Debug\Dimer con PWM.a(CyLib.o)
 .text.CySysTickDisableInterrupt
                0x00000000       0x10 .\CortexM3\ARM_GCC_541\Debug\Dimer con PWM.a(CyLib.o)
 .text.CySysTickSetReload
                0x00000000       0x10 .\CortexM3\ARM_GCC_541\Debug\Dimer con PWM.a(CyLib.o)
 .text.CySysTickGetReload
                0x00000000       0x10 .\CortexM3\ARM_GCC_541\Debug\Dimer con PWM.a(CyLib.o)
 .text.CySysTickGetValue
                0x00000000       0x10 .\CortexM3\ARM_GCC_541\Debug\Dimer con PWM.a(CyLib.o)
 .text.CySysTickSetClockSource
                0x00000000       0x20 .\CortexM3\ARM_GCC_541\Debug\Dimer con PWM.a(CyLib.o)
 .text.CySysTickGetClockSource
                0x00000000       0x10 .\CortexM3\ARM_GCC_541\Debug\Dimer con PWM.a(CyLib.o)
 .text.CySysTickGetCountFlag
                0x00000000       0x10 .\CortexM3\ARM_GCC_541\Debug\Dimer con PWM.a(CyLib.o)
 .text.CySysTickServiceCallbacks
                0x00000000       0x28 .\CortexM3\ARM_GCC_541\Debug\Dimer con PWM.a(CyLib.o)
 .text.CySysTickClear
                0x00000000        0xc .\CortexM3\ARM_GCC_541\Debug\Dimer con PWM.a(CyLib.o)
 .text.CySysTickInit
                0x00000000       0x58 .\CortexM3\ARM_GCC_541\Debug\Dimer con PWM.a(CyLib.o)
 .text.CySysTickStart
                0x00000000       0x1c .\CortexM3\ARM_GCC_541\Debug\Dimer con PWM.a(CyLib.o)
 .text.CySysTickSetCallback
                0x00000000       0x10 .\CortexM3\ARM_GCC_541\Debug\Dimer con PWM.a(CyLib.o)
 .text.CySysTickGetCallback
                0x00000000       0x10 .\CortexM3\ARM_GCC_541\Debug\Dimer con PWM.a(CyLib.o)
 .text.CyGetUniqueId
                0x00000000       0x70 .\CortexM3\ARM_GCC_541\Debug\Dimer con PWM.a(CyLib.o)
 .text          0x00000000        0x0 .\CortexM3\ARM_GCC_541\Debug\Dimer con PWM.a(cyPm.o)
 .data          0x00000000        0x0 .\CortexM3\ARM_GCC_541\Debug\Dimer con PWM.a(cyPm.o)
 .bss           0x00000000       0x43 .\CortexM3\ARM_GCC_541\Debug\Dimer con PWM.a(cyPm.o)
 .text.CyPmHibSlpSaveSet
                0x00000000      0x1dc .\CortexM3\ARM_GCC_541\Debug\Dimer con PWM.a(cyPm.o)
 .text.CyPmHibSlpRestore
                0x00000000       0xd8 .\CortexM3\ARM_GCC_541\Debug\Dimer con PWM.a(cyPm.o)
 .text.CyPmHviLviSaveDisable
                0x00000000       0xa0 .\CortexM3\ARM_GCC_541\Debug\Dimer con PWM.a(cyPm.o)
 .text.CyPmHibSaveSet
                0x00000000       0x98 .\CortexM3\ARM_GCC_541\Debug\Dimer con PWM.a(cyPm.o)
 .text.CyPmHviLviRestore
                0x00000000       0x48 .\CortexM3\ARM_GCC_541\Debug\Dimer con PWM.a(cyPm.o)
 .text.CyPmHibRestore
                0x00000000       0x60 .\CortexM3\ARM_GCC_541\Debug\Dimer con PWM.a(cyPm.o)
 .text.CyPmSaveClocks
                0x00000000      0x218 .\CortexM3\ARM_GCC_541\Debug\Dimer con PWM.a(cyPm.o)
 .text.CyPmRestoreClocks
                0x00000000      0x24c .\CortexM3\ARM_GCC_541\Debug\Dimer con PWM.a(cyPm.o)
 .text.CyPmAltAct
                0x00000000       0x6c .\CortexM3\ARM_GCC_541\Debug\Dimer con PWM.a(cyPm.o)
 .text.CyPmSleep
                0x00000000       0xf4 .\CortexM3\ARM_GCC_541\Debug\Dimer con PWM.a(cyPm.o)
 .text.CyPmHibernateEx
                0x00000000       0xf4 .\CortexM3\ARM_GCC_541\Debug\Dimer con PWM.a(cyPm.o)
 .text.CyPmHibernate
                0x00000000        0xc .\CortexM3\ARM_GCC_541\Debug\Dimer con PWM.a(cyPm.o)
 .text.CyPmReadStatus
                0x00000000       0x30 .\CortexM3\ARM_GCC_541\Debug\Dimer con PWM.a(cyPm.o)
 .text.CyPmCtwSetInterval
                0x00000000       0x5c .\CortexM3\ARM_GCC_541\Debug\Dimer con PWM.a(cyPm.o)
 .text.CyPmOppsSet
                0x00000000       0x2c .\CortexM3\ARM_GCC_541\Debug\Dimer con PWM.a(cyPm.o)
 .text.CyPmFtwSetInterval
                0x00000000       0x5c .\CortexM3\ARM_GCC_541\Debug\Dimer con PWM.a(cyPm.o)
 .rodata        0x00000000        0xf .\CortexM3\ARM_GCC_541\Debug\Dimer con PWM.a(cyPm.o)
 .text          0x00000000        0x0 .\CortexM3\ARM_GCC_541\Debug\Dimer con PWM.a(LCD.o)
 .data          0x00000000        0x0 .\CortexM3\ARM_GCC_541\Debug\Dimer con PWM.a(LCD.o)
 .text.LCD_PutChar
                0x00000000        0x8 .\CortexM3\ARM_GCC_541\Debug\Dimer con PWM.a(LCD.o)
 .text.LCD_Stop
                0x00000000       0x14 .\CortexM3\ARM_GCC_541\Debug\Dimer con PWM.a(LCD.o)
 .text.LCD_PrintInt8
                0x00000000       0x20 .\CortexM3\ARM_GCC_541\Debug\Dimer con PWM.a(LCD.o)
 .text.LCD_PrintInt16
                0x00000000       0x14 .\CortexM3\ARM_GCC_541\Debug\Dimer con PWM.a(LCD.o)
 .text.LCD_PrintInt32
                0x00000000       0x1c .\CortexM3\ARM_GCC_541\Debug\Dimer con PWM.a(LCD.o)
 .rodata        0x00000000       0x10 .\CortexM3\ARM_GCC_541\Debug\Dimer con PWM.a(LCD.o)
 .text          0x00000000        0x0 .\CortexM3\ARM_GCC_541\Debug\Dimer con PWM.a(ISR_MI.o)
 .data          0x00000000        0x0 .\CortexM3\ARM_GCC_541\Debug\Dimer con PWM.a(ISR_MI.o)
 .bss           0x00000000        0x0 .\CortexM3\ARM_GCC_541\Debug\Dimer con PWM.a(ISR_MI.o)
 .text.ISR_MI_Interrupt
                0x00000000        0x4 .\CortexM3\ARM_GCC_541\Debug\Dimer con PWM.a(ISR_MI.o)
 .text.ISR_MI_GetVector
                0x00000000        0xc .\CortexM3\ARM_GCC_541\Debug\Dimer con PWM.a(ISR_MI.o)
 .text.ISR_MI_GetPriority
                0x00000000        0xc .\CortexM3\ARM_GCC_541\Debug\Dimer con PWM.a(ISR_MI.o)
 .text.ISR_MI_GetState
                0x00000000       0x18 .\CortexM3\ARM_GCC_541\Debug\Dimer con PWM.a(ISR_MI.o)
 .text.ISR_MI_Start
                0x00000000       0x1c .\CortexM3\ARM_GCC_541\Debug\Dimer con PWM.a(ISR_MI.o)
 .text.ISR_MI_Stop
                0x00000000       0x14 .\CortexM3\ARM_GCC_541\Debug\Dimer con PWM.a(ISR_MI.o)
 .text.ISR_MI_SetPending
                0x00000000        0xc .\CortexM3\ARM_GCC_541\Debug\Dimer con PWM.a(ISR_MI.o)
 .text.ISR_MI_ClearPending
                0x00000000        0xc .\CortexM3\ARM_GCC_541\Debug\Dimer con PWM.a(ISR_MI.o)
 .text          0x00000000        0x0 .\CortexM3\ARM_GCC_541\Debug\Dimer con PWM.a(ISR_HO.o)
 .data          0x00000000        0x0 .\CortexM3\ARM_GCC_541\Debug\Dimer con PWM.a(ISR_HO.o)
 .bss           0x00000000        0x0 .\CortexM3\ARM_GCC_541\Debug\Dimer con PWM.a(ISR_HO.o)
 .text.ISR_HO_Interrupt
                0x00000000        0x4 .\CortexM3\ARM_GCC_541\Debug\Dimer con PWM.a(ISR_HO.o)
 .text.ISR_HO_GetVector
                0x00000000        0xc .\CortexM3\ARM_GCC_541\Debug\Dimer con PWM.a(ISR_HO.o)
 .text.ISR_HO_GetPriority
                0x00000000        0xc .\CortexM3\ARM_GCC_541\Debug\Dimer con PWM.a(ISR_HO.o)
 .text.ISR_HO_GetState
                0x00000000       0x18 .\CortexM3\ARM_GCC_541\Debug\Dimer con PWM.a(ISR_HO.o)
 .text.ISR_HO_Start
                0x00000000       0x1c .\CortexM3\ARM_GCC_541\Debug\Dimer con PWM.a(ISR_HO.o)
 .text.ISR_HO_Stop
                0x00000000       0x14 .\CortexM3\ARM_GCC_541\Debug\Dimer con PWM.a(ISR_HO.o)
 .text.ISR_HO_SetPending
                0x00000000        0xc .\CortexM3\ARM_GCC_541\Debug\Dimer con PWM.a(ISR_HO.o)
 .text.ISR_HO_ClearPending
                0x00000000        0xc .\CortexM3\ARM_GCC_541\Debug\Dimer con PWM.a(ISR_HO.o)
 .text          0x00000000        0x0 .\CortexM3\ARM_GCC_541\Debug\Dimer con PWM.a(ISR_SE.o)
 .data          0x00000000        0x0 .\CortexM3\ARM_GCC_541\Debug\Dimer con PWM.a(ISR_SE.o)
 .bss           0x00000000        0x0 .\CortexM3\ARM_GCC_541\Debug\Dimer con PWM.a(ISR_SE.o)
 .text.ISR_SE_Interrupt
                0x00000000        0x4 .\CortexM3\ARM_GCC_541\Debug\Dimer con PWM.a(ISR_SE.o)
 .text.ISR_SE_GetVector
                0x00000000        0xc .\CortexM3\ARM_GCC_541\Debug\Dimer con PWM.a(ISR_SE.o)
 .text.ISR_SE_GetPriority
                0x00000000        0xc .\CortexM3\ARM_GCC_541\Debug\Dimer con PWM.a(ISR_SE.o)
 .text.ISR_SE_GetState
                0x00000000       0x18 .\CortexM3\ARM_GCC_541\Debug\Dimer con PWM.a(ISR_SE.o)
 .text.ISR_SE_Start
                0x00000000       0x1c .\CortexM3\ARM_GCC_541\Debug\Dimer con PWM.a(ISR_SE.o)
 .text.ISR_SE_Stop
                0x00000000       0x14 .\CortexM3\ARM_GCC_541\Debug\Dimer con PWM.a(ISR_SE.o)
 .text.ISR_SE_SetPending
                0x00000000        0xc .\CortexM3\ARM_GCC_541\Debug\Dimer con PWM.a(ISR_SE.o)
 .text.ISR_SE_ClearPending
                0x00000000        0xc .\CortexM3\ARM_GCC_541\Debug\Dimer con PWM.a(ISR_SE.o)
 .text          0x00000000        0x0 .\CortexM3\ARM_GCC_541\Debug\Dimer con PWM.a(ISR_DI.o)
 .data          0x00000000        0x0 .\CortexM3\ARM_GCC_541\Debug\Dimer con PWM.a(ISR_DI.o)
 .bss           0x00000000        0x0 .\CortexM3\ARM_GCC_541\Debug\Dimer con PWM.a(ISR_DI.o)
 .text.ISR_DI_Interrupt
                0x00000000        0x4 .\CortexM3\ARM_GCC_541\Debug\Dimer con PWM.a(ISR_DI.o)
 .text.ISR_DI_GetVector
                0x00000000        0xc .\CortexM3\ARM_GCC_541\Debug\Dimer con PWM.a(ISR_DI.o)
 .text.ISR_DI_GetPriority
                0x00000000        0xc .\CortexM3\ARM_GCC_541\Debug\Dimer con PWM.a(ISR_DI.o)
 .text.ISR_DI_GetState
                0x00000000       0x10 .\CortexM3\ARM_GCC_541\Debug\Dimer con PWM.a(ISR_DI.o)
 .text.ISR_DI_Start
                0x00000000       0x1c .\CortexM3\ARM_GCC_541\Debug\Dimer con PWM.a(ISR_DI.o)
 .text.ISR_DI_Stop
                0x00000000       0x14 .\CortexM3\ARM_GCC_541\Debug\Dimer con PWM.a(ISR_DI.o)
 .text.ISR_DI_SetPending
                0x00000000        0xc .\CortexM3\ARM_GCC_541\Debug\Dimer con PWM.a(ISR_DI.o)
 .text.ISR_DI_ClearPending
                0x00000000        0xc .\CortexM3\ARM_GCC_541\Debug\Dimer con PWM.a(ISR_DI.o)
 .data          0x00000000        0x0 .\CortexM3\ARM_GCC_541\Debug\Dimer con PWM.a(CyBootAsmGnu.o)
 .bss           0x00000000        0x0 .\CortexM3\ARM_GCC_541\Debug\Dimer con PWM.a(CyBootAsmGnu.o)
 .text          0x00000000        0x0 .\CortexM3\ARM_GCC_541\Debug\Dimer con PWM.a(CyFlash.o)
 .data          0x00000000        0x0 .\CortexM3\ARM_GCC_541\Debug\Dimer con PWM.a(CyFlash.o)
 .bss           0x00000000        0x0 .\CortexM3\ARM_GCC_541\Debug\Dimer con PWM.a(CyFlash.o)
 .text.CySetTempInt
                0x00000000       0x60 .\CortexM3\ARM_GCC_541\Debug\Dimer con PWM.a(CyFlash.o)
 .text.CyFlash_Start
                0x00000000       0x54 .\CortexM3\ARM_GCC_541\Debug\Dimer con PWM.a(CyFlash.o)
 .text.CyFlash_Stop
                0x00000000       0x24 .\CortexM3\ARM_GCC_541\Debug\Dimer con PWM.a(CyFlash.o)
 .text.CyFlash_EraseRow
                0x00000000       0x78 .\CortexM3\ARM_GCC_541\Debug\Dimer con PWM.a(CyFlash.o)
 .text.CyFlashGetSpcAlgorithm
                0x00000000       0x4c .\CortexM3\ARM_GCC_541\Debug\Dimer con PWM.a(CyFlash.o)
 .text.CySetTemp
                0x00000000       0x14 .\CortexM3\ARM_GCC_541\Debug\Dimer con PWM.a(CyFlash.o)
 .text.CySetFlashEEBuffer
                0x00000000       0x20 .\CortexM3\ARM_GCC_541\Debug\Dimer con PWM.a(CyFlash.o)
 .text.CyWriteRowFull
                0x00000000       0xf8 .\CortexM3\ARM_GCC_541\Debug\Dimer con PWM.a(CyFlash.o)
 .text.CyWriteRowData
                0x00000000       0x14 .\CortexM3\ARM_GCC_541\Debug\Dimer con PWM.a(CyFlash.o)
 .text.CyFlash_SetWaitCycles
                0x00000000       0x7c .\CortexM3\ARM_GCC_541\Debug\Dimer con PWM.a(CyFlash.o)
 .text.CyEEPROM_Start
                0x00000000       0x54 .\CortexM3\ARM_GCC_541\Debug\Dimer con PWM.a(CyFlash.o)
 .text.CyEEPROM_Stop
                0x00000000       0x24 .\CortexM3\ARM_GCC_541\Debug\Dimer con PWM.a(CyFlash.o)
 .text.CyEEPROM_ReadReserve
                0x00000000       0x1c .\CortexM3\ARM_GCC_541\Debug\Dimer con PWM.a(CyFlash.o)
 .text.CyEEPROM_ReadRelease
                0x00000000       0x10 .\CortexM3\ARM_GCC_541\Debug\Dimer con PWM.a(CyFlash.o)
 COMMON         0x00000000        0x2 .\CortexM3\ARM_GCC_541\Debug\Dimer con PWM.a(CyFlash.o)
 .text          0x00000000        0x0 .\CortexM3\ARM_GCC_541\Debug\Dimer con PWM.a(CySpc.o)
 .data          0x00000000        0x0 .\CortexM3\ARM_GCC_541\Debug\Dimer con PWM.a(CySpc.o)
 .bss           0x00000000        0x8 .\CortexM3\ARM_GCC_541\Debug\Dimer con PWM.a(CySpc.o)
 .text.CySpcStart
                0x00000000       0x24 .\CortexM3\ARM_GCC_541\Debug\Dimer con PWM.a(CySpc.o)
 .text.CySpcStop
                0x00000000       0x24 .\CortexM3\ARM_GCC_541\Debug\Dimer con PWM.a(CySpc.o)
 .text.CySpcReadData
                0x00000000       0x34 .\CortexM3\ARM_GCC_541\Debug\Dimer con PWM.a(CySpc.o)
 .text.CySpcLoadMultiByte
                0x00000000       0x78 .\CortexM3\ARM_GCC_541\Debug\Dimer con PWM.a(CySpc.o)
 .text.CySpcLoadRow
                0x00000000       0x50 .\CortexM3\ARM_GCC_541\Debug\Dimer con PWM.a(CySpc.o)
 .text.CySpcLoadRowFull
                0x00000000       0x80 .\CortexM3\ARM_GCC_541\Debug\Dimer con PWM.a(CySpc.o)
 .text.CySpcWriteRow
                0x00000000       0x4c .\CortexM3\ARM_GCC_541\Debug\Dimer con PWM.a(CySpc.o)
 .text.CySpcEraseSector
                0x00000000       0x3c .\CortexM3\ARM_GCC_541\Debug\Dimer con PWM.a(CySpc.o)
 .text.CySpcEraseRow
                0x00000000       0x4c .\CortexM3\ARM_GCC_541\Debug\Dimer con PWM.a(CySpc.o)
 .text.CySpcGetTemp
                0x00000000       0x3c .\CortexM3\ARM_GCC_541\Debug\Dimer con PWM.a(CySpc.o)
 .text.CySpcLock
                0x00000000       0x4c .\CortexM3\ARM_GCC_541\Debug\Dimer con PWM.a(CySpc.o)
 .text.CySpcUnlock
                0x00000000       0x38 .\CortexM3\ARM_GCC_541\Debug\Dimer con PWM.a(CySpc.o)
 .text.CySpcGetAlgorithm
                0x00000000       0x28 .\CortexM3\ARM_GCC_541\Debug\Dimer con PWM.a(CySpc.o)
 .text          0x00000000        0x0 c:/program files (x86)/cypress/psoc creator/4.2/psoc creator/import/gnu/arm/5.4.1/bin/../lib/gcc/arm-none-eabi/5.4.1/../../../../arm-none-eabi/lib/armv7-m\libg_nano.a(lib_a-errno.o)
 .data          0x00000000        0x0 c:/program files (x86)/cypress/psoc creator/4.2/psoc creator/import/gnu/arm/5.4.1/bin/../lib/gcc/arm-none-eabi/5.4.1/../../../../arm-none-eabi/lib/armv7-m\libg_nano.a(lib_a-errno.o)
 .bss           0x00000000        0x0 c:/program files (x86)/cypress/psoc creator/4.2/psoc creator/import/gnu/arm/5.4.1/bin/../lib/gcc/arm-none-eabi/5.4.1/../../../../arm-none-eabi/lib/armv7-m\libg_nano.a(lib_a-errno.o)
 .text          0x00000000        0x0 c:/program files (x86)/cypress/psoc creator/4.2/psoc creator/import/gnu/arm/5.4.1/bin/../lib/gcc/arm-none-eabi/5.4.1/../../../../arm-none-eabi/lib/armv7-m\libg_nano.a(lib_a-exit.o)
 .data          0x00000000        0x0 c:/program files (x86)/cypress/psoc creator/4.2/psoc creator/import/gnu/arm/5.4.1/bin/../lib/gcc/arm-none-eabi/5.4.1/../../../../arm-none-eabi/lib/armv7-m\libg_nano.a(lib_a-exit.o)
 .bss           0x00000000        0x0 c:/program files (x86)/cypress/psoc creator/4.2/psoc creator/import/gnu/arm/5.4.1/bin/../lib/gcc/arm-none-eabi/5.4.1/../../../../arm-none-eabi/lib/armv7-m\libg_nano.a(lib_a-exit.o)
 .text.exit     0x00000000       0x28 c:/program files (x86)/cypress/psoc creator/4.2/psoc creator/import/gnu/arm/5.4.1/bin/../lib/gcc/arm-none-eabi/5.4.1/../../../../arm-none-eabi/lib/armv7-m\libg_nano.a(lib_a-exit.o)
 .text          0x00000000        0x0 c:/program files (x86)/cypress/psoc creator/4.2/psoc creator/import/gnu/arm/5.4.1/bin/../lib/gcc/arm-none-eabi/5.4.1/../../../../arm-none-eabi/lib/armv7-m\libg_nano.a(lib_a-impure.o)
 .data          0x00000000        0x0 c:/program files (x86)/cypress/psoc creator/4.2/psoc creator/import/gnu/arm/5.4.1/bin/../lib/gcc/arm-none-eabi/5.4.1/../../../../arm-none-eabi/lib/armv7-m\libg_nano.a(lib_a-impure.o)
 .bss           0x00000000        0x0 c:/program files (x86)/cypress/psoc creator/4.2/psoc creator/import/gnu/arm/5.4.1/bin/../lib/gcc/arm-none-eabi/5.4.1/../../../../arm-none-eabi/lib/armv7-m\libg_nano.a(lib_a-impure.o)
 .rodata._global_impure_ptr
                0x00000000        0x4 c:/program files (x86)/cypress/psoc creator/4.2/psoc creator/import/gnu/arm/5.4.1/bin/../lib/gcc/arm-none-eabi/5.4.1/../../../../arm-none-eabi/lib/armv7-m\libg_nano.a(lib_a-impure.o)
 .text          0x00000000        0x0 c:/program files (x86)/cypress/psoc creator/4.2/psoc creator/import/gnu/arm/5.4.1/bin/../lib/gcc/arm-none-eabi/5.4.1/../../../../arm-none-eabi/lib/armv7-m\libg_nano.a(lib_a-init.o)
 .data          0x00000000        0x0 c:/program files (x86)/cypress/psoc creator/4.2/psoc creator/import/gnu/arm/5.4.1/bin/../lib/gcc/arm-none-eabi/5.4.1/../../../../arm-none-eabi/lib/armv7-m\libg_nano.a(lib_a-init.o)
 .bss           0x00000000        0x0 c:/program files (x86)/cypress/psoc creator/4.2/psoc creator/import/gnu/arm/5.4.1/bin/../lib/gcc/arm-none-eabi/5.4.1/../../../../arm-none-eabi/lib/armv7-m\libg_nano.a(lib_a-init.o)
 .text          0x00000000        0x0 c:/program files (x86)/cypress/psoc creator/4.2/psoc creator/import/gnu/arm/5.4.1/bin/../lib/gcc/arm-none-eabi/5.4.1/../../../../arm-none-eabi/lib/armv7-m\libg_nano.a(lib_a-memcpy-stub.o)
 .data          0x00000000        0x0 c:/program files (x86)/cypress/psoc creator/4.2/psoc creator/import/gnu/arm/5.4.1/bin/../lib/gcc/arm-none-eabi/5.4.1/../../../../arm-none-eabi/lib/armv7-m\libg_nano.a(lib_a-memcpy-stub.o)
 .bss           0x00000000        0x0 c:/program files (x86)/cypress/psoc creator/4.2/psoc creator/import/gnu/arm/5.4.1/bin/../lib/gcc/arm-none-eabi/5.4.1/../../../../arm-none-eabi/lib/armv7-m\libg_nano.a(lib_a-memcpy-stub.o)
 .text          0x00000000        0x0 c:/program files (x86)/cypress/psoc creator/4.2/psoc creator/import/gnu/arm/5.4.1/bin/../lib/gcc/arm-none-eabi/5.4.1/../../../../arm-none-eabi/lib/armv7-m\libg_nano.a(lib_a-memset.o)
 .data          0x00000000        0x0 c:/program files (x86)/cypress/psoc creator/4.2/psoc creator/import/gnu/arm/5.4.1/bin/../lib/gcc/arm-none-eabi/5.4.1/../../../../arm-none-eabi/lib/armv7-m\libg_nano.a(lib_a-memset.o)
 .bss           0x00000000        0x0 c:/program files (x86)/cypress/psoc creator/4.2/psoc creator/import/gnu/arm/5.4.1/bin/../lib/gcc/arm-none-eabi/5.4.1/../../../../arm-none-eabi/lib/armv7-m\libg_nano.a(lib_a-memset.o)
 .text          0x00000000        0x0 c:/program files (x86)/cypress/psoc creator/4.2/psoc creator/import/gnu/arm/5.4.1/bin/../lib/gcc/arm-none-eabi/5.4.1/armv7-m/crtend.o
 .data          0x00000000        0x0 c:/program files (x86)/cypress/psoc creator/4.2/psoc creator/import/gnu/arm/5.4.1/bin/../lib/gcc/arm-none-eabi/5.4.1/armv7-m/crtend.o
 .bss           0x00000000        0x0 c:/program files (x86)/cypress/psoc creator/4.2/psoc creator/import/gnu/arm/5.4.1/bin/../lib/gcc/arm-none-eabi/5.4.1/armv7-m/crtend.o
 .text          0x00000000        0x0 c:/program files (x86)/cypress/psoc creator/4.2/psoc creator/import/gnu/arm/5.4.1/bin/../lib/gcc/arm-none-eabi/5.4.1/armv7-m/crtn.o
 .data          0x00000000        0x0 c:/program files (x86)/cypress/psoc creator/4.2/psoc creator/import/gnu/arm/5.4.1/bin/../lib/gcc/arm-none-eabi/5.4.1/armv7-m/crtn.o
 .bss           0x00000000        0x0 c:/program files (x86)/cypress/psoc creator/4.2/psoc creator/import/gnu/arm/5.4.1/bin/../lib/gcc/arm-none-eabi/5.4.1/armv7-m/crtn.o

Memory Configuration

Name             Origin             Length             Attributes
rom              0x00000000         0x00040000         xr
ram              0x1fff8000         0x00010000         xrw
*default*        0x00000000         0xffffffff

Linker script and memory map

LOAD c:/program files (x86)/cypress/psoc creator/4.2/psoc creator/import/gnu/arm/5.4.1/bin/../lib/gcc/arm-none-eabi/5.4.1/armv7-m/crti.o
LOAD c:/program files (x86)/cypress/psoc creator/4.2/psoc creator/import/gnu/arm/5.4.1/bin/../lib/gcc/arm-none-eabi/5.4.1/armv7-m/crtbegin.o
LOAD c:/program files (x86)/cypress/psoc creator/4.2/psoc creator/import/gnu/arm/5.4.1/bin/../lib/gcc/arm-none-eabi/5.4.1/../../../../arm-none-eabi/lib/armv7-m/crt0.o
START GROUP
LOAD .\CortexM3\ARM_GCC_541\Debug\main.o
LOAD .\CortexM3\ARM_GCC_541\Debug\cyfitter_cfg.o
LOAD .\CortexM3\ARM_GCC_541\Debug\cymetadata.o
LOAD .\CortexM3\ARM_GCC_541\Debug\Cm3Start.o
LOAD .\CortexM3\ARM_GCC_541\Debug\Dimer con PWM.a
LOAD C:\Program Files (x86)\Cypress\PSoC Creator\4.2\PSoC Creator\psoc\content\cycomponentlibrary\CyComponentLibrary.cylib\CortexM3\ARM_GCC_541\Debug\CyComponentLibrary.a
END GROUP
START GROUP
LOAD c:/program files (x86)/cypress/psoc creator/4.2/psoc creator/import/gnu/arm/5.4.1/bin/../lib/gcc/arm-none-eabi/5.4.1/armv7-m\libgcc.a
LOAD c:/program files (x86)/cypress/psoc creator/4.2/psoc creator/import/gnu/arm/5.4.1/bin/../lib/gcc/arm-none-eabi/5.4.1/../../../../arm-none-eabi/lib/armv7-m\libg_nano.a
LOAD c:/program files (x86)/cypress/psoc creator/4.2/psoc creator/import/gnu/arm/5.4.1/bin/../lib/gcc/arm-none-eabi/5.4.1/../../../../arm-none-eabi/lib/armv7-m\libc_nano.a
END GROUP
START GROUP
LOAD c:/program files (x86)/cypress/psoc creator/4.2/psoc creator/import/gnu/arm/5.4.1/bin/../lib/gcc/arm-none-eabi/5.4.1/armv7-m\libgcc.a
LOAD c:/program files (x86)/cypress/psoc creator/4.2/psoc creator/import/gnu/arm/5.4.1/bin/../lib/gcc/arm-none-eabi/5.4.1/../../../../arm-none-eabi/lib/armv7-m\libc_nano.a
END GROUP
LOAD c:/program files (x86)/cypress/psoc creator/4.2/psoc creator/import/gnu/arm/5.4.1/bin/../lib/gcc/arm-none-eabi/5.4.1/armv7-m/crtend.o
LOAD c:/program files (x86)/cypress/psoc creator/4.2/psoc creator/import/gnu/arm/5.4.1/bin/../lib/gcc/arm-none-eabi/5.4.1/armv7-m/crtn.o
START GROUP
LOAD c:/program files (x86)/cypress/psoc creator/4.2/psoc creator/import/gnu/arm/5.4.1/bin/../lib/gcc/arm-none-eabi/5.4.1/armv7-m\libgcc.a
LOAD c:/program files (x86)/cypress/psoc creator/4.2/psoc creator/import/gnu/arm/5.4.1/bin/../lib/gcc/arm-none-eabi/5.4.1/../../../../arm-none-eabi/lib/armv7-m\libc.a
LOAD c:/program files (x86)/cypress/psoc creator/4.2/psoc creator/import/gnu/arm/5.4.1/bin/../lib/gcc/arm-none-eabi/5.4.1/../../../../arm-none-eabi/lib/armv7-m\libnosys.a
END GROUP
                0x00000000                CY_APPL_ORIGIN = 0x0
                0x00000100                CY_FLASH_ROW_SIZE = 0x100
                0x00000020                CY_ECC_ROW_SIZE = 0x20
                0x00000000                CY_EE_IN_BTLDR = 0x0
                0x00000000                CY_APPL_LOADABLE = 0x0
                0x00000800                CY_EE_SIZE = 0x800
                0x00000001                CY_APPL_NUM = 0x1
                0x00000001                CY_APPL_MAX = 0x1
                0x00000040                CY_METADATA_SIZE = 0x40
                0x00000000                CY_APPL_LOADABLE = 0x0
                0x00000000                CY_CHECKSUM_EXCLUDE_SIZE = ALIGN (0x0, CY_FLASH_ROW_SIZE)
                [!provide]                PROVIDE (__cy_heap_start, _end)
                0x00000001                PROVIDE (__cy_region_num, ((__cy_regions_end - __cy_regions) / 0x10))
                0x20008000                PROVIDE (__cy_stack, (ORIGIN (ram) + LENGTH (ram)))
                [!provide]                PROVIDE (__cy_heap_end, (__cy_stack - 0x800))

.cybootloader   0x00000000        0x0
 *(.cybootloader)
                0x00000000                appl1_start = CY_APPL_ORIGIN?CY_APPL_ORIGIN:ALIGN (CY_FLASH_ROW_SIZE)
                0x0001ff00                appl2_start = (appl1_start + ALIGN ((((LENGTH (rom) - appl1_start) - (0x2 * CY_FLASH_ROW_SIZE)) / 0x2), CY_FLASH_ROW_SIZE))
                0x00000000                appl_start = (CY_APPL_NUM == 0x1)?appl1_start:appl2_start
                0x00000000                ecc_offset = ((appl_start / CY_FLASH_ROW_SIZE) * CY_ECC_ROW_SIZE)
                0x00000000                ee_offset = (CY_APPL_LOADABLE && ! (CY_EE_IN_BTLDR))?((CY_EE_SIZE / CY_APPL_MAX) * (CY_APPL_NUM - 0x1)):0x0
                0x00000800                ee_size = (CY_APPL_LOADABLE && ! (CY_EE_IN_BTLDR))?(CY_EE_SIZE / CY_APPL_MAX):CY_EE_SIZE
                [!provide]                PROVIDE (CY_ECC_OFFSET, ecc_offset)

.text           0x00000000      0xc06
 CREATE_OBJECT_SYMBOLS
                0x00000000                PROVIDE (__cy_interrupt_vector, RomVectors)
 *(.romvectors)
 .romvectors    0x00000000       0x10 .\CortexM3\ARM_GCC_541\Debug\Cm3Start.o
                0x00000000                RomVectors
                0x00000001                ASSERT ((. != __cy_interrupt_vector), No interrupt vector)
                0x00000001                ASSERT (CY_APPL_ORIGIN?(SIZEOF (.cybootloader) <= CY_APPL_ORIGIN):0x1, Wrong image location)
                0x00000010                PROVIDE (__cy_reset, Reset)
 *(.text.Reset)
 .text.Reset    0x00000010       0x18 .\CortexM3\ARM_GCC_541\Debug\Cm3Start.o
                0x00000010                Reset
                0x00000001                ASSERT ((. != __cy_reset), No reset code)
 *(.dma_init)
                0x00000001                ASSERT ((((appl_start + .) <= 0x10000) || 0x1), DMA Init must be within the first 64k of flash)
 *(.text .text.* .gnu.linkonce.t.*)
 .text          0x00000028       0x5c c:/program files (x86)/cypress/psoc creator/4.2/psoc creator/import/gnu/arm/5.4.1/bin/../lib/gcc/arm-none-eabi/5.4.1/armv7-m/crtbegin.o
 .text.INT_DI   0x00000084       0x30 .\CortexM3\ARM_GCC_541\Debug\main.o
                0x00000084                INT_DI
 .text.INT_HO   0x000000b4       0x20 .\CortexM3\ARM_GCC_541\Debug\main.o
                0x000000b4                INT_HO
 .text.INT_MI   0x000000d4       0x20 .\CortexM3\ARM_GCC_541\Debug\main.o
                0x000000d4                INT_MI
 .text.INT_SE   0x000000f4        0x4 .\CortexM3\ARM_GCC_541\Debug\main.o
                0x000000f4                INT_SE
 .text.visual   0x000000f8       0x28 .\CortexM3\ARM_GCC_541\Debug\main.o
                0x000000f8                visual
 .text.Numero   0x00000120       0xbc .\CortexM3\ARM_GCC_541\Debug\main.o
                0x00000120                Numero
 .text.main     0x000001dc      0x14c .\CortexM3\ARM_GCC_541\Debug\main.o
                0x000001dc                main
 .text.CyClockStartupError
                0x00000328        0x4 .\CortexM3\ARM_GCC_541\Debug\cyfitter_cfg.o
 .text.cfg_write_bytes32
                0x0000032c       0x34 .\CortexM3\ARM_GCC_541\Debug\cyfitter_cfg.o
 .text.AnalogSetDefault
                0x00000360       0x28 .\CortexM3\ARM_GCC_541\Debug\cyfitter_cfg.o
 .text.CYMEMZERO
                0x00000388        0xc .\CortexM3\ARM_GCC_541\Debug\cyfitter_cfg.o
 .text.ClockSetup
                0x00000394       0xb8 .\CortexM3\ARM_GCC_541\Debug\cyfitter_cfg.o
 .text.CYCONFIGCPY
                0x0000044c        0x8 .\CortexM3\ARM_GCC_541\Debug\cyfitter_cfg.o
 .text.cyfitter_cfg
                0x00000454       0xf0 .\CortexM3\ARM_GCC_541\Debug\cyfitter_cfg.o
                0x00000454                cyfitter_cfg
 .text.IntDefaultHandler
                0x00000544       0x10 .\CortexM3\ARM_GCC_541\Debug\Cm3Start.o
                0x00000544                IntDefaultHandler
 .text.Start_c  0x00000554       0x4c .\CortexM3\ARM_GCC_541\Debug\Cm3Start.o
                0x00000554                Start_c
 .text.initialize_psoc
                0x000005a0       0x68 .\CortexM3\ARM_GCC_541\Debug\Cm3Start.o
                0x000005a0                initialize_psoc
 .text.PWM_Enable
                0x00000608       0x10 .\CortexM3\ARM_GCC_541\Debug\Dimer con PWM.a(PWM.o)
                0x00000608                PWM_Enable
 .text.PWM_WriteCounter
                0x00000618        0xc .\CortexM3\ARM_GCC_541\Debug\Dimer con PWM.a(PWM.o)
                0x00000618                PWM_WriteCounter
 .text.PWM_WritePeriod
                0x00000624        0xc .\CortexM3\ARM_GCC_541\Debug\Dimer con PWM.a(PWM.o)
                0x00000624                PWM_WritePeriod
 .text.PWM_WriteCompare1
                0x00000630        0xc .\CortexM3\ARM_GCC_541\Debug\Dimer con PWM.a(PWM.o)
                0x00000630                PWM_WriteCompare1
 .text.PWM_WriteCompare2
                0x0000063c        0xc .\CortexM3\ARM_GCC_541\Debug\Dimer con PWM.a(PWM.o)
                0x0000063c                PWM_WriteCompare2
 .text.PWM_SetInterruptMode
                0x00000648        0xc .\CortexM3\ARM_GCC_541\Debug\Dimer con PWM.a(PWM.o)
                0x00000648                PWM_SetInterruptMode
 .text.PWM_ReadStatusRegister
                0x00000654        0xc .\CortexM3\ARM_GCC_541\Debug\Dimer con PWM.a(PWM.o)
                0x00000654                PWM_ReadStatusRegister
 .text.PWM_ReadCapture
                0x00000660        0xc .\CortexM3\ARM_GCC_541\Debug\Dimer con PWM.a(PWM.o)
                0x00000660                PWM_ReadCapture
 .text.PWM_ClearFIFO
                0x0000066c       0x14 .\CortexM3\ARM_GCC_541\Debug\Dimer con PWM.a(PWM.o)
                0x0000066c                PWM_ClearFIFO
 .text.PWM_Init
                0x00000680       0x68 .\CortexM3\ARM_GCC_541\Debug\Dimer con PWM.a(PWM.o)
                0x00000680                PWM_Init
 .text.PWM_Start
                0x000006e8       0x1c .\CortexM3\ARM_GCC_541\Debug\Dimer con PWM.a(PWM.o)
                0x000006e8                PWM_Start
 .text.CyDelay  0x00000704       0x2c .\CortexM3\ARM_GCC_541\Debug\Dimer con PWM.a(CyLib.o)
                0x00000704                CyDelay
 .text.CyDelayUs
                0x00000730       0x14 .\CortexM3\ARM_GCC_541\Debug\Dimer con PWM.a(CyLib.o)
                0x00000730                CyDelayUs
 .text.LCD_WrCntrlNib
                0x00000744       0x34 .\CortexM3\ARM_GCC_541\Debug\Dimer con PWM.a(LCD.o)
 .text.LCD_WrDatNib
                0x00000778       0x44 .\CortexM3\ARM_GCC_541\Debug\Dimer con PWM.a(LCD.o)
 .text.LCD_IsReady
                0x000007bc       0xe4 .\CortexM3\ARM_GCC_541\Debug\Dimer con PWM.a(LCD.o)
                0x000007bc                LCD_IsReady
 .text.LCD_WriteData
                0x000008a0       0x18 .\CortexM3\ARM_GCC_541\Debug\Dimer con PWM.a(LCD.o)
                0x000008a0                LCD_WriteData
 .text.LCD_PrintString
                0x000008b8       0x1c .\CortexM3\ARM_GCC_541\Debug\Dimer con PWM.a(LCD.o)
                0x000008b8                LCD_PrintString
 .text.LCD_WriteControl
                0x000008d4       0x18 .\CortexM3\ARM_GCC_541\Debug\Dimer con PWM.a(LCD.o)
                0x000008d4                LCD_WriteControl
 .text.LCD_Init
                0x000008ec       0x6c .\CortexM3\ARM_GCC_541\Debug\Dimer con PWM.a(LCD.o)
                0x000008ec                LCD_Init
 .text.LCD_Enable
                0x00000958       0x14 .\CortexM3\ARM_GCC_541\Debug\Dimer con PWM.a(LCD.o)
                0x00000958                LCD_Enable
 .text.LCD_Start
                0x0000096c       0x1c .\CortexM3\ARM_GCC_541\Debug\Dimer con PWM.a(LCD.o)
                0x0000096c                LCD_Start
 .text.LCD_Position
                0x00000988       0x3c .\CortexM3\ARM_GCC_541\Debug\Dimer con PWM.a(LCD.o)
                0x00000988                LCD_Position
 .text.LCD_PrintU32Number
                0x000009c4       0x64 .\CortexM3\ARM_GCC_541\Debug\Dimer con PWM.a(LCD.o)
                0x000009c4                LCD_PrintU32Number
 .text.ISR_MI_SetVector
                0x00000a28        0xc .\CortexM3\ARM_GCC_541\Debug\Dimer con PWM.a(ISR_MI.o)
                0x00000a28                ISR_MI_SetVector
 .text.ISR_MI_SetPriority
                0x00000a34       0x10 .\CortexM3\ARM_GCC_541\Debug\Dimer con PWM.a(ISR_MI.o)
                0x00000a34                ISR_MI_SetPriority
 .text.ISR_MI_Enable
                0x00000a44        0xc .\CortexM3\ARM_GCC_541\Debug\Dimer con PWM.a(ISR_MI.o)
                0x00000a44                ISR_MI_Enable
 .text.ISR_MI_Disable
                0x00000a50        0xc .\CortexM3\ARM_GCC_541\Debug\Dimer con PWM.a(ISR_MI.o)
                0x00000a50                ISR_MI_Disable
 .text.ISR_MI_StartEx
                0x00000a5c       0x1c .\CortexM3\ARM_GCC_541\Debug\Dimer con PWM.a(ISR_MI.o)
                0x00000a5c                ISR_MI_StartEx
 .text.ISR_HO_SetVector
                0x00000a78        0xc .\CortexM3\ARM_GCC_541\Debug\Dimer con PWM.a(ISR_HO.o)
                0x00000a78                ISR_HO_SetVector
 .text.ISR_HO_SetPriority
                0x00000a84       0x10 .\CortexM3\ARM_GCC_541\Debug\Dimer con PWM.a(ISR_HO.o)
                0x00000a84                ISR_HO_SetPriority
 .text.ISR_HO_Enable
                0x00000a94        0xc .\CortexM3\ARM_GCC_541\Debug\Dimer con PWM.a(ISR_HO.o)
                0x00000a94                ISR_HO_Enable
 .text.ISR_HO_Disable
                0x00000aa0        0xc .\CortexM3\ARM_GCC_541\Debug\Dimer con PWM.a(ISR_HO.o)
                0x00000aa0                ISR_HO_Disable
 .text.ISR_HO_StartEx
                0x00000aac       0x1c .\CortexM3\ARM_GCC_541\Debug\Dimer con PWM.a(ISR_HO.o)
                0x00000aac                ISR_HO_StartEx
 .text.ISR_SE_SetVector
                0x00000ac8        0xc .\CortexM3\ARM_GCC_541\Debug\Dimer con PWM.a(ISR_SE.o)
                0x00000ac8                ISR_SE_SetVector
 .text.ISR_SE_SetPriority
                0x00000ad4       0x10 .\CortexM3\ARM_GCC_541\Debug\Dimer con PWM.a(ISR_SE.o)
                0x00000ad4                ISR_SE_SetPriority
 .text.ISR_SE_Enable
                0x00000ae4        0xc .\CortexM3\ARM_GCC_541\Debug\Dimer con PWM.a(ISR_SE.o)
                0x00000ae4                ISR_SE_Enable
 .text.ISR_SE_Disable
                0x00000af0        0xc .\CortexM3\ARM_GCC_541\Debug\Dimer con PWM.a(ISR_SE.o)
                0x00000af0                ISR_SE_Disable
 .text.ISR_SE_StartEx
                0x00000afc       0x1c .\CortexM3\ARM_GCC_541\Debug\Dimer con PWM.a(ISR_SE.o)
                0x00000afc                ISR_SE_StartEx
 .text.ISR_DI_SetVector
                0x00000b18        0xc .\CortexM3\ARM_GCC_541\Debug\Dimer con PWM.a(ISR_DI.o)
                0x00000b18                ISR_DI_SetVector
 .text.ISR_DI_SetPriority
                0x00000b24       0x10 .\CortexM3\ARM_GCC_541\Debug\Dimer con PWM.a(ISR_DI.o)
                0x00000b24                ISR_DI_SetPriority
 .text.ISR_DI_Enable
                0x00000b34        0xc .\CortexM3\ARM_GCC_541\Debug\Dimer con PWM.a(ISR_DI.o)
                0x00000b34                ISR_DI_Enable
 .text.ISR_DI_Disable
                0x00000b40        0xc .\CortexM3\ARM_GCC_541\Debug\Dimer con PWM.a(ISR_DI.o)
                0x00000b40                ISR_DI_Disable
 .text.ISR_DI_StartEx
                0x00000b4c       0x1c .\CortexM3\ARM_GCC_541\Debug\Dimer con PWM.a(ISR_DI.o)
                0x00000b4c                ISR_DI_StartEx
 .text          0x00000b68       0x20 .\CortexM3\ARM_GCC_541\Debug\Dimer con PWM.a(CyBootAsmGnu.o)
                0x00000b68                CyDelayCycles
                0x00000b78                CyEnterCriticalSection
                0x00000b80                CyExitCriticalSection
 .text.__errno  0x00000b88        0xc c:/program files (x86)/cypress/psoc creator/4.2/psoc creator/import/gnu/arm/5.4.1/bin/../lib/gcc/arm-none-eabi/5.4.1/../../../../arm-none-eabi/lib/armv7-m\libg_nano.a(lib_a-errno.o)
                0x00000b88                __errno
 .text.__libc_init_array
                0x00000b94       0x4c c:/program files (x86)/cypress/psoc creator/4.2/psoc creator/import/gnu/arm/5.4.1/bin/../lib/gcc/arm-none-eabi/5.4.1/../../../../arm-none-eabi/lib/armv7-m\libg_nano.a(lib_a-init.o)
                0x00000b94                __libc_init_array
 .text.memcpy   0x00000be0       0x16 c:/program files (x86)/cypress/psoc creator/4.2/psoc creator/import/gnu/arm/5.4.1/bin/../lib/gcc/arm-none-eabi/5.4.1/../../../../arm-none-eabi/lib/armv7-m\libg_nano.a(lib_a-memcpy-stub.o)
                0x00000be0                memcpy
 .text.memset   0x00000bf6       0x10 c:/program files (x86)/cypress/psoc creator/4.2/psoc creator/import/gnu/arm/5.4.1/bin/../lib/gcc/arm-none-eabi/5.4.1/../../../../arm-none-eabi/lib/armv7-m\libg_nano.a(lib_a-memset.o)
                0x00000bf6                memset
 *(.plt)
 *(.gnu.warning)
 *(.glue_7t)
 .glue_7t       0x00000c06        0x0 linker stubs
 *(.glue_7)
 .glue_7        0x00000c06        0x0 linker stubs
 *(.vfp11_veneer)
 .vfp11_veneer  0x00000c06        0x0 linker stubs
 *(.bootloader)
 *(.ARM.extab* .gnu.linkonce.armextab.*)
 *(.gcc_except_table)

.v4_bx          0x00000c08        0x0
 .v4_bx         0x00000c08        0x0 linker stubs

.iplt           0x00000c08        0x0
 .iplt          0x00000c08        0x0 c:/program files (x86)/cypress/psoc creator/4.2/psoc creator/import/gnu/arm/5.4.1/bin/../lib/gcc/arm-none-eabi/5.4.1/armv7-m/crtbegin.o

.eh_frame_hdr
 *(.eh_frame_hdr)

.eh_frame       0x00000c08        0x4
 *(.eh_frame)
 .eh_frame      0x00000c08        0x0 c:/program files (x86)/cypress/psoc creator/4.2/psoc creator/import/gnu/arm/5.4.1/bin/../lib/gcc/arm-none-eabi/5.4.1/armv7-m/crtbegin.o
 .eh_frame      0x00000c08        0x4 c:/program files (x86)/cypress/psoc creator/4.2/psoc creator/import/gnu/arm/5.4.1/bin/../lib/gcc/arm-none-eabi/5.4.1/armv7-m/crtend.o
                [!provide]                PROVIDE (__exidx_start, .)

.ARM.exidx
 *(.ARM.exidx* .gnu.linkonce.armexidx.*)
                0x00000c0c                __exidx_end = .

.rodata         0x00000c0c       0x84
 *(.rodata .rodata.* .gnu.linkonce.r.*)
 .rodata.str1.4
                0x00000c0c       0x18 .\CortexM3\ARM_GCC_541\Debug\main.o
                                 0x17 (size before relaxing)
 .rodata        0x00000c24       0x30 .\CortexM3\ARM_GCC_541\Debug\cyfitter_cfg.o
 .rodata.str1.1
                0x00000c54        0x2 c:/program files (x86)/cypress/psoc creator/4.2/psoc creator/import/gnu/arm/5.4.1/bin/../lib/gcc/arm-none-eabi/5.4.1/../../../../arm-none-eabi/lib/armv7-m\libg_nano.a(lib_a-impure.o)
                0x00000c58                . = ALIGN (0x4)
 *fill*         0x00000c56        0x2 
 *(.init)
 .init          0x00000c58        0x4 c:/program files (x86)/cypress/psoc creator/4.2/psoc creator/import/gnu/arm/5.4.1/bin/../lib/gcc/arm-none-eabi/5.4.1/armv7-m/crti.o
                0x00000c58                _init
 .init          0x00000c5c        0x8 c:/program files (x86)/cypress/psoc creator/4.2/psoc creator/import/gnu/arm/5.4.1/bin/../lib/gcc/arm-none-eabi/5.4.1/armv7-m/crtn.o
                0x00000c64                . = ALIGN (0x4)
                0x00000c64                __preinit_array_start = .
 *(.preinit_array)
                0x00000c64                __preinit_array_end = .
                0x00000c64                . = ALIGN (0x4)
                0x00000c64                __init_array_start = .
 *(SORT(.init_array.*))
 *(.init_array)
 .init_array    0x00000c64        0x4 c:/program files (x86)/cypress/psoc creator/4.2/psoc creator/import/gnu/arm/5.4.1/bin/../lib/gcc/arm-none-eabi/5.4.1/armv7-m/crtbegin.o
 .init_array    0x00000c68        0x4 .\CortexM3\ARM_GCC_541\Debug\Cm3Start.o
                0x00000c6c                __init_array_end = .
                0x00000c6c                . = ALIGN (0x4)
 *(.fini)
 .fini          0x00000c6c        0x4 c:/program files (x86)/cypress/psoc creator/4.2/psoc creator/import/gnu/arm/5.4.1/bin/../lib/gcc/arm-none-eabi/5.4.1/armv7-m/crti.o
                0x00000c6c                _fini
 .fini          0x00000c70        0x8 c:/program files (x86)/cypress/psoc creator/4.2/psoc creator/import/gnu/arm/5.4.1/bin/../lib/gcc/arm-none-eabi/5.4.1/armv7-m/crtn.o
                0x00000c78                . = ALIGN (0x4)
                0x00000c78                __fini_array_start = .
 *(.fini_array)
 .fini_array    0x00000c78        0x4 c:/program files (x86)/cypress/psoc creator/4.2/psoc creator/import/gnu/arm/5.4.1/bin/../lib/gcc/arm-none-eabi/5.4.1/armv7-m/crtbegin.o
 *(SORT(.fini_array.*))
                0x00000c7c                __fini_array_end = .
                0x00000c7c                . = ALIGN (0x4)
 *crtbegin.o(.ctors)
 *(EXCLUDE_FILE(*crtend.o) .ctors)
 *(SORT(.ctors.*))
 *crtend.o(.ctors)
                0x00000c7c                . = ALIGN (0x4)
 *crtbegin.o(.dtors)
 *(EXCLUDE_FILE(*crtend.o) .dtors)
 *(SORT(.dtors.*))
 *crtend.o(.dtors)
                0x00000c7c                . = ALIGN (0x4)
                0x00000c7c                __cy_regions = .
                0x00000c7c        0x4 LONG 0xc90 __cy_region_init_ram
                0x00000c80        0x4 LONG 0x1fff80c8 __cy_region_start_data
                0x00000c84        0x4 LONG 0xb0 __cy_region_init_size_ram
                0x00000c88        0x4 LONG 0x28 __cy_region_zero_size_ram
                0x00000c8c                __cy_regions_end = .
                0x00000c90                . = ALIGN (0x8)
 *fill*         0x00000c8c        0x4 
                0x00000c90                _etext = .

.cy_checksum_exclude
                0x00000c90        0x0
 *(.cy_checksum_exclude)

.ramvectors     0x1fff8000       0xc0
                0x1fff8000                __cy_region_start_ram = .
 *(.ramvectors)
 .ramvectors    0x1fff8000       0xc0 .\CortexM3\ARM_GCC_541\Debug\Cm3Start.o
                0x1fff8000                CyRamVectors

.noinit         0x1fff80c0        0x1
 *(.noinit)
 .noinit        0x1fff80c0        0x1 .\CortexM3\ARM_GCC_541\Debug\Dimer con PWM.a(CyLib.o)
                0x1fff80c0                CyResetStatus

.data           0x1fff80c8       0xb0 load address 0x00000c90
                0x1fff80c8                __cy_region_start_data = .
 *(.jcr)
 .jcr           0x1fff80c8        0x0 c:/program files (x86)/cypress/psoc creator/4.2/psoc creator/import/gnu/arm/5.4.1/bin/../lib/gcc/arm-none-eabi/5.4.1/armv7-m/crtbegin.o
 .jcr           0x1fff80c8        0x4 c:/program files (x86)/cypress/psoc creator/4.2/psoc creator/import/gnu/arm/5.4.1/bin/../lib/gcc/arm-none-eabi/5.4.1/armv7-m/crtend.o
 *(.got.plt)
 *(.got)
 *(.shdata)
 *(.data .data.* .gnu.linkonce.d.*)
 .data          0x1fff80cc       0x33 .\CortexM3\ARM_GCC_541\Debug\main.o
                0x1fff80cc                Inferior
                0x1fff80d8                Superior
                0x1fff80e4                PasosS
                0x1fff80fe                de
 *fill*         0x1fff80ff        0x1 
 .data          0x1fff8100       0x10 .\CortexM3\ARM_GCC_541\Debug\Dimer con PWM.a(CyLib.o)
                0x1fff8100                cydelay_32k_ms
                0x1fff8104                cydelay_freq_khz
                0x1fff8108                cydelay_freq_mhz
                0x1fff810c                cydelay_freq_hz
 .data.impure_data
                0x1fff8110       0x60 c:/program files (x86)/cypress/psoc creator/4.2/psoc creator/import/gnu/arm/5.4.1/bin/../lib/gcc/arm-none-eabi/5.4.1/../../../../arm-none-eabi/lib/armv7-m\libg_nano.a(lib_a-impure.o)
 .data._impure_ptr
                0x1fff8170        0x4 c:/program files (x86)/cypress/psoc creator/4.2/psoc creator/import/gnu/arm/5.4.1/bin/../lib/gcc/arm-none-eabi/5.4.1/../../../../arm-none-eabi/lib/armv7-m\libg_nano.a(lib_a-impure.o)
                0x1fff8170                _impure_ptr
                0x1fff8178                . = ALIGN (0x8)
 *fill*         0x1fff8174        0x4 
 *(.ram)
                0x1fff8178                _edata = .

.igot.plt       0x1fff8178        0x0 load address 0x00000d40
 .igot.plt      0x1fff8178        0x0 c:/program files (x86)/cypress/psoc creator/4.2/psoc creator/import/gnu/arm/5.4.1/bin/../lib/gcc/arm-none-eabi/5.4.1/armv7-m/crtbegin.o

.bss            0x1fff8178       0x28 load address 0x00000d40
                0x1fff8178                PROVIDE (__bss_start__, .)
 *(.shbss)
 *(.bss .bss.* .gnu.linkonce.b.*)
 .bss           0x1fff8178       0x1c c:/program files (x86)/cypress/psoc creator/4.2/psoc creator/import/gnu/arm/5.4.1/bin/../lib/gcc/arm-none-eabi/5.4.1/armv7-m/crtbegin.o
 .bss           0x1fff8194        0x1 .\CortexM3\ARM_GCC_541\Debug\Dimer con PWM.a(PWM.o)
                0x1fff8194                PWM_initVar
 .bss           0x1fff8195        0x2 .\CortexM3\ARM_GCC_541\Debug\Dimer con PWM.a(LCD.o)
                0x1fff8195                LCD_enableState
                0x1fff8196                LCD_initVar
 *(COMMON)
 *fill*         0x1fff8197        0x1 
 COMMON         0x1fff8198        0x6 .\CortexM3\ARM_GCC_541\Debug\main.o
                0x1fff8198                hora
                0x1fff8199                seg
                0x1fff819a                medio_dia
                0x1fff819b                min
                0x1fff819c                count
                0x1fff81a0                . = ALIGN (0x8)
 *fill*         0x1fff819e        0x2 
 *(.ram.b)
                0x1fff81a0                _end = .
                0x1fff81a0                __end = .
                0x1fff81a0                PROVIDE (end, .)
                0x1fff81a0                PROVIDE (__bss_end__, .)
                0x00000c90                __cy_region_init_ram = LOADADDR (.data)
                0x000000b0                __cy_region_init_size_ram = (_edata - ADDR (.data))
                0x00000028                __cy_region_zero_size_ram = (_end - _edata)

.heap           0x1fff81a0       0x80 load address 0x00000d40
                0x1fff81a0                . = _end
                0x1fff8220                . = (. + 0x80)
 *fill*         0x1fff81a0       0x80 
                0x1fff8220                __cy_heap_limit = .

.stack          0x20007800      0x800
                0x20007800                __cy_stack_limit = .
                0x20008000                . = (. + 0x800)
 *fill*         0x20007800      0x800 
                0x00000001                ASSERT ((__cy_stack_limit >= __cy_heap_limit), region RAM overflowed with stack)
                0x00000000                cy_checksum_exclude_size = (CY_APPL_LOADABLE == 0x1)?SIZEOF (.cy_checksum_exclude):0x0
                0x00000001                ASSERT ((cy_checksum_exclude_size <= CY_CHECKSUM_EXCLUDE_SIZE), CY_BOOT: Section .cy_checksum_exclude size exceedes specified limit.)

.cyloadermeta
 *(.cyloadermeta)

.cyloadablemeta
 *(.cyloadablemeta)

.cyconfigecc    0x80000000      0x2dc
 *(.cyconfigecc)
 .cyconfigecc   0x80000000      0x2dc .\CortexM3\ARM_GCC_541\Debug\cymetadata.o
                0x80000000                cy_meta_configecc

.cycustnvl      0x90000000        0x4
 *(.cycustnvl)
 .cycustnvl     0x90000000        0x4 .\CortexM3\ARM_GCC_541\Debug\cymetadata.o
                0x90000000                cy_meta_custnvl

.cywolatch      0x90100000        0x4
 *(.cywolatch)
 .cywolatch     0x90100000        0x4 .\CortexM3\ARM_GCC_541\Debug\cymetadata.o
                0x90100000                cy_meta_wonvl

.cyeeprom       0x90200000        0x0
 *(.cyeeprom)
                0x00000001                ASSERT ((. <= ((0x90200000 + ee_offset) + ee_size)), .cyeeprom data will not fit in EEPROM)

.cyflashprotect
                0x90400000      0x100
 *(.cyflashprotect)
 .cyflashprotect
                0x90400000      0x100 .\CortexM3\ARM_GCC_541\Debug\cymetadata.o
                0x90400000                cy_meta_flashprotect

.cymeta         0x90500000        0xc
 *(.cymeta)
 .cymeta        0x90500000        0xc .\CortexM3\ARM_GCC_541\Debug\cymetadata.o
                0x90500000                cy_metadata

.rel.dyn        0x00000d40        0x0 load address 0x9050000c
 .rel.iplt      0x00000d40        0x0 c:/program files (x86)/cypress/psoc creator/4.2/psoc creator/import/gnu/arm/5.4.1/bin/../lib/gcc/arm-none-eabi/5.4.1/armv7-m/crtbegin.o

.stab
 *(.stab)

.stabstr
 *(.stabstr)

.debug
 *(.debug)

.line
 *(.line)

.debug_srcinfo
 *(.debug_srcinfo)

.debug_sfnames
 *(.debug_sfnames)

.debug_aranges  0x00000000      0x8a8
 *(.debug_aranges)
 .debug_aranges
                0x00000000       0x50 .\CortexM3\ARM_GCC_541\Debug\main.o
 .debug_aranges
                0x00000050       0x58 .\CortexM3\ARM_GCC_541\Debug\cyfitter_cfg.o
 .debug_aranges
                0x000000a8       0x18 .\CortexM3\ARM_GCC_541\Debug\cymetadata.o
 .debug_aranges
                0x000000c0       0x48 .\CortexM3\ARM_GCC_541\Debug\Cm3Start.o
 .debug_aranges
                0x00000108       0xa8 .\CortexM3\ARM_GCC_541\Debug\Dimer con PWM.a(PWM.o)
 .debug_aranges
                0x000001b0      0x2a0 .\CortexM3\ARM_GCC_541\Debug\Dimer con PWM.a(CyLib.o)
 .debug_aranges
                0x00000450       0x98 .\CortexM3\ARM_GCC_541\Debug\Dimer con PWM.a(cyPm.o)
 .debug_aranges
                0x000004e8       0x98 .\CortexM3\ARM_GCC_541\Debug\Dimer con PWM.a(LCD.o)
 .debug_aranges
                0x00000580       0x80 .\CortexM3\ARM_GCC_541\Debug\Dimer con PWM.a(ISR_MI.o)
 .debug_aranges
                0x00000600       0x80 .\CortexM3\ARM_GCC_541\Debug\Dimer con PWM.a(ISR_HO.o)
 .debug_aranges
                0x00000680       0x80 .\CortexM3\ARM_GCC_541\Debug\Dimer con PWM.a(ISR_SE.o)
 .debug_aranges
                0x00000700       0x80 .\CortexM3\ARM_GCC_541\Debug\Dimer con PWM.a(ISR_DI.o)
 .debug_aranges
                0x00000780       0x20 .\CortexM3\ARM_GCC_541\Debug\Dimer con PWM.a(CyBootAsmGnu.o)
 .debug_aranges
                0x000007a0       0x88 .\CortexM3\ARM_GCC_541\Debug\Dimer con PWM.a(CyFlash.o)
 .debug_aranges
                0x00000828       0x80 .\CortexM3\ARM_GCC_541\Debug\Dimer con PWM.a(CySpc.o)

.debug_pubnames
 *(.debug_pubnames)

.debug_info     0x00000000     0x50f3
 *(.debug_info .gnu.linkonce.wi.*)
 .debug_info    0x00000000      0x767 .\CortexM3\ARM_GCC_541\Debug\main.o
 .debug_info    0x00000767      0x4c9 .\CortexM3\ARM_GCC_541\Debug\cyfitter_cfg.o
 .debug_info    0x00000c30      0x135 .\CortexM3\ARM_GCC_541\Debug\cymetadata.o
 .debug_info    0x00000d65      0x3bb .\CortexM3\ARM_GCC_541\Debug\Cm3Start.o
 .debug_info    0x00001120      0x3a4 .\CortexM3\ARM_GCC_541\Debug\Dimer con PWM.a(PWM.o)
 .debug_info    0x000014c4     0x1374 .\CortexM3\ARM_GCC_541\Debug\Dimer con PWM.a(CyLib.o)
 .debug_info    0x00002838      0xa2a .\CortexM3\ARM_GCC_541\Debug\Dimer con PWM.a(cyPm.o)
 .debug_info    0x00003262      0x715 .\CortexM3\ARM_GCC_541\Debug\Dimer con PWM.a(LCD.o)
 .debug_info    0x00003977      0x2d2 .\CortexM3\ARM_GCC_541\Debug\Dimer con PWM.a(ISR_MI.o)
 .debug_info    0x00003c49      0x2d2 .\CortexM3\ARM_GCC_541\Debug\Dimer con PWM.a(ISR_HO.o)
 .debug_info    0x00003f1b      0x2d2 .\CortexM3\ARM_GCC_541\Debug\Dimer con PWM.a(ISR_SE.o)
 .debug_info    0x000041ed      0x2d2 .\CortexM3\ARM_GCC_541\Debug\Dimer con PWM.a(ISR_DI.o)
 .debug_info    0x000044bf       0x97 .\CortexM3\ARM_GCC_541\Debug\Dimer con PWM.a(CyBootAsmGnu.o)
 .debug_info    0x00004556      0x64d .\CortexM3\ARM_GCC_541\Debug\Dimer con PWM.a(CyFlash.o)
 .debug_info    0x00004ba3      0x550 .\CortexM3\ARM_GCC_541\Debug\Dimer con PWM.a(CySpc.o)

.debug_abbrev   0x00000000     0x1559
 *(.debug_abbrev)
 .debug_abbrev  0x00000000      0x169 .\CortexM3\ARM_GCC_541\Debug\main.o
 .debug_abbrev  0x00000169      0x1fe .\CortexM3\ARM_GCC_541\Debug\cyfitter_cfg.o
 .debug_abbrev  0x00000367       0x66 .\CortexM3\ARM_GCC_541\Debug\cymetadata.o
 .debug_abbrev  0x000003cd      0x1e8 .\CortexM3\ARM_GCC_541\Debug\Cm3Start.o
 .debug_abbrev  0x000005b5      0x133 .\CortexM3\ARM_GCC_541\Debug\Dimer con PWM.a(PWM.o)
 .debug_abbrev  0x000006e8      0x254 .\CortexM3\ARM_GCC_541\Debug\Dimer con PWM.a(CyLib.o)
 .debug_abbrev  0x0000093c      0x1ab .\CortexM3\ARM_GCC_541\Debug\Dimer con PWM.a(cyPm.o)
 .debug_abbrev  0x00000ae7      0x157 .\CortexM3\ARM_GCC_541\Debug\Dimer con PWM.a(LCD.o)
 .debug_abbrev  0x00000c3e      0x173 .\CortexM3\ARM_GCC_541\Debug\Dimer con PWM.a(ISR_MI.o)
 .debug_abbrev  0x00000db1      0x173 .\CortexM3\ARM_GCC_541\Debug\Dimer con PWM.a(ISR_HO.o)
 .debug_abbrev  0x00000f24      0x173 .\CortexM3\ARM_GCC_541\Debug\Dimer con PWM.a(ISR_SE.o)
 .debug_abbrev  0x00001097      0x173 .\CortexM3\ARM_GCC_541\Debug\Dimer con PWM.a(ISR_DI.o)
 .debug_abbrev  0x0000120a       0x14 .\CortexM3\ARM_GCC_541\Debug\Dimer con PWM.a(CyBootAsmGnu.o)
 .debug_abbrev  0x0000121e      0x1a7 .\CortexM3\ARM_GCC_541\Debug\Dimer con PWM.a(CyFlash.o)
 .debug_abbrev  0x000013c5      0x194 .\CortexM3\ARM_GCC_541\Debug\Dimer con PWM.a(CySpc.o)

.debug_line     0x00000000     0x2132
 *(.debug_line)
 .debug_line    0x00000000      0x337 .\CortexM3\ARM_GCC_541\Debug\main.o
 .debug_line    0x00000337      0x1d7 .\CortexM3\ARM_GCC_541\Debug\cyfitter_cfg.o
 .debug_line    0x0000050e      0x141 .\CortexM3\ARM_GCC_541\Debug\cymetadata.o
 .debug_line    0x0000064f      0x234 .\CortexM3\ARM_GCC_541\Debug\Cm3Start.o
 .debug_line    0x00000883      0x1aa .\CortexM3\ARM_GCC_541\Debug\Dimer con PWM.a(PWM.o)
 .debug_line    0x00000a2d      0x816 .\CortexM3\ARM_GCC_541\Debug\Dimer con PWM.a(CyLib.o)
 .debug_line    0x00001243      0x367 .\CortexM3\ARM_GCC_541\Debug\Dimer con PWM.a(cyPm.o)
 .debug_line    0x000015aa      0x1dc .\CortexM3\ARM_GCC_541\Debug\Dimer con PWM.a(LCD.o)
 .debug_line    0x00001786      0x133 .\CortexM3\ARM_GCC_541\Debug\Dimer con PWM.a(ISR_MI.o)
 .debug_line    0x000018b9      0x133 .\CortexM3\ARM_GCC_541\Debug\Dimer con PWM.a(ISR_HO.o)
 .debug_line    0x000019ec      0x133 .\CortexM3\ARM_GCC_541\Debug\Dimer con PWM.a(ISR_SE.o)
 .debug_line    0x00001b1f      0x133 .\CortexM3\ARM_GCC_541\Debug\Dimer con PWM.a(ISR_DI.o)
 .debug_line    0x00001c52       0x66 .\CortexM3\ARM_GCC_541\Debug\Dimer con PWM.a(CyBootAsmGnu.o)
 .debug_line    0x00001cb8      0x21a .\CortexM3\ARM_GCC_541\Debug\Dimer con PWM.a(CyFlash.o)
 .debug_line    0x00001ed2      0x260 .\CortexM3\ARM_GCC_541\Debug\Dimer con PWM.a(CySpc.o)

.debug_frame    0x00000000     0x1698
 *(.debug_frame)
 .debug_frame   0x00000000       0xb0 .\CortexM3\ARM_GCC_541\Debug\main.o
 .debug_frame   0x000000b0       0xe4 .\CortexM3\ARM_GCC_541\Debug\cyfitter_cfg.o
 .debug_frame   0x00000194       0xb8 .\CortexM3\ARM_GCC_541\Debug\Cm3Start.o
 .debug_frame   0x0000024c      0x154 .\CortexM3\ARM_GCC_541\Debug\Dimer con PWM.a(PWM.o)
 .debug_frame   0x000003a0      0x738 .\CortexM3\ARM_GCC_541\Debug\Dimer con PWM.a(CyLib.o)
 .debug_frame   0x00000ad8      0x1f8 .\CortexM3\ARM_GCC_541\Debug\Dimer con PWM.a(cyPm.o)
 .debug_frame   0x00000cd0      0x1e8 .\CortexM3\ARM_GCC_541\Debug\Dimer con PWM.a(LCD.o)
 .debug_frame   0x00000eb8      0x104 .\CortexM3\ARM_GCC_541\Debug\Dimer con PWM.a(ISR_MI.o)
 .debug_frame   0x00000fbc      0x104 .\CortexM3\ARM_GCC_541\Debug\Dimer con PWM.a(ISR_HO.o)
 .debug_frame   0x000010c0      0x104 .\CortexM3\ARM_GCC_541\Debug\Dimer con PWM.a(ISR_SE.o)
 .debug_frame   0x000011c4      0x104 .\CortexM3\ARM_GCC_541\Debug\Dimer con PWM.a(ISR_DI.o)
 .debug_frame   0x000012c8      0x194 .\CortexM3\ARM_GCC_541\Debug\Dimer con PWM.a(CyFlash.o)
 .debug_frame   0x0000145c      0x180 .\CortexM3\ARM_GCC_541\Debug\Dimer con PWM.a(CySpc.o)
 .debug_frame   0x000015dc       0x20 c:/program files (x86)/cypress/psoc creator/4.2/psoc creator/import/gnu/arm/5.4.1/bin/../lib/gcc/arm-none-eabi/5.4.1/../../../../arm-none-eabi/lib/armv7-m\libg_nano.a(lib_a-errno.o)
 .debug_frame   0x000015fc       0x28 c:/program files (x86)/cypress/psoc creator/4.2/psoc creator/import/gnu/arm/5.4.1/bin/../lib/gcc/arm-none-eabi/5.4.1/../../../../arm-none-eabi/lib/armv7-m\libg_nano.a(lib_a-exit.o)
 .debug_frame   0x00001624       0x2c c:/program files (x86)/cypress/psoc creator/4.2/psoc creator/import/gnu/arm/5.4.1/bin/../lib/gcc/arm-none-eabi/5.4.1/../../../../arm-none-eabi/lib/armv7-m\libg_nano.a(lib_a-init.o)
 .debug_frame   0x00001650       0x28 c:/program files (x86)/cypress/psoc creator/4.2/psoc creator/import/gnu/arm/5.4.1/bin/../lib/gcc/arm-none-eabi/5.4.1/../../../../arm-none-eabi/lib/armv7-m\libg_nano.a(lib_a-memcpy-stub.o)
 .debug_frame   0x00001678       0x20 c:/program files (x86)/cypress/psoc creator/4.2/psoc creator/import/gnu/arm/5.4.1/bin/../lib/gcc/arm-none-eabi/5.4.1/../../../../arm-none-eabi/lib/armv7-m\libg_nano.a(lib_a-memset.o)

.debug_str      0x00000000     0x19ee
 *(.debug_str)
 .debug_str     0x00000000      0x26b .\CortexM3\ARM_GCC_541\Debug\main.o
                                0x2b3 (size before relaxing)
 .debug_str     0x0000026b      0x174 .\CortexM3\ARM_GCC_541\Debug\cyfitter_cfg.o
                                0x316 (size before relaxing)
 .debug_str     0x000003df       0x7f .\CortexM3\ARM_GCC_541\Debug\cymetadata.o
                                0x1eb (size before relaxing)
 .debug_str     0x0000045e      0x144 .\CortexM3\ARM_GCC_541\Debug\Cm3Start.o
                                0x311 (size before relaxing)
 .debug_str     0x000005a2      0x1ae .\CortexM3\ARM_GCC_541\Debug\Dimer con PWM.a(PWM.o)
                                0x364 (size before relaxing)
 .debug_str     0x00000750      0x810 .\CortexM3\ARM_GCC_541\Debug\Dimer con PWM.a(CyLib.o)
                                0xa4e (size before relaxing)
 .debug_str     0x00000f60      0x365 .\CortexM3\ARM_GCC_541\Debug\Dimer con PWM.a(cyPm.o)
                                0x73a (size before relaxing)
 .debug_str     0x000012c5      0x12e .\CortexM3\ARM_GCC_541\Debug\Dimer con PWM.a(LCD.o)
                                0x332 (size before relaxing)
 .debug_str     0x000013f3       0xe5 .\CortexM3\ARM_GCC_541\Debug\Dimer con PWM.a(ISR_MI.o)
                                0x2bb (size before relaxing)
 .debug_str     0x000014d8       0xe5 .\CortexM3\ARM_GCC_541\Debug\Dimer con PWM.a(ISR_HO.o)
                                0x2bb (size before relaxing)
 .debug_str     0x000015bd       0xe5 .\CortexM3\ARM_GCC_541\Debug\Dimer con PWM.a(ISR_SE.o)
                                0x2bb (size before relaxing)
 .debug_str     0x000016a2       0xe5 .\CortexM3\ARM_GCC_541\Debug\Dimer con PWM.a(ISR_DI.o)
                                0x2bb (size before relaxing)
 .debug_str     0x00001787      0x1bb .\CortexM3\ARM_GCC_541\Debug\Dimer con PWM.a(CyFlash.o)
                                0x3c7 (size before relaxing)
 .debug_str     0x00001942       0xac .\CortexM3\ARM_GCC_541\Debug\Dimer con PWM.a(CySpc.o)
                                0x33f (size before relaxing)

.debug_loc      0x00000000     0x1ff4
 *(.debug_loc)
 .debug_loc     0x00000000       0xe9 .\CortexM3\ARM_GCC_541\Debug\main.o
 .debug_loc     0x000000e9      0x1d7 .\CortexM3\ARM_GCC_541\Debug\cyfitter_cfg.o
 .debug_loc     0x000002c0      0x144 .\CortexM3\ARM_GCC_541\Debug\Cm3Start.o
 .debug_loc     0x00000404       0x26 .\CortexM3\ARM_GCC_541\Debug\Dimer con PWM.a(PWM.o)
 .debug_loc     0x0000042a      0xa11 .\CortexM3\ARM_GCC_541\Debug\Dimer con PWM.a(CyLib.o)
 .debug_loc     0x00000e3b      0x1e4 .\CortexM3\ARM_GCC_541\Debug\Dimer con PWM.a(cyPm.o)
 .debug_loc     0x0000101f      0x3c6 .\CortexM3\ARM_GCC_541\Debug\Dimer con PWM.a(LCD.o)
 .debug_loc     0x000013e5       0x56 .\CortexM3\ARM_GCC_541\Debug\Dimer con PWM.a(ISR_MI.o)
 .debug_loc     0x0000143b       0x56 .\CortexM3\ARM_GCC_541\Debug\Dimer con PWM.a(ISR_HO.o)
 .debug_loc     0x00001491       0x56 .\CortexM3\ARM_GCC_541\Debug\Dimer con PWM.a(ISR_SE.o)
 .debug_loc     0x000014e7       0x56 .\CortexM3\ARM_GCC_541\Debug\Dimer con PWM.a(ISR_DI.o)
 .debug_loc     0x0000153d      0x3b2 .\CortexM3\ARM_GCC_541\Debug\Dimer con PWM.a(CyFlash.o)
 .debug_loc     0x000018ef      0x705 .\CortexM3\ARM_GCC_541\Debug\Dimer con PWM.a(CySpc.o)

.debug_macinfo
 *(.debug_macinfo)

.debug_ranges   0x00000000      0x7b8
 *(.debug_ranges)
 .debug_ranges  0x00000000       0x58 .\CortexM3\ARM_GCC_541\Debug\main.o
 .debug_ranges  0x00000058       0x48 .\CortexM3\ARM_GCC_541\Debug\cyfitter_cfg.o
 .debug_ranges  0x000000a0       0x38 .\CortexM3\ARM_GCC_541\Debug\Cm3Start.o
 .debug_ranges  0x000000d8       0x98 .\CortexM3\ARM_GCC_541\Debug\Dimer con PWM.a(PWM.o)
 .debug_ranges  0x00000170      0x290 .\CortexM3\ARM_GCC_541\Debug\Dimer con PWM.a(CyLib.o)
 .debug_ranges  0x00000400       0x88 .\CortexM3\ARM_GCC_541\Debug\Dimer con PWM.a(cyPm.o)
 .debug_ranges  0x00000488       0x88 .\CortexM3\ARM_GCC_541\Debug\Dimer con PWM.a(LCD.o)
 .debug_ranges  0x00000510       0x70 .\CortexM3\ARM_GCC_541\Debug\Dimer con PWM.a(ISR_MI.o)
 .debug_ranges  0x00000580       0x70 .\CortexM3\ARM_GCC_541\Debug\Dimer con PWM.a(ISR_HO.o)
 .debug_ranges  0x000005f0       0x70 .\CortexM3\ARM_GCC_541\Debug\Dimer con PWM.a(ISR_SE.o)
 .debug_ranges  0x00000660       0x70 .\CortexM3\ARM_GCC_541\Debug\Dimer con PWM.a(ISR_DI.o)
 .debug_ranges  0x000006d0       0x78 .\CortexM3\ARM_GCC_541\Debug\Dimer con PWM.a(CyFlash.o)
 .debug_ranges  0x00000748       0x70 .\CortexM3\ARM_GCC_541\Debug\Dimer con PWM.a(CySpc.o)

.comment        0x00000000       0x6e
 .comment       0x00000000       0x6e .\CortexM3\ARM_GCC_541\Debug\main.o
                                 0x6f (size before relaxing)
 .comment       0x0000006e       0x6f .\CortexM3\ARM_GCC_541\Debug\cyfitter_cfg.o
 .comment       0x0000006e       0x6f .\CortexM3\ARM_GCC_541\Debug\cymetadata.o
 .comment       0x0000006e       0x6f .\CortexM3\ARM_GCC_541\Debug\Cm3Start.o
 .comment       0x0000006e       0x6f .\CortexM3\ARM_GCC_541\Debug\Dimer con PWM.a(PWM.o)
 .comment       0x0000006e       0x6f .\CortexM3\ARM_GCC_541\Debug\Dimer con PWM.a(CyLib.o)
 .comment       0x0000006e       0x6f .\CortexM3\ARM_GCC_541\Debug\Dimer con PWM.a(cyPm.o)
 .comment       0x0000006e       0x6f .\CortexM3\ARM_GCC_541\Debug\Dimer con PWM.a(LCD.o)
 .comment       0x0000006e       0x6f .\CortexM3\ARM_GCC_541\Debug\Dimer con PWM.a(ISR_MI.o)
 .comment       0x0000006e       0x6f .\CortexM3\ARM_GCC_541\Debug\Dimer con PWM.a(ISR_HO.o)
 .comment       0x0000006e       0x6f .\CortexM3\ARM_GCC_541\Debug\Dimer con PWM.a(ISR_SE.o)
 .comment       0x0000006e       0x6f .\CortexM3\ARM_GCC_541\Debug\Dimer con PWM.a(ISR_DI.o)
 .comment       0x0000006e       0x6f .\CortexM3\ARM_GCC_541\Debug\Dimer con PWM.a(CyFlash.o)
 .comment       0x0000006e       0x6f .\CortexM3\ARM_GCC_541\Debug\Dimer con PWM.a(CySpc.o)

.debug_weaknames
 *(.debug_weaknames)

.debug_funcnames
 *(.debug_funcnames)

.debug_typenames
 *(.debug_typenames)

.debug_varnames
 *(.debug_varnames)

.note.gnu.arm.ident
 *(.note.gnu.arm.ident)

.ARM.attributes
                0x00000000       0x29
 *(.ARM.attributes)
 .ARM.attributes
                0x00000000       0x1d c:/program files (x86)/cypress/psoc creator/4.2/psoc creator/import/gnu/arm/5.4.1/bin/../lib/gcc/arm-none-eabi/5.4.1/armv7-m/crti.o
 .ARM.attributes
                0x0000001d       0x2d c:/program files (x86)/cypress/psoc creator/4.2/psoc creator/import/gnu/arm/5.4.1/bin/../lib/gcc/arm-none-eabi/5.4.1/armv7-m/crtbegin.o
 .ARM.attributes
                0x0000004a       0x1b c:/program files (x86)/cypress/psoc creator/4.2/psoc creator/import/gnu/arm/5.4.1/bin/../lib/gcc/arm-none-eabi/5.4.1/../../../../arm-none-eabi/lib/armv7-m/crt0.o
 .ARM.attributes
                0x00000065       0x33 .\CortexM3\ARM_GCC_541\Debug\main.o
 .ARM.attributes
                0x00000098       0x33 .\CortexM3\ARM_GCC_541\Debug\cyfitter_cfg.o
 .ARM.attributes
                0x000000cb       0x33 .\CortexM3\ARM_GCC_541\Debug\cymetadata.o
 .ARM.attributes
                0x000000fe       0x33 .\CortexM3\ARM_GCC_541\Debug\Cm3Start.o
 .ARM.attributes
                0x00000131       0x33 .\CortexM3\ARM_GCC_541\Debug\Dimer con PWM.a(PWM.o)
 .ARM.attributes
                0x00000164       0x33 .\CortexM3\ARM_GCC_541\Debug\Dimer con PWM.a(CyLib.o)
 .ARM.attributes
                0x00000197       0x33 .\CortexM3\ARM_GCC_541\Debug\Dimer con PWM.a(cyPm.o)
 .ARM.attributes
                0x000001ca       0x33 .\CortexM3\ARM_GCC_541\Debug\Dimer con PWM.a(LCD.o)
 .ARM.attributes
                0x000001fd       0x33 .\CortexM3\ARM_GCC_541\Debug\Dimer con PWM.a(ISR_MI.o)
 .ARM.attributes
                0x00000230       0x33 .\CortexM3\ARM_GCC_541\Debug\Dimer con PWM.a(ISR_HO.o)
 .ARM.attributes
                0x00000263       0x33 .\CortexM3\ARM_GCC_541\Debug\Dimer con PWM.a(ISR_SE.o)
 .ARM.attributes
                0x00000296       0x33 .\CortexM3\ARM_GCC_541\Debug\Dimer con PWM.a(ISR_DI.o)
 .ARM.attributes
                0x000002c9       0x21 .\CortexM3\ARM_GCC_541\Debug\Dimer con PWM.a(CyBootAsmGnu.o)
 .ARM.attributes
                0x000002ea       0x33 .\CortexM3\ARM_GCC_541\Debug\Dimer con PWM.a(CyFlash.o)
 .ARM.attributes
                0x0000031d       0x33 .\CortexM3\ARM_GCC_541\Debug\Dimer con PWM.a(CySpc.o)
 .ARM.attributes
                0x00000350       0x2d c:/program files (x86)/cypress/psoc creator/4.2/psoc creator/import/gnu/arm/5.4.1/bin/../lib/gcc/arm-none-eabi/5.4.1/../../../../arm-none-eabi/lib/armv7-m\libg_nano.a(lib_a-errno.o)
 .ARM.attributes
                0x0000037d       0x2d c:/program files (x86)/cypress/psoc creator/4.2/psoc creator/import/gnu/arm/5.4.1/bin/../lib/gcc/arm-none-eabi/5.4.1/../../../../arm-none-eabi/lib/armv7-m\libg_nano.a(lib_a-exit.o)
 .ARM.attributes
                0x000003aa       0x2d c:/program files (x86)/cypress/psoc creator/4.2/psoc creator/import/gnu/arm/5.4.1/bin/../lib/gcc/arm-none-eabi/5.4.1/../../../../arm-none-eabi/lib/armv7-m\libg_nano.a(lib_a-impure.o)
 .ARM.attributes
                0x000003d7       0x2d c:/program files (x86)/cypress/psoc creator/4.2/psoc creator/import/gnu/arm/5.4.1/bin/../lib/gcc/arm-none-eabi/5.4.1/../../../../arm-none-eabi/lib/armv7-m\libg_nano.a(lib_a-init.o)
 .ARM.attributes
                0x00000404       0x2d c:/program files (x86)/cypress/psoc creator/4.2/psoc creator/import/gnu/arm/5.4.1/bin/../lib/gcc/arm-none-eabi/5.4.1/../../../../arm-none-eabi/lib/armv7-m\libg_nano.a(lib_a-memcpy-stub.o)
 .ARM.attributes
                0x00000431       0x2d c:/program files (x86)/cypress/psoc creator/4.2/psoc creator/import/gnu/arm/5.4.1/bin/../lib/gcc/arm-none-eabi/5.4.1/../../../../arm-none-eabi/lib/armv7-m\libg_nano.a(lib_a-memset.o)
 .ARM.attributes
                0x0000045e       0x2d c:/program files (x86)/cypress/psoc creator/4.2/psoc creator/import/gnu/arm/5.4.1/bin/../lib/gcc/arm-none-eabi/5.4.1/armv7-m/crtend.o
 .ARM.attributes
                0x0000048b       0x1d c:/program files (x86)/cypress/psoc creator/4.2/psoc creator/import/gnu/arm/5.4.1/bin/../lib/gcc/arm-none-eabi/5.4.1/armv7-m/crtn.o

/DISCARD/
 *(.note.GNU-stack)
OUTPUT(C:\Users\Nicolas Zamora\Documents\PSoC Creator\TIMER\Dimer con PWM.cydsn\CortexM3\ARM_GCC_541\Debug\Dimer con PWM.elf elf32-littlearm)
