Archive member included to satisfy reference by file (symbol)

.\CortexM3\ARM_GCC_541\Debug\Dimer con PWM.a(PWM.o)
                              .\CortexM3\ARM_GCC_541\Debug\main.o (PWM_WriteCompare1)
.\CortexM3\ARM_GCC_541\Debug\Dimer con PWM.a(CyLib.o)
                              .\CortexM3\ARM_GCC_541\Debug\Cm3Start.o (CyHalt)
.\CortexM3\ARM_GCC_541\Debug\Dimer con PWM.a(cyPm.o)
                              .\CortexM3\ARM_GCC_541\Debug\Dimer con PWM.a(CyLib.o) (CyPmReadStatus)
.\CortexM3\ARM_GCC_541\Debug\Dimer con PWM.a(LCD.o)
                              .\CortexM3\ARM_GCC_541\Debug\main.o (LCD_PrintString)
.\CortexM3\ARM_GCC_541\Debug\Dimer con PWM.a(ISR_SE.o)
                              .\CortexM3\ARM_GCC_541\Debug\main.o (ISR_SE_StartEx)
.\CortexM3\ARM_GCC_541\Debug\Dimer con PWM.a(ISR_SWI.o)
                              .\CortexM3\ARM_GCC_541\Debug\main.o (ISR_SWI_StartEx)
.\CortexM3\ARM_GCC_541\Debug\Dimer con PWM.a(SWI.o)
                              .\CortexM3\ARM_GCC_541\Debug\main.o (SWI_Read)
.\CortexM3\ARM_GCC_541\Debug\Dimer con PWM.a(Timer.o)
                              .\CortexM3\ARM_GCC_541\Debug\main.o (Timer_Stop)
.\CortexM3\ARM_GCC_541\Debug\Dimer con PWM.a(PWM_1.o)
                              .\CortexM3\ARM_GCC_541\Debug\main.o (PWM_1_WriteCompare1)
.\CortexM3\ARM_GCC_541\Debug\Dimer con PWM.a(CyBootAsmGnu.o)
                              .\CortexM3\ARM_GCC_541\Debug\cyfitter_cfg.o (CyDelayCycles)
.\CortexM3\ARM_GCC_541\Debug\Dimer con PWM.a(CyFlash.o)
                              .\CortexM3\ARM_GCC_541\Debug\Dimer con PWM.a(cyPm.o) (CyFlash_SetWaitCycles)
.\CortexM3\ARM_GCC_541\Debug\Dimer con PWM.a(CySpc.o)
                              .\CortexM3\ARM_GCC_541\Debug\Dimer con PWM.a(CyFlash.o) (CySpcStart)
c:/program files (x86)/cypress/psoc creator/4.2/psoc creator/import/gnu/arm/5.4.1/bin/../lib/gcc/arm-none-eabi/5.4.1/../../../../arm-none-eabi/lib/armv7-m\libg_nano.a(lib_a-errno.o)
                              .\CortexM3\ARM_GCC_541\Debug\Cm3Start.o (__errno)
c:/program files (x86)/cypress/psoc creator/4.2/psoc creator/import/gnu/arm/5.4.1/bin/../lib/gcc/arm-none-eabi/5.4.1/../../../../arm-none-eabi/lib/armv7-m\libg_nano.a(lib_a-exit.o)
                              c:/program files (x86)/cypress/psoc creator/4.2/psoc creator/import/gnu/arm/5.4.1/bin/../lib/gcc/arm-none-eabi/5.4.1/../../../../arm-none-eabi/lib/armv7-m/crt0.o (exit)
c:/program files (x86)/cypress/psoc creator/4.2/psoc creator/import/gnu/arm/5.4.1/bin/../lib/gcc/arm-none-eabi/5.4.1/../../../../arm-none-eabi/lib/armv7-m\libg_nano.a(lib_a-impure.o)
                              c:/program files (x86)/cypress/psoc creator/4.2/psoc creator/import/gnu/arm/5.4.1/bin/../lib/gcc/arm-none-eabi/5.4.1/../../../../arm-none-eabi/lib/armv7-m\libg_nano.a(lib_a-exit.o) (_global_impure_ptr)
c:/program files (x86)/cypress/psoc creator/4.2/psoc creator/import/gnu/arm/5.4.1/bin/../lib/gcc/arm-none-eabi/5.4.1/../../../../arm-none-eabi/lib/armv7-m\libg_nano.a(lib_a-init.o)
                              c:/program files (x86)/cypress/psoc creator/4.2/psoc creator/import/gnu/arm/5.4.1/bin/../lib/gcc/arm-none-eabi/5.4.1/../../../../arm-none-eabi/lib/armv7-m/crt0.o (__libc_init_array)
c:/program files (x86)/cypress/psoc creator/4.2/psoc creator/import/gnu/arm/5.4.1/bin/../lib/gcc/arm-none-eabi/5.4.1/../../../../arm-none-eabi/lib/armv7-m\libg_nano.a(lib_a-memcpy-stub.o)
                              .\CortexM3\ARM_GCC_541\Debug\cyfitter_cfg.o (memcpy)
c:/program files (x86)/cypress/psoc creator/4.2/psoc creator/import/gnu/arm/5.4.1/bin/../lib/gcc/arm-none-eabi/5.4.1/../../../../arm-none-eabi/lib/armv7-m\libg_nano.a(lib_a-memset.o)
                              c:/program files (x86)/cypress/psoc creator/4.2/psoc creator/import/gnu/arm/5.4.1/bin/../lib/gcc/arm-none-eabi/5.4.1/../../../../arm-none-eabi/lib/armv7-m/crt0.o (memset)

Allocating common symbols
Common symbol       size              file

u_hora              0x1               .\CortexM3\ARM_GCC_541\Debug\main.o
seg                 0x1               .\CortexM3\ARM_GCC_541\Debug\main.o
d_min               0x1               .\CortexM3\ARM_GCC_541\Debug\main.o
aux                 0x1               .\CortexM3\ARM_GCC_541\Debug\main.o
d_hora              0x1               .\CortexM3\ARM_GCC_541\Debug\main.o
count               0x2               .\CortexM3\ARM_GCC_541\Debug\main.o
u_min               0x1               .\CortexM3\ARM_GCC_541\Debug\main.o
dieTemperature      0x2               .\CortexM3\ARM_GCC_541\Debug\Dimer con PWM.a(CyFlash.o)

Discarded input sections

 .text          0x00000000        0x0 c:/program files (x86)/cypress/psoc creator/4.2/psoc creator/import/gnu/arm/5.4.1/bin/../lib/gcc/arm-none-eabi/5.4.1/armv7-m/crti.o
 .data          0x00000000        0x0 c:/program files (x86)/cypress/psoc creator/4.2/psoc creator/import/gnu/arm/5.4.1/bin/../lib/gcc/arm-none-eabi/5.4.1/armv7-m/crti.o
 .bss           0x00000000        0x0 c:/program files (x86)/cypress/psoc creator/4.2/psoc creator/import/gnu/arm/5.4.1/bin/../lib/gcc/arm-none-eabi/5.4.1/armv7-m/crti.o
 .data          0x00000000        0x4 c:/program files (x86)/cypress/psoc creator/4.2/psoc creator/import/gnu/arm/5.4.1/bin/../lib/gcc/arm-none-eabi/5.4.1/armv7-m/crtbegin.o
 .text          0x00000000       0x74 c:/program files (x86)/cypress/psoc creator/4.2/psoc creator/import/gnu/arm/5.4.1/bin/../lib/gcc/arm-none-eabi/5.4.1/../../../../arm-none-eabi/lib/armv7-m/crt0.o
 .data          0x00000000        0x0 c:/program files (x86)/cypress/psoc creator/4.2/psoc creator/import/gnu/arm/5.4.1/bin/../lib/gcc/arm-none-eabi/5.4.1/../../../../arm-none-eabi/lib/armv7-m/crt0.o
 .bss           0x00000000        0x0 c:/program files (x86)/cypress/psoc creator/4.2/psoc creator/import/gnu/arm/5.4.1/bin/../lib/gcc/arm-none-eabi/5.4.1/../../../../arm-none-eabi/lib/armv7-m/crt0.o
 .ARM.extab     0x00000000        0x0 c:/program files (x86)/cypress/psoc creator/4.2/psoc creator/import/gnu/arm/5.4.1/bin/../lib/gcc/arm-none-eabi/5.4.1/../../../../arm-none-eabi/lib/armv7-m/crt0.o
 .ARM.exidx     0x00000000        0x8 c:/program files (x86)/cypress/psoc creator/4.2/psoc creator/import/gnu/arm/5.4.1/bin/../lib/gcc/arm-none-eabi/5.4.1/../../../../arm-none-eabi/lib/armv7-m/crt0.o
 .text          0x00000000        0x0 .\CortexM3\ARM_GCC_541\Debug\main.o
 .bss           0x00000000        0x0 .\CortexM3\ARM_GCC_541\Debug\main.o
 .text          0x00000000        0x0 .\CortexM3\ARM_GCC_541\Debug\cyfitter_cfg.o
 .data          0x00000000        0x0 .\CortexM3\ARM_GCC_541\Debug\cyfitter_cfg.o
 .bss           0x00000000        0x0 .\CortexM3\ARM_GCC_541\Debug\cyfitter_cfg.o
 .text.SetAnalogRoutingPumps
                0x00000000       0x10 .\CortexM3\ARM_GCC_541\Debug\cyfitter_cfg.o
 .text          0x00000000        0x0 .\CortexM3\ARM_GCC_541\Debug\cymetadata.o
 .data          0x00000000        0x0 .\CortexM3\ARM_GCC_541\Debug\cymetadata.o
 .bss           0x00000000        0x0 .\CortexM3\ARM_GCC_541\Debug\cymetadata.o
 .text          0x00000000        0x0 .\CortexM3\ARM_GCC_541\Debug\Cm3Start.o
 .data          0x00000000        0x4 .\CortexM3\ARM_GCC_541\Debug\Cm3Start.o
 .bss           0x00000000        0x0 .\CortexM3\ARM_GCC_541\Debug\Cm3Start.o
 .text._exit    0x00000000        0xc .\CortexM3\ARM_GCC_541\Debug\Cm3Start.o
 .text._sbrk    0x00000000       0x30 .\CortexM3\ARM_GCC_541\Debug\Cm3Start.o
 .text          0x00000000        0x0 .\CortexM3\ARM_GCC_541\Debug\Dimer con PWM.a(PWM.o)
 .data          0x00000000        0x0 .\CortexM3\ARM_GCC_541\Debug\Dimer con PWM.a(PWM.o)
 .text.PWM_Stop
                0x00000000       0x10 .\CortexM3\ARM_GCC_541\Debug\Dimer con PWM.a(PWM.o)
 .text.PWM_ReadCounter
                0x00000000       0x14 .\CortexM3\ARM_GCC_541\Debug\Dimer con PWM.a(PWM.o)
 .text.PWM_ReadControlRegister
                0x00000000        0xc .\CortexM3\ARM_GCC_541\Debug\Dimer con PWM.a(PWM.o)
 .text.PWM_WriteControlRegister
                0x00000000        0xc .\CortexM3\ARM_GCC_541\Debug\Dimer con PWM.a(PWM.o)
 .text.PWM_ReadCompare1
                0x00000000        0xc .\CortexM3\ARM_GCC_541\Debug\Dimer con PWM.a(PWM.o)
 .text.PWM_ReadCompare2
                0x00000000        0xc .\CortexM3\ARM_GCC_541\Debug\Dimer con PWM.a(PWM.o)
 .text.PWM_ReadPeriod
                0x00000000        0xc .\CortexM3\ARM_GCC_541\Debug\Dimer con PWM.a(PWM.o)
 .text          0x00000000        0x0 .\CortexM3\ARM_GCC_541\Debug\Dimer con PWM.a(CyLib.o)
 .bss           0x00000000       0x1c .\CortexM3\ARM_GCC_541\Debug\Dimer con PWM.a(CyLib.o)
 .text.CyUSB_PowerOnCheck
                0x00000000       0x48 .\CortexM3\ARM_GCC_541\Debug\Dimer con PWM.a(CyLib.o)
 .text.CyBusClk_Internal_SetDivider
                0x00000000       0x48 .\CortexM3\ARM_GCC_541\Debug\Dimer con PWM.a(CyLib.o)
 .text.CyPLL_OUT_Stop
                0x00000000       0x10 .\CortexM3\ARM_GCC_541\Debug\Dimer con PWM.a(CyLib.o)
 .text.CyIMO_Stop
                0x00000000       0x1c .\CortexM3\ARM_GCC_541\Debug\Dimer con PWM.a(CyLib.o)
 .text.CyIMO_EnableDoubler
                0x00000000       0x10 .\CortexM3\ARM_GCC_541\Debug\Dimer con PWM.a(CyLib.o)
 .text.CyIMO_DisableDoubler
                0x00000000       0x10 .\CortexM3\ARM_GCC_541\Debug\Dimer con PWM.a(CyLib.o)
 .text.CyMasterClk_SetSource
                0x00000000       0x18 .\CortexM3\ARM_GCC_541\Debug\Dimer con PWM.a(CyLib.o)
 .text.CyMasterClk_SetDivider
                0x00000000        0xc .\CortexM3\ARM_GCC_541\Debug\Dimer con PWM.a(CyLib.o)
 .text.CyBusClk_SetDivider
                0x00000000       0x70 .\CortexM3\ARM_GCC_541\Debug\Dimer con PWM.a(CyLib.o)
 .text.CyUsbClk_SetSource
                0x00000000       0x18 .\CortexM3\ARM_GCC_541\Debug\Dimer con PWM.a(CyLib.o)
 .text.CyILO_Start1K
                0x00000000       0x10 .\CortexM3\ARM_GCC_541\Debug\Dimer con PWM.a(CyLib.o)
 .text.CyILO_Stop1K
                0x00000000       0x10 .\CortexM3\ARM_GCC_541\Debug\Dimer con PWM.a(CyLib.o)
 .text.CyILO_Start100K
                0x00000000       0x10 .\CortexM3\ARM_GCC_541\Debug\Dimer con PWM.a(CyLib.o)
 .text.CyILO_Stop100K
                0x00000000       0x10 .\CortexM3\ARM_GCC_541\Debug\Dimer con PWM.a(CyLib.o)
 .text.CyPLL_OUT_Start
                0x00000000       0x78 .\CortexM3\ARM_GCC_541\Debug\Dimer con PWM.a(CyLib.o)
 .text.CyIMO_Start
                0x00000000       0x60 .\CortexM3\ARM_GCC_541\Debug\Dimer con PWM.a(CyLib.o)
 .text.CyILO_Enable33K
                0x00000000       0x10 .\CortexM3\ARM_GCC_541\Debug\Dimer con PWM.a(CyLib.o)
 .text.CyILO_Disable33K
                0x00000000       0x10 .\CortexM3\ARM_GCC_541\Debug\Dimer con PWM.a(CyLib.o)
 .text.CyILO_SetSource
                0x00000000       0x18 .\CortexM3\ARM_GCC_541\Debug\Dimer con PWM.a(CyLib.o)
 .text.CyILO_SetPowerMode
                0x00000000       0x24 .\CortexM3\ARM_GCC_541\Debug\Dimer con PWM.a(CyLib.o)
 .text.CyXTAL_32KHZ_Stop
                0x00000000       0x30 .\CortexM3\ARM_GCC_541\Debug\Dimer con PWM.a(CyLib.o)
 .text.CyXTAL_32KHZ_ReadStatus
                0x00000000       0x10 .\CortexM3\ARM_GCC_541\Debug\Dimer con PWM.a(CyLib.o)
 .text.CyXTAL_Start
                0x00000000       0xac .\CortexM3\ARM_GCC_541\Debug\Dimer con PWM.a(CyLib.o)
 .text.CyXTAL_Stop
                0x00000000       0x10 .\CortexM3\ARM_GCC_541\Debug\Dimer con PWM.a(CyLib.o)
 .text.CyXTAL_EnableErrStatus
                0x00000000       0x10 .\CortexM3\ARM_GCC_541\Debug\Dimer con PWM.a(CyLib.o)
 .text.CyXTAL_DisableErrStatus
                0x00000000       0x10 .\CortexM3\ARM_GCC_541\Debug\Dimer con PWM.a(CyLib.o)
 .text.CyXTAL_ReadStatus
                0x00000000       0x18 .\CortexM3\ARM_GCC_541\Debug\Dimer con PWM.a(CyLib.o)
 .text.CyXTAL_EnableFaultRecovery
                0x00000000       0x10 .\CortexM3\ARM_GCC_541\Debug\Dimer con PWM.a(CyLib.o)
 .text.CyXTAL_DisableFaultRecovery
                0x00000000       0x10 .\CortexM3\ARM_GCC_541\Debug\Dimer con PWM.a(CyLib.o)
 .text.CyXTAL_SetStartup
                0x00000000       0x18 .\CortexM3\ARM_GCC_541\Debug\Dimer con PWM.a(CyLib.o)
 .text.CyXTAL_SetFbVoltage
                0x00000000       0x18 .\CortexM3\ARM_GCC_541\Debug\Dimer con PWM.a(CyLib.o)
 .text.CyXTAL_SetWdVoltage
                0x00000000       0x18 .\CortexM3\ARM_GCC_541\Debug\Dimer con PWM.a(CyLib.o)
 .text.CyHalt   0x00000000        0x4 .\CortexM3\ARM_GCC_541\Debug\Dimer con PWM.a(CyLib.o)
 .text.CyPLL_OUT_SetPQ
                0x00000000       0x60 .\CortexM3\ARM_GCC_541\Debug\Dimer con PWM.a(CyLib.o)
 .text.CyPLL_OUT_SetSource
                0x00000000       0x34 .\CortexM3\ARM_GCC_541\Debug\Dimer con PWM.a(CyLib.o)
 .text.CyIMO_SetTrimValue
                0x00000000       0xcc .\CortexM3\ARM_GCC_541\Debug\Dimer con PWM.a(CyLib.o)
 .text.CyIMO_SetFreq
                0x00000000       0xf4 .\CortexM3\ARM_GCC_541\Debug\Dimer con PWM.a(CyLib.o)
 .text.CyIMO_SetSource
                0x00000000       0x58 .\CortexM3\ARM_GCC_541\Debug\Dimer con PWM.a(CyLib.o)
 .text.CySoftwareReset
                0x00000000       0x10 .\CortexM3\ARM_GCC_541\Debug\Dimer con PWM.a(CyLib.o)
 .text.CyXTAL_32KHZ_SetPowerMode
                0x00000000       0x84 .\CortexM3\ARM_GCC_541\Debug\Dimer con PWM.a(CyLib.o)
 .text.CyXTAL_32KHZ_Start
                0x00000000       0x74 .\CortexM3\ARM_GCC_541\Debug\Dimer con PWM.a(CyLib.o)
 .text.CyDelayFreq
                0x00000000       0x4c .\CortexM3\ARM_GCC_541\Debug\Dimer con PWM.a(CyLib.o)
 .text.CyWdtStart
                0x00000000       0x40 .\CortexM3\ARM_GCC_541\Debug\Dimer con PWM.a(CyLib.o)
 .text.CyWdtClear
                0x00000000        0xc .\CortexM3\ARM_GCC_541\Debug\Dimer con PWM.a(CyLib.o)
 .text.CyVdStickyStatus
                0x00000000       0x2c .\CortexM3\ARM_GCC_541\Debug\Dimer con PWM.a(CyLib.o)
 .text.CyVdLvDigitEnable
                0x00000000       0x84 .\CortexM3\ARM_GCC_541\Debug\Dimer con PWM.a(CyLib.o)
 .text.CyVdLvAnalogEnable
                0x00000000       0x80 .\CortexM3\ARM_GCC_541\Debug\Dimer con PWM.a(CyLib.o)
 .text.CyVdLvDigitDisable
                0x00000000       0x30 .\CortexM3\ARM_GCC_541\Debug\Dimer con PWM.a(CyLib.o)
 .text.CyVdLvAnalogDisable
                0x00000000       0x28 .\CortexM3\ARM_GCC_541\Debug\Dimer con PWM.a(CyLib.o)
 .text.CyVdHvAnalogEnable
                0x00000000       0x54 .\CortexM3\ARM_GCC_541\Debug\Dimer con PWM.a(CyLib.o)
 .text.CyVdHvAnalogDisable
                0x00000000       0x20 .\CortexM3\ARM_GCC_541\Debug\Dimer con PWM.a(CyLib.o)
 .text.CyVdRealTimeStatus
                0x00000000       0x1c .\CortexM3\ARM_GCC_541\Debug\Dimer con PWM.a(CyLib.o)
 .text.CyDisableInts
                0x00000000       0x1c .\CortexM3\ARM_GCC_541\Debug\Dimer con PWM.a(CyLib.o)
 .text.CyEnableInts
                0x00000000       0x18 .\CortexM3\ARM_GCC_541\Debug\Dimer con PWM.a(CyLib.o)
 .text.CyFlushCache
                0x00000000       0x44 .\CortexM3\ARM_GCC_541\Debug\Dimer con PWM.a(CyLib.o)
 .text.CyIntSetSysVector
                0x00000000       0x28 .\CortexM3\ARM_GCC_541\Debug\Dimer con PWM.a(CyLib.o)
 .text.CyIntGetSysVector
                0x00000000       0x20 .\CortexM3\ARM_GCC_541\Debug\Dimer con PWM.a(CyLib.o)
 .text.CyIntSetVector
                0x00000000       0x28 .\CortexM3\ARM_GCC_541\Debug\Dimer con PWM.a(CyLib.o)
 .text.CyIntGetVector
                0x00000000       0x24 .\CortexM3\ARM_GCC_541\Debug\Dimer con PWM.a(CyLib.o)
 .text.CyIntSetPriority
                0x00000000       0x30 .\CortexM3\ARM_GCC_541\Debug\Dimer con PWM.a(CyLib.o)
 .text.CyIntGetPriority
                0x00000000       0x20 .\CortexM3\ARM_GCC_541\Debug\Dimer con PWM.a(CyLib.o)
 .text.CyIntGetState
                0x00000000       0x24 .\CortexM3\ARM_GCC_541\Debug\Dimer con PWM.a(CyLib.o)
 .text.CySysTickStop
                0x00000000       0x10 .\CortexM3\ARM_GCC_541\Debug\Dimer con PWM.a(CyLib.o)
 .text.CySysTickEnableInterrupt
                0x00000000       0x10 .\CortexM3\ARM_GCC_541\Debug\Dimer con PWM.a(CyLib.o)
 .text.CySysTickEnable
                0x00000000       0x18 .\CortexM3\ARM_GCC_541\Debug\Dimer con PWM.a(CyLib.o)
 .text.CySysTickDisableInterrupt
                0x00000000       0x10 .\CortexM3\ARM_GCC_541\Debug\Dimer con PWM.a(CyLib.o)
 .text.CySysTickSetReload
                0x00000000       0x10 .\CortexM3\ARM_GCC_541\Debug\Dimer con PWM.a(CyLib.o)
 .text.CySysTickGetReload
                0x00000000       0x10 .\CortexM3\ARM_GCC_541\Debug\Dimer con PWM.a(CyLib.o)
 .text.CySysTickGetValue
                0x00000000       0x10 .\CortexM3\ARM_GCC_541\Debug\Dimer con PWM.a(CyLib.o)
 .text.CySysTickSetClockSource
                0x00000000       0x20 .\CortexM3\ARM_GCC_541\Debug\Dimer con PWM.a(CyLib.o)
 .text.CySysTickGetClockSource
                0x00000000       0x10 .\CortexM3\ARM_GCC_541\Debug\Dimer con PWM.a(CyLib.o)
 .text.CySysTickGetCountFlag
                0x00000000       0x10 .\CortexM3\ARM_GCC_541\Debug\Dimer con PWM.a(CyLib.o)
 .text.CySysTickServiceCallbacks
                0x00000000       0x28 .\CortexM3\ARM_GCC_541\Debug\Dimer con PWM.a(CyLib.o)
 .text.CySysTickClear
                0x00000000        0xc .\CortexM3\ARM_GCC_541\Debug\Dimer con PWM.a(CyLib.o)
 .text.CySysTickInit
                0x00000000       0x58 .\CortexM3\ARM_GCC_541\Debug\Dimer con PWM.a(CyLib.o)
 .text.CySysTickStart
                0x00000000       0x1c .\CortexM3\ARM_GCC_541\Debug\Dimer con PWM.a(CyLib.o)
 .text.CySysTickSetCallback
                0x00000000       0x10 .\CortexM3\ARM_GCC_541\Debug\Dimer con PWM.a(CyLib.o)
 .text.CySysTickGetCallback
                0x00000000       0x10 .\CortexM3\ARM_GCC_541\Debug\Dimer con PWM.a(CyLib.o)
 .text.CyGetUniqueId
                0x00000000       0x70 .\CortexM3\ARM_GCC_541\Debug\Dimer con PWM.a(CyLib.o)
 .text          0x00000000        0x0 .\CortexM3\ARM_GCC_541\Debug\Dimer con PWM.a(cyPm.o)
 .data          0x00000000        0x0 .\CortexM3\ARM_GCC_541\Debug\Dimer con PWM.a(cyPm.o)
 .bss           0x00000000       0x43 .\CortexM3\ARM_GCC_541\Debug\Dimer con PWM.a(cyPm.o)
 .text.CyPmHibSlpSaveSet
                0x00000000      0x1dc .\CortexM3\ARM_GCC_541\Debug\Dimer con PWM.a(cyPm.o)
 .text.CyPmHibSlpRestore
                0x00000000       0xd8 .\CortexM3\ARM_GCC_541\Debug\Dimer con PWM.a(cyPm.o)
 .text.CyPmHviLviSaveDisable
                0x00000000       0xa0 .\CortexM3\ARM_GCC_541\Debug\Dimer con PWM.a(cyPm.o)
 .text.CyPmHibSaveSet
                0x00000000       0x98 .\CortexM3\ARM_GCC_541\Debug\Dimer con PWM.a(cyPm.o)
 .text.CyPmHviLviRestore
                0x00000000       0x48 .\CortexM3\ARM_GCC_541\Debug\Dimer con PWM.a(cyPm.o)
 .text.CyPmHibRestore
                0x00000000       0x60 .\CortexM3\ARM_GCC_541\Debug\Dimer con PWM.a(cyPm.o)
 .text.CyPmSaveClocks
                0x00000000      0x218 .\CortexM3\ARM_GCC_541\Debug\Dimer con PWM.a(cyPm.o)
 .text.CyPmRestoreClocks
                0x00000000      0x24c .\CortexM3\ARM_GCC_541\Debug\Dimer con PWM.a(cyPm.o)
 .text.CyPmAltAct
                0x00000000       0x6c .\CortexM3\ARM_GCC_541\Debug\Dimer con PWM.a(cyPm.o)
 .text.CyPmSleep
                0x00000000       0xf4 .\CortexM3\ARM_GCC_541\Debug\Dimer con PWM.a(cyPm.o)
 .text.CyPmHibernateEx
                0x00000000       0xf4 .\CortexM3\ARM_GCC_541\Debug\Dimer con PWM.a(cyPm.o)
 .text.CyPmHibernate
                0x00000000        0xc .\CortexM3\ARM_GCC_541\Debug\Dimer con PWM.a(cyPm.o)
 .text.CyPmReadStatus
                0x00000000       0x30 .\CortexM3\ARM_GCC_541\Debug\Dimer con PWM.a(cyPm.o)
 .text.CyPmCtwSetInterval
                0x00000000       0x5c .\CortexM3\ARM_GCC_541\Debug\Dimer con PWM.a(cyPm.o)
 .text.CyPmOppsSet
                0x00000000       0x2c .\CortexM3\ARM_GCC_541\Debug\Dimer con PWM.a(cyPm.o)
 .text.CyPmFtwSetInterval
                0x00000000       0x5c .\CortexM3\ARM_GCC_541\Debug\Dimer con PWM.a(cyPm.o)
 .rodata        0x00000000        0xf .\CortexM3\ARM_GCC_541\Debug\Dimer con PWM.a(cyPm.o)
 .text          0x00000000        0x0 .\CortexM3\ARM_GCC_541\Debug\Dimer con PWM.a(LCD.o)
 .data          0x00000000        0x0 .\CortexM3\ARM_GCC_541\Debug\Dimer con PWM.a(LCD.o)
 .text.LCD_PutChar
                0x00000000        0x8 .\CortexM3\ARM_GCC_541\Debug\Dimer con PWM.a(LCD.o)
 .text.LCD_Stop
                0x00000000       0x14 .\CortexM3\ARM_GCC_541\Debug\Dimer con PWM.a(LCD.o)
 .text.LCD_PrintInt8
                0x00000000       0x20 .\CortexM3\ARM_GCC_541\Debug\Dimer con PWM.a(LCD.o)
 .text.LCD_PrintInt16
                0x00000000       0x14 .\CortexM3\ARM_GCC_541\Debug\Dimer con PWM.a(LCD.o)
 .text.LCD_PrintInt32
                0x00000000       0x1c .\CortexM3\ARM_GCC_541\Debug\Dimer con PWM.a(LCD.o)
 .rodata        0x00000000       0x10 .\CortexM3\ARM_GCC_541\Debug\Dimer con PWM.a(LCD.o)
 .text          0x00000000        0x0 .\CortexM3\ARM_GCC_541\Debug\Dimer con PWM.a(ISR_SE.o)
 .data          0x00000000        0x0 .\CortexM3\ARM_GCC_541\Debug\Dimer con PWM.a(ISR_SE.o)
 .bss           0x00000000        0x0 .\CortexM3\ARM_GCC_541\Debug\Dimer con PWM.a(ISR_SE.o)
 .text.ISR_SE_Interrupt
                0x00000000        0x4 .\CortexM3\ARM_GCC_541\Debug\Dimer con PWM.a(ISR_SE.o)
 .text.ISR_SE_GetVector
                0x00000000        0xc .\CortexM3\ARM_GCC_541\Debug\Dimer con PWM.a(ISR_SE.o)
 .text.ISR_SE_GetPriority
                0x00000000        0xc .\CortexM3\ARM_GCC_541\Debug\Dimer con PWM.a(ISR_SE.o)
 .text.ISR_SE_GetState
                0x00000000       0x10 .\CortexM3\ARM_GCC_541\Debug\Dimer con PWM.a(ISR_SE.o)
 .text.ISR_SE_Start
                0x00000000       0x1c .\CortexM3\ARM_GCC_541\Debug\Dimer con PWM.a(ISR_SE.o)
 .text.ISR_SE_Stop
                0x00000000       0x14 .\CortexM3\ARM_GCC_541\Debug\Dimer con PWM.a(ISR_SE.o)
 .text.ISR_SE_SetPending
                0x00000000        0xc .\CortexM3\ARM_GCC_541\Debug\Dimer con PWM.a(ISR_SE.o)
 .text.ISR_SE_ClearPending
                0x00000000        0xc .\CortexM3\ARM_GCC_541\Debug\Dimer con PWM.a(ISR_SE.o)
 .text          0x00000000        0x0 .\CortexM3\ARM_GCC_541\Debug\Dimer con PWM.a(ISR_SWI.o)
 .data          0x00000000        0x0 .\CortexM3\ARM_GCC_541\Debug\Dimer con PWM.a(ISR_SWI.o)
 .bss           0x00000000        0x0 .\CortexM3\ARM_GCC_541\Debug\Dimer con PWM.a(ISR_SWI.o)
 .text.ISR_SWI_Interrupt
                0x00000000        0x4 .\CortexM3\ARM_GCC_541\Debug\Dimer con PWM.a(ISR_SWI.o)
 .text.ISR_SWI_GetVector
                0x00000000        0xc .\CortexM3\ARM_GCC_541\Debug\Dimer con PWM.a(ISR_SWI.o)
 .text.ISR_SWI_GetPriority
                0x00000000        0xc .\CortexM3\ARM_GCC_541\Debug\Dimer con PWM.a(ISR_SWI.o)
 .text.ISR_SWI_GetState
                0x00000000       0x18 .\CortexM3\ARM_GCC_541\Debug\Dimer con PWM.a(ISR_SWI.o)
 .text.ISR_SWI_Start
                0x00000000       0x1c .\CortexM3\ARM_GCC_541\Debug\Dimer con PWM.a(ISR_SWI.o)
 .text.ISR_SWI_Stop
                0x00000000       0x14 .\CortexM3\ARM_GCC_541\Debug\Dimer con PWM.a(ISR_SWI.o)
 .text.ISR_SWI_SetPending
                0x00000000        0xc .\CortexM3\ARM_GCC_541\Debug\Dimer con PWM.a(ISR_SWI.o)
 .text.ISR_SWI_ClearPending
                0x00000000        0xc .\CortexM3\ARM_GCC_541\Debug\Dimer con PWM.a(ISR_SWI.o)
 .text          0x00000000        0x0 .\CortexM3\ARM_GCC_541\Debug\Dimer con PWM.a(SWI.o)
 .data          0x00000000        0x0 .\CortexM3\ARM_GCC_541\Debug\Dimer con PWM.a(SWI.o)
 .bss           0x00000000        0x0 .\CortexM3\ARM_GCC_541\Debug\Dimer con PWM.a(SWI.o)
 .text.SWI_Write
                0x00000000       0x18 .\CortexM3\ARM_GCC_541\Debug\Dimer con PWM.a(SWI.o)
 .text.SWI_SetDriveMode
                0x00000000       0x24 .\CortexM3\ARM_GCC_541\Debug\Dimer con PWM.a(SWI.o)
 .text.SWI_ReadDataReg
                0x00000000       0x10 .\CortexM3\ARM_GCC_541\Debug\Dimer con PWM.a(SWI.o)
 .text.SWI_SetInterruptMode
                0x00000000       0x24 .\CortexM3\ARM_GCC_541\Debug\Dimer con PWM.a(SWI.o)
 .text          0x00000000        0x0 .\CortexM3\ARM_GCC_541\Debug\Dimer con PWM.a(Timer.o)
 .data          0x00000000        0x0 .\CortexM3\ARM_GCC_541\Debug\Dimer con PWM.a(Timer.o)
 .text.Timer_SoftwareCapture
                0x00000000        0xc .\CortexM3\ARM_GCC_541\Debug\Dimer con PWM.a(Timer.o)
 .text.Timer_ReadStatusRegister
                0x00000000        0xc .\CortexM3\ARM_GCC_541\Debug\Dimer con PWM.a(Timer.o)
 .text.Timer_ReadControlRegister
                0x00000000        0xc .\CortexM3\ARM_GCC_541\Debug\Dimer con PWM.a(Timer.o)
 .text.Timer_WriteControlRegister
                0x00000000        0xc .\CortexM3\ARM_GCC_541\Debug\Dimer con PWM.a(Timer.o)
 .text.Timer_ReadPeriod
                0x00000000        0xc .\CortexM3\ARM_GCC_541\Debug\Dimer con PWM.a(Timer.o)
 .text.Timer_ReadCapture
                0x00000000        0xc .\CortexM3\ARM_GCC_541\Debug\Dimer con PWM.a(Timer.o)
 .text.Timer_ReadCounter
                0x00000000       0x14 .\CortexM3\ARM_GCC_541\Debug\Dimer con PWM.a(Timer.o)
 .text          0x00000000        0x0 .\CortexM3\ARM_GCC_541\Debug\Dimer con PWM.a(PWM_1.o)
 .data          0x00000000        0x0 .\CortexM3\ARM_GCC_541\Debug\Dimer con PWM.a(PWM_1.o)
 .text.PWM_1_Stop
                0x00000000       0x10 .\CortexM3\ARM_GCC_541\Debug\Dimer con PWM.a(PWM_1.o)
 .text.PWM_1_ReadCounter
                0x00000000       0x14 .\CortexM3\ARM_GCC_541\Debug\Dimer con PWM.a(PWM_1.o)
 .text.PWM_1_ReadControlRegister
                0x00000000        0xc .\CortexM3\ARM_GCC_541\Debug\Dimer con PWM.a(PWM_1.o)
 .text.PWM_1_WriteControlRegister
                0x00000000        0xc .\CortexM3\ARM_GCC_541\Debug\Dimer con PWM.a(PWM_1.o)
 .text.PWM_1_ReadCompare1
                0x00000000        0xc .\CortexM3\ARM_GCC_541\Debug\Dimer con PWM.a(PWM_1.o)
 .text.PWM_1_ReadCompare2
                0x00000000        0xc .\CortexM3\ARM_GCC_541\Debug\Dimer con PWM.a(PWM_1.o)
 .text.PWM_1_ReadPeriod
                0x00000000        0xc .\CortexM3\ARM_GCC_541\Debug\Dimer con PWM.a(PWM_1.o)
 .data          0x00000000        0x0 .\CortexM3\ARM_GCC_541\Debug\Dimer con PWM.a(CyBootAsmGnu.o)
 .bss           0x00000000        0x0 .\CortexM3\ARM_GCC_541\Debug\Dimer con PWM.a(CyBootAsmGnu.o)
 .text          0x00000000        0x0 .\CortexM3\ARM_GCC_541\Debug\Dimer con PWM.a(CyFlash.o)
 .data          0x00000000        0x0 .\CortexM3\ARM_GCC_541\Debug\Dimer con PWM.a(CyFlash.o)
 .bss           0x00000000        0x0 .\CortexM3\ARM_GCC_541\Debug\Dimer con PWM.a(CyFlash.o)
 .text.CySetTempInt
                0x00000000       0x60 .\CortexM3\ARM_GCC_541\Debug\Dimer con PWM.a(CyFlash.o)
 .text.CyFlash_Start
                0x00000000       0x54 .\CortexM3\ARM_GCC_541\Debug\Dimer con PWM.a(CyFlash.o)
 .text.CyFlash_Stop
                0x00000000       0x24 .\CortexM3\ARM_GCC_541\Debug\Dimer con PWM.a(CyFlash.o)
 .text.CyFlash_EraseRow
                0x00000000       0x78 .\CortexM3\ARM_GCC_541\Debug\Dimer con PWM.a(CyFlash.o)
 .text.CyFlashGetSpcAlgorithm
                0x00000000       0x4c .\CortexM3\ARM_GCC_541\Debug\Dimer con PWM.a(CyFlash.o)
 .text.CySetTemp
                0x00000000       0x14 .\CortexM3\ARM_GCC_541\Debug\Dimer con PWM.a(CyFlash.o)
 .text.CySetFlashEEBuffer
                0x00000000       0x20 .\CortexM3\ARM_GCC_541\Debug\Dimer con PWM.a(CyFlash.o)
 .text.CyWriteRowFull
                0x00000000       0xf8 .\CortexM3\ARM_GCC_541\Debug\Dimer con PWM.a(CyFlash.o)
 .text.CyWriteRowData
                0x00000000       0x14 .\CortexM3\ARM_GCC_541\Debug\Dimer con PWM.a(CyFlash.o)
 .text.CyFlash_SetWaitCycles
                0x00000000       0x7c .\CortexM3\ARM_GCC_541\Debug\Dimer con PWM.a(CyFlash.o)
 .text.CyEEPROM_Start
                0x00000000       0x54 .\CortexM3\ARM_GCC_541\Debug\Dimer con PWM.a(CyFlash.o)
 .text.CyEEPROM_Stop
                0x00000000       0x24 .\CortexM3\ARM_GCC_541\Debug\Dimer con PWM.a(CyFlash.o)
 .text.CyEEPROM_ReadReserve
                0x00000000       0x1c .\CortexM3\ARM_GCC_541\Debug\Dimer con PWM.a(CyFlash.o)
 .text.CyEEPROM_ReadRelease
                0x00000000       0x10 .\CortexM3\ARM_GCC_541\Debug\Dimer con PWM.a(CyFlash.o)
 COMMON         0x00000000        0x2 .\CortexM3\ARM_GCC_541\Debug\Dimer con PWM.a(CyFlash.o)
 .text          0x00000000        0x0 .\CortexM3\ARM_GCC_541\Debug\Dimer con PWM.a(CySpc.o)
 .data          0x00000000        0x0 .\CortexM3\ARM_GCC_541\Debug\Dimer con PWM.a(CySpc.o)
 .bss           0x00000000        0x8 .\CortexM3\ARM_GCC_541\Debug\Dimer con PWM.a(CySpc.o)
 .text.CySpcStart
                0x00000000       0x24 .\CortexM3\ARM_GCC_541\Debug\Dimer con PWM.a(CySpc.o)
 .text.CySpcStop
                0x00000000       0x24 .\CortexM3\ARM_GCC_541\Debug\Dimer con PWM.a(CySpc.o)
 .text.CySpcReadData
                0x00000000       0x34 .\CortexM3\ARM_GCC_541\Debug\Dimer con PWM.a(CySpc.o)
 .text.CySpcLoadMultiByte
                0x00000000       0x78 .\CortexM3\ARM_GCC_541\Debug\Dimer con PWM.a(CySpc.o)
 .text.CySpcLoadRow
                0x00000000       0x50 .\CortexM3\ARM_GCC_541\Debug\Dimer con PWM.a(CySpc.o)
 .text.CySpcLoadRowFull
                0x00000000       0x80 .\CortexM3\ARM_GCC_541\Debug\Dimer con PWM.a(CySpc.o)
 .text.CySpcWriteRow
                0x00000000       0x4c .\CortexM3\ARM_GCC_541\Debug\Dimer con PWM.a(CySpc.o)
 .text.CySpcEraseSector
                0x00000000       0x3c .\CortexM3\ARM_GCC_541\Debug\Dimer con PWM.a(CySpc.o)
 .text.CySpcEraseRow
                0x00000000       0x4c .\CortexM3\ARM_GCC_541\Debug\Dimer con PWM.a(CySpc.o)
 .text.CySpcGetTemp
                0x00000000       0x3c .\CortexM3\ARM_GCC_541\Debug\Dimer con PWM.a(CySpc.o)
 .text.CySpcLock
                0x00000000       0x4c .\CortexM3\ARM_GCC_541\Debug\Dimer con PWM.a(CySpc.o)
 .text.CySpcUnlock
                0x00000000       0x38 .\CortexM3\ARM_GCC_541\Debug\Dimer con PWM.a(CySpc.o)
 .text.CySpcGetAlgorithm
                0x00000000       0x28 .\CortexM3\ARM_GCC_541\Debug\Dimer con PWM.a(CySpc.o)
 .text          0x00000000        0x0 c:/program files (x86)/cypress/psoc creator/4.2/psoc creator/import/gnu/arm/5.4.1/bin/../lib/gcc/arm-none-eabi/5.4.1/../../../../arm-none-eabi/lib/armv7-m\libg_nano.a(lib_a-errno.o)
 .data          0x00000000        0x0 c:/program files (x86)/cypress/psoc creator/4.2/psoc creator/import/gnu/arm/5.4.1/bin/../lib/gcc/arm-none-eabi/5.4.1/../../../../arm-none-eabi/lib/armv7-m\libg_nano.a(lib_a-errno.o)
 .bss           0x00000000        0x0 c:/program files (x86)/cypress/psoc creator/4.2/psoc creator/import/gnu/arm/5.4.1/bin/../lib/gcc/arm-none-eabi/5.4.1/../../../../arm-none-eabi/lib/armv7-m\libg_nano.a(lib_a-errno.o)
 .text          0x00000000        0x0 c:/program files (x86)/cypress/psoc creator/4.2/psoc creator/import/gnu/arm/5.4.1/bin/../lib/gcc/arm-none-eabi/5.4.1/../../../../arm-none-eabi/lib/armv7-m\libg_nano.a(lib_a-exit.o)
 .data          0x00000000        0x0 c:/program files (x86)/cypress/psoc creator/4.2/psoc creator/import/gnu/arm/5.4.1/bin/../lib/gcc/arm-none-eabi/5.4.1/../../../../arm-none-eabi/lib/armv7-m\libg_nano.a(lib_a-exit.o)
 .bss           0x00000000        0x0 c:/program files (x86)/cypress/psoc creator/4.2/psoc creator/import/gnu/arm/5.4.1/bin/../lib/gcc/arm-none-eabi/5.4.1/../../../../arm-none-eabi/lib/armv7-m\libg_nano.a(lib_a-exit.o)
 .text.exit     0x00000000       0x28 c:/program files (x86)/cypress/psoc creator/4.2/psoc creator/import/gnu/arm/5.4.1/bin/../lib/gcc/arm-none-eabi/5.4.1/../../../../arm-none-eabi/lib/armv7-m\libg_nano.a(lib_a-exit.o)
 .text          0x00000000        0x0 c:/program files (x86)/cypress/psoc creator/4.2/psoc creator/import/gnu/arm/5.4.1/bin/../lib/gcc/arm-none-eabi/5.4.1/../../../../arm-none-eabi/lib/armv7-m\libg_nano.a(lib_a-impure.o)
 .data          0x00000000        0x0 c:/program files (x86)/cypress/psoc creator/4.2/psoc creator/import/gnu/arm/5.4.1/bin/../lib/gcc/arm-none-eabi/5.4.1/../../../../arm-none-eabi/lib/armv7-m\libg_nano.a(lib_a-impure.o)
 .bss           0x00000000        0x0 c:/program files (x86)/cypress/psoc creator/4.2/psoc creator/import/gnu/arm/5.4.1/bin/../lib/gcc/arm-none-eabi/5.4.1/../../../../arm-none-eabi/lib/armv7-m\libg_nano.a(lib_a-impure.o)
 .rodata._global_impure_ptr
                0x00000000        0x4 c:/program files (x86)/cypress/psoc creator/4.2/psoc creator/import/gnu/arm/5.4.1/bin/../lib/gcc/arm-none-eabi/5.4.1/../../../../arm-none-eabi/lib/armv7-m\libg_nano.a(lib_a-impure.o)
 .text          0x00000000        0x0 c:/program files (x86)/cypress/psoc creator/4.2/psoc creator/import/gnu/arm/5.4.1/bin/../lib/gcc/arm-none-eabi/5.4.1/../../../../arm-none-eabi/lib/armv7-m\libg_nano.a(lib_a-init.o)
 .data          0x00000000        0x0 c:/program files (x86)/cypress/psoc creator/4.2/psoc creator/import/gnu/arm/5.4.1/bin/../lib/gcc/arm-none-eabi/5.4.1/../../../../arm-none-eabi/lib/armv7-m\libg_nano.a(lib_a-init.o)
 .bss           0x00000000        0x0 c:/program files (x86)/cypress/psoc creator/4.2/psoc creator/import/gnu/arm/5.4.1/bin/../lib/gcc/arm-none-eabi/5.4.1/../../../../arm-none-eabi/lib/armv7-m\libg_nano.a(lib_a-init.o)
 .text          0x00000000        0x0 c:/program files (x86)/cypress/psoc creator/4.2/psoc creator/import/gnu/arm/5.4.1/bin/../lib/gcc/arm-none-eabi/5.4.1/../../../../arm-none-eabi/lib/armv7-m\libg_nano.a(lib_a-memcpy-stub.o)
 .data          0x00000000        0x0 c:/program files (x86)/cypress/psoc creator/4.2/psoc creator/import/gnu/arm/5.4.1/bin/../lib/gcc/arm-none-eabi/5.4.1/../../../../arm-none-eabi/lib/armv7-m\libg_nano.a(lib_a-memcpy-stub.o)
 .bss           0x00000000        0x0 c:/program files (x86)/cypress/psoc creator/4.2/psoc creator/import/gnu/arm/5.4.1/bin/../lib/gcc/arm-none-eabi/5.4.1/../../../../arm-none-eabi/lib/armv7-m\libg_nano.a(lib_a-memcpy-stub.o)
 .text          0x00000000        0x0 c:/program files (x86)/cypress/psoc creator/4.2/psoc creator/import/gnu/arm/5.4.1/bin/../lib/gcc/arm-none-eabi/5.4.1/../../../../arm-none-eabi/lib/armv7-m\libg_nano.a(lib_a-memset.o)
 .data          0x00000000        0x0 c:/program files (x86)/cypress/psoc creator/4.2/psoc creator/import/gnu/arm/5.4.1/bin/../lib/gcc/arm-none-eabi/5.4.1/../../../../arm-none-eabi/lib/armv7-m\libg_nano.a(lib_a-memset.o)
 .bss           0x00000000        0x0 c:/program files (x86)/cypress/psoc creator/4.2/psoc creator/import/gnu/arm/5.4.1/bin/../lib/gcc/arm-none-eabi/5.4.1/../../../../arm-none-eabi/lib/armv7-m\libg_nano.a(lib_a-memset.o)
 .text          0x00000000        0x0 c:/program files (x86)/cypress/psoc creator/4.2/psoc creator/import/gnu/arm/5.4.1/bin/../lib/gcc/arm-none-eabi/5.4.1/armv7-m/crtend.o
 .data          0x00000000        0x0 c:/program files (x86)/cypress/psoc creator/4.2/psoc creator/import/gnu/arm/5.4.1/bin/../lib/gcc/arm-none-eabi/5.4.1/armv7-m/crtend.o
 .bss           0x00000000        0x0 c:/program files (x86)/cypress/psoc creator/4.2/psoc creator/import/gnu/arm/5.4.1/bin/../lib/gcc/arm-none-eabi/5.4.1/armv7-m/crtend.o
 .text          0x00000000        0x0 c:/program files (x86)/cypress/psoc creator/4.2/psoc creator/import/gnu/arm/5.4.1/bin/../lib/gcc/arm-none-eabi/5.4.1/armv7-m/crtn.o
 .data          0x00000000        0x0 c:/program files (x86)/cypress/psoc creator/4.2/psoc creator/import/gnu/arm/5.4.1/bin/../lib/gcc/arm-none-eabi/5.4.1/armv7-m/crtn.o
 .bss           0x00000000        0x0 c:/program files (x86)/cypress/psoc creator/4.2/psoc creator/import/gnu/arm/5.4.1/bin/../lib/gcc/arm-none-eabi/5.4.1/armv7-m/crtn.o

Memory Configuration

Name             Origin             Length             Attributes
rom              0x00000000         0x00040000         xr
ram              0x1fff8000         0x00010000         xrw
*default*        0x00000000         0xffffffff

Linker script and memory map

LOAD c:/program files (x86)/cypress/psoc creator/4.2/psoc creator/import/gnu/arm/5.4.1/bin/../lib/gcc/arm-none-eabi/5.4.1/armv7-m/crti.o
LOAD c:/program files (x86)/cypress/psoc creator/4.2/psoc creator/import/gnu/arm/5.4.1/bin/../lib/gcc/arm-none-eabi/5.4.1/armv7-m/crtbegin.o
LOAD c:/program files (x86)/cypress/psoc creator/4.2/psoc creator/import/gnu/arm/5.4.1/bin/../lib/gcc/arm-none-eabi/5.4.1/../../../../arm-none-eabi/lib/armv7-m/crt0.o
START GROUP
LOAD .\CortexM3\ARM_GCC_541\Debug\main.o
LOAD .\CortexM3\ARM_GCC_541\Debug\cyfitter_cfg.o
LOAD .\CortexM3\ARM_GCC_541\Debug\cymetadata.o
LOAD .\CortexM3\ARM_GCC_541\Debug\Cm3Start.o
LOAD .\CortexM3\ARM_GCC_541\Debug\Dimer con PWM.a
LOAD C:\Program Files (x86)\Cypress\PSoC Creator\4.2\PSoC Creator\psoc\content\cycomponentlibrary\CyComponentLibrary.cylib\CortexM3\ARM_GCC_541\Debug\CyComponentLibrary.a
END GROUP
START GROUP
LOAD c:/program files (x86)/cypress/psoc creator/4.2/psoc creator/import/gnu/arm/5.4.1/bin/../lib/gcc/arm-none-eabi/5.4.1/armv7-m\libgcc.a
LOAD c:/program files (x86)/cypress/psoc creator/4.2/psoc creator/import/gnu/arm/5.4.1/bin/../lib/gcc/arm-none-eabi/5.4.1/../../../../arm-none-eabi/lib/armv7-m\libg_nano.a
LOAD c:/program files (x86)/cypress/psoc creator/4.2/psoc creator/import/gnu/arm/5.4.1/bin/../lib/gcc/arm-none-eabi/5.4.1/../../../../arm-none-eabi/lib/armv7-m\libc_nano.a
END GROUP
START GROUP
LOAD c:/program files (x86)/cypress/psoc creator/4.2/psoc creator/import/gnu/arm/5.4.1/bin/../lib/gcc/arm-none-eabi/5.4.1/armv7-m\libgcc.a
LOAD c:/program files (x86)/cypress/psoc creator/4.2/psoc creator/import/gnu/arm/5.4.1/bin/../lib/gcc/arm-none-eabi/5.4.1/../../../../arm-none-eabi/lib/armv7-m\libc_nano.a
END GROUP
LOAD c:/program files (x86)/cypress/psoc creator/4.2/psoc creator/import/gnu/arm/5.4.1/bin/../lib/gcc/arm-none-eabi/5.4.1/armv7-m/crtend.o
LOAD c:/program files (x86)/cypress/psoc creator/4.2/psoc creator/import/gnu/arm/5.4.1/bin/../lib/gcc/arm-none-eabi/5.4.1/armv7-m/crtn.o
START GROUP
LOAD c:/program files (x86)/cypress/psoc creator/4.2/psoc creator/import/gnu/arm/5.4.1/bin/../lib/gcc/arm-none-eabi/5.4.1/armv7-m\libgcc.a
LOAD c:/program files (x86)/cypress/psoc creator/4.2/psoc creator/import/gnu/arm/5.4.1/bin/../lib/gcc/arm-none-eabi/5.4.1/../../../../arm-none-eabi/lib/armv7-m\libc.a
LOAD c:/program files (x86)/cypress/psoc creator/4.2/psoc creator/import/gnu/arm/5.4.1/bin/../lib/gcc/arm-none-eabi/5.4.1/../../../../arm-none-eabi/lib/armv7-m\libnosys.a
END GROUP
                0x00000000                CY_APPL_ORIGIN = 0x0
                0x00000100                CY_FLASH_ROW_SIZE = 0x100
                0x00000020                CY_ECC_ROW_SIZE = 0x20
                0x00000000                CY_EE_IN_BTLDR = 0x0
                0x00000000                CY_APPL_LOADABLE = 0x0
                0x00000800                CY_EE_SIZE = 0x800
                0x00000001                CY_APPL_NUM = 0x1
                0x00000001                CY_APPL_MAX = 0x1
                0x00000040                CY_METADATA_SIZE = 0x40
                0x00000000                CY_APPL_LOADABLE = 0x0
                0x00000000                CY_CHECKSUM_EXCLUDE_SIZE = ALIGN (0x0, CY_FLASH_ROW_SIZE)
                [!provide]                PROVIDE (__cy_heap_start, _end)
                0x00000001                PROVIDE (__cy_region_num, ((__cy_regions_end - __cy_regions) / 0x10))
                0x20008000                PROVIDE (__cy_stack, (ORIGIN (ram) + LENGTH (ram)))
                [!provide]                PROVIDE (__cy_heap_end, (__cy_stack - 0x800))

.cybootloader   0x00000000        0x0
 *(.cybootloader)
                0x00000000                appl1_start = CY_APPL_ORIGIN?CY_APPL_ORIGIN:ALIGN (CY_FLASH_ROW_SIZE)
                0x0001ff00                appl2_start = (appl1_start + ALIGN ((((LENGTH (rom) - appl1_start) - (0x2 * CY_FLASH_ROW_SIZE)) / 0x2), CY_FLASH_ROW_SIZE))
                0x00000000                appl_start = (CY_APPL_NUM == 0x1)?appl1_start:appl2_start
                0x00000000                ecc_offset = ((appl_start / CY_FLASH_ROW_SIZE) * CY_ECC_ROW_SIZE)
                0x00000000                ee_offset = (CY_APPL_LOADABLE && ! (CY_EE_IN_BTLDR))?((CY_EE_SIZE / CY_APPL_MAX) * (CY_APPL_NUM - 0x1)):0x0
                0x00000800                ee_size = (CY_APPL_LOADABLE && ! (CY_EE_IN_BTLDR))?(CY_EE_SIZE / CY_APPL_MAX):CY_EE_SIZE
                [!provide]                PROVIDE (CY_ECC_OFFSET, ecc_offset)

.text           0x00000000      0xfb6
 CREATE_OBJECT_SYMBOLS
                0x00000000                PROVIDE (__cy_interrupt_vector, RomVectors)
 *(.romvectors)
 .romvectors    0x00000000       0x10 .\CortexM3\ARM_GCC_541\Debug\Cm3Start.o
                0x00000000                RomVectors
                0x00000001                ASSERT ((. != __cy_interrupt_vector), No interrupt vector)
                0x00000001                ASSERT (CY_APPL_ORIGIN?(SIZEOF (.cybootloader) <= CY_APPL_ORIGIN):0x1, Wrong image location)
                0x00000010                PROVIDE (__cy_reset, Reset)
 *(.text.Reset)
 .text.Reset    0x00000010       0x18 .\CortexM3\ARM_GCC_541\Debug\Cm3Start.o
                0x00000010                Reset
                0x00000001                ASSERT ((. != __cy_reset), No reset code)
 *(.dma_init)
                0x00000001                ASSERT ((((appl_start + .) <= 0x10000) || 0x1), DMA Init must be within the first 64k of flash)
 *(.text .text.* .gnu.linkonce.t.*)
 .text          0x00000028       0x5c c:/program files (x86)/cypress/psoc creator/4.2/psoc creator/import/gnu/arm/5.4.1/bin/../lib/gcc/arm-none-eabi/5.4.1/armv7-m/crtbegin.o
 .text.visualLCD
                0x00000084       0x94 .\CortexM3\ARM_GCC_541\Debug\main.o
                0x00000084                visualLCD
 .text.Numero   0x00000118      0x280 .\CortexM3\ARM_GCC_541\Debug\main.o
                0x00000118                Numero
 .text.tiempo   0x00000398       0x9c .\CortexM3\ARM_GCC_541\Debug\main.o
                0x00000398                tiempo
 .text.INT_SE   0x00000434       0x10 .\CortexM3\ARM_GCC_541\Debug\main.o
                0x00000434                INT_SE
 .text.INT_SWI  0x00000444       0x80 .\CortexM3\ARM_GCC_541\Debug\main.o
                0x00000444                INT_SWI
 .text.main     0x000004c4       0x7c .\CortexM3\ARM_GCC_541\Debug\main.o
                0x000004c4                main
 .text.CyClockStartupError
                0x00000540        0x4 .\CortexM3\ARM_GCC_541\Debug\cyfitter_cfg.o
 .text.cfg_write_bytes32
                0x00000544       0x34 .\CortexM3\ARM_GCC_541\Debug\cyfitter_cfg.o
 .text.AnalogSetDefault
                0x00000578       0x28 .\CortexM3\ARM_GCC_541\Debug\cyfitter_cfg.o
 .text.CYMEMZERO
                0x000005a0        0xc .\CortexM3\ARM_GCC_541\Debug\cyfitter_cfg.o
 .text.ClockSetup
                0x000005ac       0xc8 .\CortexM3\ARM_GCC_541\Debug\cyfitter_cfg.o
 .text.CYCONFIGCPY
                0x00000674        0x8 .\CortexM3\ARM_GCC_541\Debug\cyfitter_cfg.o
 .text.cyfitter_cfg
                0x0000067c      0x100 .\CortexM3\ARM_GCC_541\Debug\cyfitter_cfg.o
                0x0000067c                cyfitter_cfg
 .text.IntDefaultHandler
                0x0000077c       0x10 .\CortexM3\ARM_GCC_541\Debug\Cm3Start.o
                0x0000077c                IntDefaultHandler
 .text.Start_c  0x0000078c       0x4c .\CortexM3\ARM_GCC_541\Debug\Cm3Start.o
                0x0000078c                Start_c
 .text.initialize_psoc
                0x000007d8       0x68 .\CortexM3\ARM_GCC_541\Debug\Cm3Start.o
                0x000007d8                initialize_psoc
 .text.PWM_Enable
                0x00000840       0x10 .\CortexM3\ARM_GCC_541\Debug\Dimer con PWM.a(PWM.o)
                0x00000840                PWM_Enable
 .text.PWM_WriteCounter
                0x00000850        0xc .\CortexM3\ARM_GCC_541\Debug\Dimer con PWM.a(PWM.o)
                0x00000850                PWM_WriteCounter
 .text.PWM_WritePeriod
                0x0000085c        0xc .\CortexM3\ARM_GCC_541\Debug\Dimer con PWM.a(PWM.o)
                0x0000085c                PWM_WritePeriod
 .text.PWM_WriteCompare1
                0x00000868        0xc .\CortexM3\ARM_GCC_541\Debug\Dimer con PWM.a(PWM.o)
                0x00000868                PWM_WriteCompare1
 .text.PWM_WriteCompare2
                0x00000874        0xc .\CortexM3\ARM_GCC_541\Debug\Dimer con PWM.a(PWM.o)
                0x00000874                PWM_WriteCompare2
 .text.PWM_SetInterruptMode
                0x00000880        0xc .\CortexM3\ARM_GCC_541\Debug\Dimer con PWM.a(PWM.o)
                0x00000880                PWM_SetInterruptMode
 .text.PWM_ReadStatusRegister
                0x0000088c        0xc .\CortexM3\ARM_GCC_541\Debug\Dimer con PWM.a(PWM.o)
                0x0000088c                PWM_ReadStatusRegister
 .text.PWM_ReadCapture
                0x00000898        0xc .\CortexM3\ARM_GCC_541\Debug\Dimer con PWM.a(PWM.o)
                0x00000898                PWM_ReadCapture
 .text.PWM_ClearFIFO
                0x000008a4       0x14 .\CortexM3\ARM_GCC_541\Debug\Dimer con PWM.a(PWM.o)
                0x000008a4                PWM_ClearFIFO
 .text.PWM_Init
                0x000008b8       0x68 .\CortexM3\ARM_GCC_541\Debug\Dimer con PWM.a(PWM.o)
                0x000008b8                PWM_Init
 .text.PWM_Start
                0x00000920       0x1c .\CortexM3\ARM_GCC_541\Debug\Dimer con PWM.a(PWM.o)
                0x00000920                PWM_Start
 .text.CyDelay  0x0000093c       0x2c .\CortexM3\ARM_GCC_541\Debug\Dimer con PWM.a(CyLib.o)
                0x0000093c                CyDelay
 .text.CyDelayUs
                0x00000968       0x14 .\CortexM3\ARM_GCC_541\Debug\Dimer con PWM.a(CyLib.o)
                0x00000968                CyDelayUs
 .text.LCD_WrCntrlNib
                0x0000097c       0x34 .\CortexM3\ARM_GCC_541\Debug\Dimer con PWM.a(LCD.o)
 .text.LCD_WrDatNib
                0x000009b0       0x44 .\CortexM3\ARM_GCC_541\Debug\Dimer con PWM.a(LCD.o)
 .text.LCD_IsReady
                0x000009f4       0xe4 .\CortexM3\ARM_GCC_541\Debug\Dimer con PWM.a(LCD.o)
                0x000009f4                LCD_IsReady
 .text.LCD_WriteData
                0x00000ad8       0x18 .\CortexM3\ARM_GCC_541\Debug\Dimer con PWM.a(LCD.o)
                0x00000ad8                LCD_WriteData
 .text.LCD_PrintString
                0x00000af0       0x1c .\CortexM3\ARM_GCC_541\Debug\Dimer con PWM.a(LCD.o)
                0x00000af0                LCD_PrintString
 .text.LCD_WriteControl
                0x00000b0c       0x18 .\CortexM3\ARM_GCC_541\Debug\Dimer con PWM.a(LCD.o)
                0x00000b0c                LCD_WriteControl
 .text.LCD_Init
                0x00000b24       0x6c .\CortexM3\ARM_GCC_541\Debug\Dimer con PWM.a(LCD.o)
                0x00000b24                LCD_Init
 .text.LCD_Enable
                0x00000b90       0x14 .\CortexM3\ARM_GCC_541\Debug\Dimer con PWM.a(LCD.o)
                0x00000b90                LCD_Enable
 .text.LCD_Start
                0x00000ba4       0x1c .\CortexM3\ARM_GCC_541\Debug\Dimer con PWM.a(LCD.o)
                0x00000ba4                LCD_Start
 .text.LCD_Position
                0x00000bc0       0x3c .\CortexM3\ARM_GCC_541\Debug\Dimer con PWM.a(LCD.o)
                0x00000bc0                LCD_Position
 .text.LCD_PrintU32Number
                0x00000bfc       0x64 .\CortexM3\ARM_GCC_541\Debug\Dimer con PWM.a(LCD.o)
                0x00000bfc                LCD_PrintU32Number
 .text.ISR_SE_SetVector
                0x00000c60        0xc .\CortexM3\ARM_GCC_541\Debug\Dimer con PWM.a(ISR_SE.o)
                0x00000c60                ISR_SE_SetVector
 .text.ISR_SE_SetPriority
                0x00000c6c       0x10 .\CortexM3\ARM_GCC_541\Debug\Dimer con PWM.a(ISR_SE.o)
                0x00000c6c                ISR_SE_SetPriority
 .text.ISR_SE_Enable
                0x00000c7c        0xc .\CortexM3\ARM_GCC_541\Debug\Dimer con PWM.a(ISR_SE.o)
                0x00000c7c                ISR_SE_Enable
 .text.ISR_SE_Disable
                0x00000c88        0xc .\CortexM3\ARM_GCC_541\Debug\Dimer con PWM.a(ISR_SE.o)
                0x00000c88                ISR_SE_Disable
 .text.ISR_SE_StartEx
                0x00000c94       0x1c .\CortexM3\ARM_GCC_541\Debug\Dimer con PWM.a(ISR_SE.o)
                0x00000c94                ISR_SE_StartEx
 .text.ISR_SWI_SetVector
                0x00000cb0        0xc .\CortexM3\ARM_GCC_541\Debug\Dimer con PWM.a(ISR_SWI.o)
                0x00000cb0                ISR_SWI_SetVector
 .text.ISR_SWI_SetPriority
                0x00000cbc       0x10 .\CortexM3\ARM_GCC_541\Debug\Dimer con PWM.a(ISR_SWI.o)
                0x00000cbc                ISR_SWI_SetPriority
 .text.ISR_SWI_Enable
                0x00000ccc        0xc .\CortexM3\ARM_GCC_541\Debug\Dimer con PWM.a(ISR_SWI.o)
                0x00000ccc                ISR_SWI_Enable
 .text.ISR_SWI_Disable
                0x00000cd8        0xc .\CortexM3\ARM_GCC_541\Debug\Dimer con PWM.a(ISR_SWI.o)
                0x00000cd8                ISR_SWI_Disable
 .text.ISR_SWI_StartEx
                0x00000ce4       0x1c .\CortexM3\ARM_GCC_541\Debug\Dimer con PWM.a(ISR_SWI.o)
                0x00000ce4                ISR_SWI_StartEx
 .text.SWI_Read
                0x00000d00       0x10 .\CortexM3\ARM_GCC_541\Debug\Dimer con PWM.a(SWI.o)
                0x00000d00                SWI_Read
 .text.SWI_ClearInterrupt
                0x00000d10       0x10 .\CortexM3\ARM_GCC_541\Debug\Dimer con PWM.a(SWI.o)
                0x00000d10                SWI_ClearInterrupt
 .text.Timer_Enable
                0x00000d20       0x28 .\CortexM3\ARM_GCC_541\Debug\Dimer con PWM.a(Timer.o)
                0x00000d20                Timer_Enable
 .text.Timer_Stop
                0x00000d48       0x28 .\CortexM3\ARM_GCC_541\Debug\Dimer con PWM.a(Timer.o)
                0x00000d48                Timer_Stop
 .text.Timer_SetInterruptMode
                0x00000d70        0xc .\CortexM3\ARM_GCC_541\Debug\Dimer con PWM.a(Timer.o)
                0x00000d70                Timer_SetInterruptMode
 .text.Timer_WritePeriod
                0x00000d7c        0xc .\CortexM3\ARM_GCC_541\Debug\Dimer con PWM.a(Timer.o)
                0x00000d7c                Timer_WritePeriod
 .text.Timer_WriteCounter
                0x00000d88        0xc .\CortexM3\ARM_GCC_541\Debug\Dimer con PWM.a(Timer.o)
                0x00000d88                Timer_WriteCounter
 .text.Timer_Init
                0x00000d94       0x68 .\CortexM3\ARM_GCC_541\Debug\Dimer con PWM.a(Timer.o)
                0x00000d94                Timer_Init
 .text.Timer_Start
                0x00000dfc       0x1c .\CortexM3\ARM_GCC_541\Debug\Dimer con PWM.a(Timer.o)
                0x00000dfc                Timer_Start
 .text.PWM_1_Enable
                0x00000e18       0x10 .\CortexM3\ARM_GCC_541\Debug\Dimer con PWM.a(PWM_1.o)
                0x00000e18                PWM_1_Enable
 .text.PWM_1_WriteCounter
                0x00000e28        0xc .\CortexM3\ARM_GCC_541\Debug\Dimer con PWM.a(PWM_1.o)
                0x00000e28                PWM_1_WriteCounter
 .text.PWM_1_WritePeriod
                0x00000e34        0xc .\CortexM3\ARM_GCC_541\Debug\Dimer con PWM.a(PWM_1.o)
                0x00000e34                PWM_1_WritePeriod
 .text.PWM_1_WriteCompare1
                0x00000e40        0xc .\CortexM3\ARM_GCC_541\Debug\Dimer con PWM.a(PWM_1.o)
                0x00000e40                PWM_1_WriteCompare1
 .text.PWM_1_WriteCompare2
                0x00000e4c        0xc .\CortexM3\ARM_GCC_541\Debug\Dimer con PWM.a(PWM_1.o)
                0x00000e4c                PWM_1_WriteCompare2
 .text.PWM_1_SetInterruptMode
                0x00000e58        0xc .\CortexM3\ARM_GCC_541\Debug\Dimer con PWM.a(PWM_1.o)
                0x00000e58                PWM_1_SetInterruptMode
 .text.PWM_1_ReadStatusRegister
                0x00000e64        0xc .\CortexM3\ARM_GCC_541\Debug\Dimer con PWM.a(PWM_1.o)
                0x00000e64                PWM_1_ReadStatusRegister
 .text.PWM_1_ReadCapture
                0x00000e70        0xc .\CortexM3\ARM_GCC_541\Debug\Dimer con PWM.a(PWM_1.o)
                0x00000e70                PWM_1_ReadCapture
 .text.PWM_1_ClearFIFO
                0x00000e7c       0x14 .\CortexM3\ARM_GCC_541\Debug\Dimer con PWM.a(PWM_1.o)
                0x00000e7c                PWM_1_ClearFIFO
 .text.PWM_1_Init
                0x00000e90       0x68 .\CortexM3\ARM_GCC_541\Debug\Dimer con PWM.a(PWM_1.o)
                0x00000e90                PWM_1_Init
 .text.PWM_1_Start
                0x00000ef8       0x1c .\CortexM3\ARM_GCC_541\Debug\Dimer con PWM.a(PWM_1.o)
                0x00000ef8                PWM_1_Start
 *fill*         0x00000f14        0x4 
 .text          0x00000f18       0x20 .\CortexM3\ARM_GCC_541\Debug\Dimer con PWM.a(CyBootAsmGnu.o)
                0x00000f18                CyDelayCycles
                0x00000f28                CyEnterCriticalSection
                0x00000f30                CyExitCriticalSection
 .text.__errno  0x00000f38        0xc c:/program files (x86)/cypress/psoc creator/4.2/psoc creator/import/gnu/arm/5.4.1/bin/../lib/gcc/arm-none-eabi/5.4.1/../../../../arm-none-eabi/lib/armv7-m\libg_nano.a(lib_a-errno.o)
                0x00000f38                __errno
 .text.__libc_init_array
                0x00000f44       0x4c c:/program files (x86)/cypress/psoc creator/4.2/psoc creator/import/gnu/arm/5.4.1/bin/../lib/gcc/arm-none-eabi/5.4.1/../../../../arm-none-eabi/lib/armv7-m\libg_nano.a(lib_a-init.o)
                0x00000f44                __libc_init_array
 .text.memcpy   0x00000f90       0x16 c:/program files (x86)/cypress/psoc creator/4.2/psoc creator/import/gnu/arm/5.4.1/bin/../lib/gcc/arm-none-eabi/5.4.1/../../../../arm-none-eabi/lib/armv7-m\libg_nano.a(lib_a-memcpy-stub.o)
                0x00000f90                memcpy
 .text.memset   0x00000fa6       0x10 c:/program files (x86)/cypress/psoc creator/4.2/psoc creator/import/gnu/arm/5.4.1/bin/../lib/gcc/arm-none-eabi/5.4.1/../../../../arm-none-eabi/lib/armv7-m\libg_nano.a(lib_a-memset.o)
                0x00000fa6                memset
 *(.plt)
 *(.gnu.warning)
 *(.glue_7t)
 .glue_7t       0x00000fb6        0x0 linker stubs
 *(.glue_7)
 .glue_7        0x00000fb6        0x0 linker stubs
 *(.vfp11_veneer)
 .vfp11_veneer  0x00000fb6        0x0 linker stubs
 *(.bootloader)
 *(.ARM.extab* .gnu.linkonce.armextab.*)
 *(.gcc_except_table)

.v4_bx          0x00000fb8        0x0
 .v4_bx         0x00000fb8        0x0 linker stubs

.iplt           0x00000fb8        0x0
 .iplt          0x00000fb8        0x0 c:/program files (x86)/cypress/psoc creator/4.2/psoc creator/import/gnu/arm/5.4.1/bin/../lib/gcc/arm-none-eabi/5.4.1/armv7-m/crtbegin.o

.eh_frame_hdr
 *(.eh_frame_hdr)

.eh_frame       0x00000fb8        0x4
 *(.eh_frame)
 .eh_frame      0x00000fb8        0x0 c:/program files (x86)/cypress/psoc creator/4.2/psoc creator/import/gnu/arm/5.4.1/bin/../lib/gcc/arm-none-eabi/5.4.1/armv7-m/crtbegin.o
 .eh_frame      0x00000fb8        0x4 c:/program files (x86)/cypress/psoc creator/4.2/psoc creator/import/gnu/arm/5.4.1/bin/../lib/gcc/arm-none-eabi/5.4.1/armv7-m/crtend.o
                [!provide]                PROVIDE (__exidx_start, .)

.ARM.exidx
 *(.ARM.exidx* .gnu.linkonce.armexidx.*)
                0x00000fbc                __exidx_end = .

.rodata         0x00000fbc       0x94
 *(.rodata .rodata.* .gnu.linkonce.r.*)
 .rodata.str1.4
                0x00000fbc       0x24 .\CortexM3\ARM_GCC_541\Debug\main.o
                                 0x22 (size before relaxing)
 .rodata        0x00000fe0       0x36 .\CortexM3\ARM_GCC_541\Debug\cyfitter_cfg.o
 .rodata.str1.1
                0x00001016        0x2 c:/program files (x86)/cypress/psoc creator/4.2/psoc creator/import/gnu/arm/5.4.1/bin/../lib/gcc/arm-none-eabi/5.4.1/../../../../arm-none-eabi/lib/armv7-m\libg_nano.a(lib_a-impure.o)
                0x00001018                . = ALIGN (0x4)
 *(.init)
 .init          0x00001018        0x4 c:/program files (x86)/cypress/psoc creator/4.2/psoc creator/import/gnu/arm/5.4.1/bin/../lib/gcc/arm-none-eabi/5.4.1/armv7-m/crti.o
                0x00001018                _init
 .init          0x0000101c        0x8 c:/program files (x86)/cypress/psoc creator/4.2/psoc creator/import/gnu/arm/5.4.1/bin/../lib/gcc/arm-none-eabi/5.4.1/armv7-m/crtn.o
                0x00001024                . = ALIGN (0x4)
                0x00001024                __preinit_array_start = .
 *(.preinit_array)
                0x00001024                __preinit_array_end = .
                0x00001024                . = ALIGN (0x4)
                0x00001024                __init_array_start = .
 *(SORT(.init_array.*))
 *(.init_array)
 .init_array    0x00001024        0x4 c:/program files (x86)/cypress/psoc creator/4.2/psoc creator/import/gnu/arm/5.4.1/bin/../lib/gcc/arm-none-eabi/5.4.1/armv7-m/crtbegin.o
 .init_array    0x00001028        0x4 .\CortexM3\ARM_GCC_541\Debug\Cm3Start.o
                0x0000102c                __init_array_end = .
                0x0000102c                . = ALIGN (0x4)
 *(.fini)
 .fini          0x0000102c        0x4 c:/program files (x86)/cypress/psoc creator/4.2/psoc creator/import/gnu/arm/5.4.1/bin/../lib/gcc/arm-none-eabi/5.4.1/armv7-m/crti.o
                0x0000102c                _fini
 .fini          0x00001030        0x8 c:/program files (x86)/cypress/psoc creator/4.2/psoc creator/import/gnu/arm/5.4.1/bin/../lib/gcc/arm-none-eabi/5.4.1/armv7-m/crtn.o
                0x00001038                . = ALIGN (0x4)
                0x00001038                __fini_array_start = .
 *(.fini_array)
 .fini_array    0x00001038        0x4 c:/program files (x86)/cypress/psoc creator/4.2/psoc creator/import/gnu/arm/5.4.1/bin/../lib/gcc/arm-none-eabi/5.4.1/armv7-m/crtbegin.o
 *(SORT(.fini_array.*))
                0x0000103c                __fini_array_end = .
                0x0000103c                . = ALIGN (0x4)
 *crtbegin.o(.ctors)
 *(EXCLUDE_FILE(*crtend.o) .ctors)
 *(SORT(.ctors.*))
 *crtend.o(.ctors)
                0x0000103c                . = ALIGN (0x4)
 *crtbegin.o(.dtors)
 *(EXCLUDE_FILE(*crtend.o) .dtors)
 *(SORT(.dtors.*))
 *crtend.o(.dtors)
                0x0000103c                . = ALIGN (0x4)
                0x0000103c                __cy_regions = .
                0x0000103c        0x4 LONG 0x1050 __cy_region_init_ram
                0x00001040        0x4 LONG 0x1fff80c8 __cy_region_start_data
                0x00001044        0x4 LONG 0x100 __cy_region_init_size_ram
                0x00001048        0x4 LONG 0x30 __cy_region_zero_size_ram
                0x0000104c                __cy_regions_end = .
                0x00001050                . = ALIGN (0x8)
 *fill*         0x0000104c        0x4 
                0x00001050                _etext = .

.cy_checksum_exclude
                0x00001050        0x0
 *(.cy_checksum_exclude)

.ramvectors     0x1fff8000       0xc0
                0x1fff8000                __cy_region_start_ram = .
 *(.ramvectors)
 .ramvectors    0x1fff8000       0xc0 .\CortexM3\ARM_GCC_541\Debug\Cm3Start.o
                0x1fff8000                CyRamVectors

.noinit         0x1fff80c0        0x1
 *(.noinit)
 .noinit        0x1fff80c0        0x1 .\CortexM3\ARM_GCC_541\Debug\Dimer con PWM.a(CyLib.o)
                0x1fff80c0                CyResetStatus

.data           0x1fff80c8      0x100 load address 0x00001050
                0x1fff80c8                __cy_region_start_data = .
 *(.jcr)
 .jcr           0x1fff80c8        0x0 c:/program files (x86)/cypress/psoc creator/4.2/psoc creator/import/gnu/arm/5.4.1/bin/../lib/gcc/arm-none-eabi/5.4.1/armv7-m/crtbegin.o
 .jcr           0x1fff80c8        0x4 c:/program files (x86)/cypress/psoc creator/4.2/psoc creator/import/gnu/arm/5.4.1/bin/../lib/gcc/arm-none-eabi/5.4.1/armv7-m/crtend.o
 *(.got.plt)
 *(.got)
 *(.shdata)
 *(.data .data.* .gnu.linkonce.d.*)
 .data          0x1fff80cc       0x87 .\CortexM3\ARM_GCC_541\Debug\main.o
                0x1fff80cc                Inferior
                0x1fff80d8                Superior
                0x1fff80e4                PasosSM1
                0x1fff8100                PasosSM2
                0x1fff811c                PasosSM3
                0x1fff8138                PasosSM4
                0x1fff8152                de
 *fill*         0x1fff8153        0x1 
 .data          0x1fff8154       0x10 .\CortexM3\ARM_GCC_541\Debug\Dimer con PWM.a(CyLib.o)
                0x1fff8154                cydelay_32k_ms
                0x1fff8158                cydelay_freq_khz
                0x1fff815c                cydelay_freq_mhz
                0x1fff8160                cydelay_freq_hz
 .data.impure_data
                0x1fff8164       0x60 c:/program files (x86)/cypress/psoc creator/4.2/psoc creator/import/gnu/arm/5.4.1/bin/../lib/gcc/arm-none-eabi/5.4.1/../../../../arm-none-eabi/lib/armv7-m\libg_nano.a(lib_a-impure.o)
 .data._impure_ptr
                0x1fff81c4        0x4 c:/program files (x86)/cypress/psoc creator/4.2/psoc creator/import/gnu/arm/5.4.1/bin/../lib/gcc/arm-none-eabi/5.4.1/../../../../arm-none-eabi/lib/armv7-m\libg_nano.a(lib_a-impure.o)
                0x1fff81c4                _impure_ptr
                0x1fff81c8                . = ALIGN (0x8)
 *(.ram)
                0x1fff81c8                _edata = .

.igot.plt       0x1fff81c8        0x0 load address 0x00001150
 .igot.plt      0x1fff81c8        0x0 c:/program files (x86)/cypress/psoc creator/4.2/psoc creator/import/gnu/arm/5.4.1/bin/../lib/gcc/arm-none-eabi/5.4.1/armv7-m/crtbegin.o

.bss            0x1fff81c8       0x30 load address 0x00001150
                0x1fff81c8                PROVIDE (__bss_start__, .)
 *(.shbss)
 *(.bss .bss.* .gnu.linkonce.b.*)
 .bss           0x1fff81c8       0x1c c:/program files (x86)/cypress/psoc creator/4.2/psoc creator/import/gnu/arm/5.4.1/bin/../lib/gcc/arm-none-eabi/5.4.1/armv7-m/crtbegin.o
 .bss           0x1fff81e4        0x1 .\CortexM3\ARM_GCC_541\Debug\Dimer con PWM.a(PWM.o)
                0x1fff81e4                PWM_initVar
 .bss           0x1fff81e5        0x2 .\CortexM3\ARM_GCC_541\Debug\Dimer con PWM.a(LCD.o)
                0x1fff81e5                LCD_enableState
                0x1fff81e6                LCD_initVar
 .bss           0x1fff81e7        0x1 .\CortexM3\ARM_GCC_541\Debug\Dimer con PWM.a(Timer.o)
                0x1fff81e7                Timer_initVar
 .bss           0x1fff81e8        0x1 .\CortexM3\ARM_GCC_541\Debug\Dimer con PWM.a(PWM_1.o)
                0x1fff81e8                PWM_1_initVar
 *(COMMON)
 *fill*         0x1fff81e9        0x1 
 COMMON         0x1fff81ea        0x9 .\CortexM3\ARM_GCC_541\Debug\main.o
                0x1fff81ea                u_hora
                0x1fff81eb                seg
                0x1fff81ec                d_min
                0x1fff81ed                aux
                0x1fff81ee                d_hora
                0x1fff81f0                count
                0x1fff81f2                u_min
                0x1fff81f8                . = ALIGN (0x8)
 *fill*         0x1fff81f3        0x5 
 *(.ram.b)
                0x1fff81f8                _end = .
                0x1fff81f8                __end = .
                0x1fff81f8                PROVIDE (end, .)
                0x1fff81f8                PROVIDE (__bss_end__, .)
                0x00001050                __cy_region_init_ram = LOADADDR (.data)
                0x00000100                __cy_region_init_size_ram = (_edata - ADDR (.data))
                0x00000030                __cy_region_zero_size_ram = (_end - _edata)

.heap           0x1fff81f8       0x80 load address 0x00001150
                0x1fff81f8                . = _end
                0x1fff8278                . = (. + 0x80)
 *fill*         0x1fff81f8       0x80 
                0x1fff8278                __cy_heap_limit = .

.stack          0x20007800      0x800
                0x20007800                __cy_stack_limit = .
                0x20008000                . = (. + 0x800)
 *fill*         0x20007800      0x800 
                0x00000001                ASSERT ((__cy_stack_limit >= __cy_heap_limit), region RAM overflowed with stack)
                0x00000000                cy_checksum_exclude_size = (CY_APPL_LOADABLE == 0x1)?SIZEOF (.cy_checksum_exclude):0x0
                0x00000001                ASSERT ((cy_checksum_exclude_size <= CY_CHECKSUM_EXCLUDE_SIZE), CY_BOOT: Section .cy_checksum_exclude size exceedes specified limit.)

.cyloadermeta
 *(.cyloadermeta)

.cyloadablemeta
 *(.cyloadablemeta)

.cyconfigecc    0x80000000      0x250
 *(.cyconfigecc)
 .cyconfigecc   0x80000000      0x250 .\CortexM3\ARM_GCC_541\Debug\cymetadata.o
                0x80000000                cy_meta_configecc

.cycustnvl      0x90000000        0x4
 *(.cycustnvl)
 .cycustnvl     0x90000000        0x4 .\CortexM3\ARM_GCC_541\Debug\cymetadata.o
                0x90000000                cy_meta_custnvl

.cywolatch      0x90100000        0x4
 *(.cywolatch)
 .cywolatch     0x90100000        0x4 .\CortexM3\ARM_GCC_541\Debug\cymetadata.o
                0x90100000                cy_meta_wonvl

.cyeeprom       0x90200000        0x0
 *(.cyeeprom)
                0x00000001                ASSERT ((. <= ((0x90200000 + ee_offset) + ee_size)), .cyeeprom data will not fit in EEPROM)

.cyflashprotect
                0x90400000      0x100
 *(.cyflashprotect)
 .cyflashprotect
                0x90400000      0x100 .\CortexM3\ARM_GCC_541\Debug\cymetadata.o
                0x90400000                cy_meta_flashprotect

.cymeta         0x90500000        0xc
 *(.cymeta)
 .cymeta        0x90500000        0xc .\CortexM3\ARM_GCC_541\Debug\cymetadata.o
                0x90500000                cy_metadata

.rel.dyn        0x00001150        0x0 load address 0x9050000c
 .rel.iplt      0x00001150        0x0 c:/program files (x86)/cypress/psoc creator/4.2/psoc creator/import/gnu/arm/5.4.1/bin/../lib/gcc/arm-none-eabi/5.4.1/armv7-m/crtbegin.o

.stab
 *(.stab)

.stabstr
 *(.stabstr)

.debug
 *(.debug)

.line
 *(.line)

.debug_srcinfo
 *(.debug_srcinfo)

.debug_sfnames
 *(.debug_sfnames)

.debug_aranges  0x00000000      0x918
 *(.debug_aranges)
 .debug_aranges
                0x00000000       0x48 .\CortexM3\ARM_GCC_541\Debug\main.o
 .debug_aranges
                0x00000048       0x58 .\CortexM3\ARM_GCC_541\Debug\cyfitter_cfg.o
 .debug_aranges
                0x000000a0       0x18 .\CortexM3\ARM_GCC_541\Debug\cymetadata.o
 .debug_aranges
                0x000000b8       0x48 .\CortexM3\ARM_GCC_541\Debug\Cm3Start.o
 .debug_aranges
                0x00000100       0xa8 .\CortexM3\ARM_GCC_541\Debug\Dimer con PWM.a(PWM.o)
 .debug_aranges
                0x000001a8      0x2a0 .\CortexM3\ARM_GCC_541\Debug\Dimer con PWM.a(CyLib.o)
 .debug_aranges
                0x00000448       0x98 .\CortexM3\ARM_GCC_541\Debug\Dimer con PWM.a(cyPm.o)
 .debug_aranges
                0x000004e0       0x98 .\CortexM3\ARM_GCC_541\Debug\Dimer con PWM.a(LCD.o)
 .debug_aranges
                0x00000578       0x80 .\CortexM3\ARM_GCC_541\Debug\Dimer con PWM.a(ISR_SE.o)
 .debug_aranges
                0x000005f8       0x80 .\CortexM3\ARM_GCC_541\Debug\Dimer con PWM.a(ISR_SWI.o)
 .debug_aranges
                0x00000678       0x48 .\CortexM3\ARM_GCC_541\Debug\Dimer con PWM.a(SWI.o)
 .debug_aranges
                0x000006c0       0x88 .\CortexM3\ARM_GCC_541\Debug\Dimer con PWM.a(Timer.o)
 .debug_aranges
                0x00000748       0xa8 .\CortexM3\ARM_GCC_541\Debug\Dimer con PWM.a(PWM_1.o)
 .debug_aranges
                0x000007f0       0x20 .\CortexM3\ARM_GCC_541\Debug\Dimer con PWM.a(CyBootAsmGnu.o)
 .debug_aranges
                0x00000810       0x88 .\CortexM3\ARM_GCC_541\Debug\Dimer con PWM.a(CyFlash.o)
 .debug_aranges
                0x00000898       0x80 .\CortexM3\ARM_GCC_541\Debug\Dimer con PWM.a(CySpc.o)

.debug_pubnames
 *(.debug_pubnames)

.debug_info     0x00000000     0x5403
 *(.debug_info .gnu.linkonce.wi.*)
 .debug_info    0x00000000      0x849 .\CortexM3\ARM_GCC_541\Debug\main.o
 .debug_info    0x00000849      0x4ee .\CortexM3\ARM_GCC_541\Debug\cyfitter_cfg.o
 .debug_info    0x00000d37      0x135 .\CortexM3\ARM_GCC_541\Debug\cymetadata.o
 .debug_info    0x00000e6c      0x3bb .\CortexM3\ARM_GCC_541\Debug\Cm3Start.o
 .debug_info    0x00001227      0x3a4 .\CortexM3\ARM_GCC_541\Debug\Dimer con PWM.a(PWM.o)
 .debug_info    0x000015cb     0x1374 .\CortexM3\ARM_GCC_541\Debug\Dimer con PWM.a(CyLib.o)
 .debug_info    0x0000293f      0xa2a .\CortexM3\ARM_GCC_541\Debug\Dimer con PWM.a(cyPm.o)
 .debug_info    0x00003369      0x715 .\CortexM3\ARM_GCC_541\Debug\Dimer con PWM.a(LCD.o)
 .debug_info    0x00003a7e      0x2d2 .\CortexM3\ARM_GCC_541\Debug\Dimer con PWM.a(ISR_SE.o)
 .debug_info    0x00003d50      0x2d2 .\CortexM3\ARM_GCC_541\Debug\Dimer con PWM.a(ISR_SWI.o)
 .debug_info    0x00004022      0x174 .\CortexM3\ARM_GCC_541\Debug\Dimer con PWM.a(SWI.o)
 .debug_info    0x00004196      0x295 .\CortexM3\ARM_GCC_541\Debug\Dimer con PWM.a(Timer.o)
 .debug_info    0x0000442b      0x3a4 .\CortexM3\ARM_GCC_541\Debug\Dimer con PWM.a(PWM_1.o)
 .debug_info    0x000047cf       0x97 .\CortexM3\ARM_GCC_541\Debug\Dimer con PWM.a(CyBootAsmGnu.o)
 .debug_info    0x00004866      0x64d .\CortexM3\ARM_GCC_541\Debug\Dimer con PWM.a(CyFlash.o)
 .debug_info    0x00004eb3      0x550 .\CortexM3\ARM_GCC_541\Debug\Dimer con PWM.a(CySpc.o)

.debug_abbrev   0x00000000     0x1538
 *(.debug_abbrev)
 .debug_abbrev  0x00000000      0x151 .\CortexM3\ARM_GCC_541\Debug\main.o
 .debug_abbrev  0x00000151      0x1fe .\CortexM3\ARM_GCC_541\Debug\cyfitter_cfg.o
 .debug_abbrev  0x0000034f       0x66 .\CortexM3\ARM_GCC_541\Debug\cymetadata.o
 .debug_abbrev  0x000003b5      0x1e8 .\CortexM3\ARM_GCC_541\Debug\Cm3Start.o
 .debug_abbrev  0x0000059d      0x133 .\CortexM3\ARM_GCC_541\Debug\Dimer con PWM.a(PWM.o)
 .debug_abbrev  0x000006d0      0x254 .\CortexM3\ARM_GCC_541\Debug\Dimer con PWM.a(CyLib.o)
 .debug_abbrev  0x00000924      0x1ab .\CortexM3\ARM_GCC_541\Debug\Dimer con PWM.a(cyPm.o)
 .debug_abbrev  0x00000acf      0x157 .\CortexM3\ARM_GCC_541\Debug\Dimer con PWM.a(LCD.o)
 .debug_abbrev  0x00000c26      0x173 .\CortexM3\ARM_GCC_541\Debug\Dimer con PWM.a(ISR_SE.o)
 .debug_abbrev  0x00000d99      0x173 .\CortexM3\ARM_GCC_541\Debug\Dimer con PWM.a(ISR_SWI.o)
 .debug_abbrev  0x00000f0c       0x90 .\CortexM3\ARM_GCC_541\Debug\Dimer con PWM.a(SWI.o)
 .debug_abbrev  0x00000f9c      0x11a .\CortexM3\ARM_GCC_541\Debug\Dimer con PWM.a(Timer.o)
 .debug_abbrev  0x000010b6      0x133 .\CortexM3\ARM_GCC_541\Debug\Dimer con PWM.a(PWM_1.o)
 .debug_abbrev  0x000011e9       0x14 .\CortexM3\ARM_GCC_541\Debug\Dimer con PWM.a(CyBootAsmGnu.o)
 .debug_abbrev  0x000011fd      0x1a7 .\CortexM3\ARM_GCC_541\Debug\Dimer con PWM.a(CyFlash.o)
 .debug_abbrev  0x000013a4      0x194 .\CortexM3\ARM_GCC_541\Debug\Dimer con PWM.a(CySpc.o)

.debug_line     0x00000000     0x224f
 *(.debug_line)
 .debug_line    0x00000000      0x300 .\CortexM3\ARM_GCC_541\Debug\main.o
 .debug_line    0x00000300      0x1da .\CortexM3\ARM_GCC_541\Debug\cyfitter_cfg.o
 .debug_line    0x000004da      0x141 .\CortexM3\ARM_GCC_541\Debug\cymetadata.o
 .debug_line    0x0000061b      0x234 .\CortexM3\ARM_GCC_541\Debug\Cm3Start.o
 .debug_line    0x0000084f      0x1aa .\CortexM3\ARM_GCC_541\Debug\Dimer con PWM.a(PWM.o)
 .debug_line    0x000009f9      0x816 .\CortexM3\ARM_GCC_541\Debug\Dimer con PWM.a(CyLib.o)
 .debug_line    0x0000120f      0x367 .\CortexM3\ARM_GCC_541\Debug\Dimer con PWM.a(cyPm.o)
 .debug_line    0x00001576      0x1dc .\CortexM3\ARM_GCC_541\Debug\Dimer con PWM.a(LCD.o)
 .debug_line    0x00001752      0x133 .\CortexM3\ARM_GCC_541\Debug\Dimer con PWM.a(ISR_SE.o)
 .debug_line    0x00001885      0x134 .\CortexM3\ARM_GCC_541\Debug\Dimer con PWM.a(ISR_SWI.o)
 .debug_line    0x000019b9       0xb7 .\CortexM3\ARM_GCC_541\Debug\Dimer con PWM.a(SWI.o)
 .debug_line    0x00001a70      0x153 .\CortexM3\ARM_GCC_541\Debug\Dimer con PWM.a(Timer.o)
 .debug_line    0x00001bc3      0x1ac .\CortexM3\ARM_GCC_541\Debug\Dimer con PWM.a(PWM_1.o)
 .debug_line    0x00001d6f       0x66 .\CortexM3\ARM_GCC_541\Debug\Dimer con PWM.a(CyBootAsmGnu.o)
 .debug_line    0x00001dd5      0x21a .\CortexM3\ARM_GCC_541\Debug\Dimer con PWM.a(CyFlash.o)
 .debug_line    0x00001fef      0x260 .\CortexM3\ARM_GCC_541\Debug\Dimer con PWM.a(CySpc.o)

.debug_frame    0x00000000     0x1774
 *(.debug_frame)
 .debug_frame   0x00000000       0xc8 .\CortexM3\ARM_GCC_541\Debug\main.o
 .debug_frame   0x000000c8       0xe4 .\CortexM3\ARM_GCC_541\Debug\cyfitter_cfg.o
 .debug_frame   0x000001ac       0xb8 .\CortexM3\ARM_GCC_541\Debug\Cm3Start.o
 .debug_frame   0x00000264      0x154 .\CortexM3\ARM_GCC_541\Debug\Dimer con PWM.a(PWM.o)
 .debug_frame   0x000003b8      0x738 .\CortexM3\ARM_GCC_541\Debug\Dimer con PWM.a(CyLib.o)
 .debug_frame   0x00000af0      0x1f8 .\CortexM3\ARM_GCC_541\Debug\Dimer con PWM.a(cyPm.o)
 .debug_frame   0x00000ce8      0x1e8 .\CortexM3\ARM_GCC_541\Debug\Dimer con PWM.a(LCD.o)
 .debug_frame   0x00000ed0      0x104 .\CortexM3\ARM_GCC_541\Debug\Dimer con PWM.a(ISR_SE.o)
 .debug_frame   0x00000fd4      0x104 .\CortexM3\ARM_GCC_541\Debug\Dimer con PWM.a(ISR_SWI.o)
 .debug_frame   0x000010d8       0x70 .\CortexM3\ARM_GCC_541\Debug\Dimer con PWM.a(SWI.o)
 .debug_frame   0x00001148      0x108 .\CortexM3\ARM_GCC_541\Debug\Dimer con PWM.a(Timer.o)
 .debug_frame   0x00001250      0x154 .\CortexM3\ARM_GCC_541\Debug\Dimer con PWM.a(PWM_1.o)
 .debug_frame   0x000013a4      0x194 .\CortexM3\ARM_GCC_541\Debug\Dimer con PWM.a(CyFlash.o)
 .debug_frame   0x00001538      0x180 .\CortexM3\ARM_GCC_541\Debug\Dimer con PWM.a(CySpc.o)
 .debug_frame   0x000016b8       0x20 c:/program files (x86)/cypress/psoc creator/4.2/psoc creator/import/gnu/arm/5.4.1/bin/../lib/gcc/arm-none-eabi/5.4.1/../../../../arm-none-eabi/lib/armv7-m\libg_nano.a(lib_a-errno.o)
 .debug_frame   0x000016d8       0x28 c:/program files (x86)/cypress/psoc creator/4.2/psoc creator/import/gnu/arm/5.4.1/bin/../lib/gcc/arm-none-eabi/5.4.1/../../../../arm-none-eabi/lib/armv7-m\libg_nano.a(lib_a-exit.o)
 .debug_frame   0x00001700       0x2c c:/program files (x86)/cypress/psoc creator/4.2/psoc creator/import/gnu/arm/5.4.1/bin/../lib/gcc/arm-none-eabi/5.4.1/../../../../arm-none-eabi/lib/armv7-m\libg_nano.a(lib_a-init.o)
 .debug_frame   0x0000172c       0x28 c:/program files (x86)/cypress/psoc creator/4.2/psoc creator/import/gnu/arm/5.4.1/bin/../lib/gcc/arm-none-eabi/5.4.1/../../../../arm-none-eabi/lib/armv7-m\libg_nano.a(lib_a-memcpy-stub.o)
 .debug_frame   0x00001754       0x20 c:/program files (x86)/cypress/psoc creator/4.2/psoc creator/import/gnu/arm/5.4.1/bin/../lib/gcc/arm-none-eabi/5.4.1/../../../../arm-none-eabi/lib/armv7-m\libg_nano.a(lib_a-memset.o)

.debug_str      0x00000000     0x1b9f
 *(.debug_str)
 .debug_str     0x00000000      0x2fa .\CortexM3\ARM_GCC_541\Debug\main.o
                                0x342 (size before relaxing)
 .debug_str     0x000002fa      0x174 .\CortexM3\ARM_GCC_541\Debug\cyfitter_cfg.o
                                0x316 (size before relaxing)
 .debug_str     0x0000046e       0x7f .\CortexM3\ARM_GCC_541\Debug\cymetadata.o
                                0x1eb (size before relaxing)
 .debug_str     0x000004ed      0x144 .\CortexM3\ARM_GCC_541\Debug\Cm3Start.o
                                0x311 (size before relaxing)
 .debug_str     0x00000631      0x19c .\CortexM3\ARM_GCC_541\Debug\Dimer con PWM.a(PWM.o)
                                0x364 (size before relaxing)
 .debug_str     0x000007cd      0x810 .\CortexM3\ARM_GCC_541\Debug\Dimer con PWM.a(CyLib.o)
                                0xa4e (size before relaxing)
 .debug_str     0x00000fdd      0x365 .\CortexM3\ARM_GCC_541\Debug\Dimer con PWM.a(cyPm.o)
                                0x73a (size before relaxing)
 .debug_str     0x00001342      0x12e .\CortexM3\ARM_GCC_541\Debug\Dimer con PWM.a(LCD.o)
                                0x332 (size before relaxing)
 .debug_str     0x00001470       0xe5 .\CortexM3\ARM_GCC_541\Debug\Dimer con PWM.a(ISR_SE.o)
                                0x2bb (size before relaxing)
 .debug_str     0x00001555       0xf2 .\CortexM3\ARM_GCC_541\Debug\Dimer con PWM.a(ISR_SWI.o)
                                0x2c9 (size before relaxing)
 .debug_str     0x00001647       0x71 .\CortexM3\ARM_GCC_541\Debug\Dimer con PWM.a(SWI.o)
                                0x217 (size before relaxing)
 .debug_str     0x000016b8      0x126 .\CortexM3\ARM_GCC_541\Debug\Dimer con PWM.a(Timer.o)
                                0x2fc (size before relaxing)
 .debug_str     0x000017de      0x15a .\CortexM3\ARM_GCC_541\Debug\Dimer con PWM.a(PWM_1.o)
                                0x38e (size before relaxing)
 .debug_str     0x00001938      0x1bb .\CortexM3\ARM_GCC_541\Debug\Dimer con PWM.a(CyFlash.o)
                                0x3c7 (size before relaxing)
 .debug_str     0x00001af3       0xac .\CortexM3\ARM_GCC_541\Debug\Dimer con PWM.a(CySpc.o)
                                0x33f (size before relaxing)

.debug_loc      0x00000000     0x2083
 *(.debug_loc)
 .debug_loc     0x00000000      0x17a .\CortexM3\ARM_GCC_541\Debug\main.o
 .debug_loc     0x0000017a      0x1d7 .\CortexM3\ARM_GCC_541\Debug\cyfitter_cfg.o
 .debug_loc     0x00000351      0x144 .\CortexM3\ARM_GCC_541\Debug\Cm3Start.o
 .debug_loc     0x00000495       0x26 .\CortexM3\ARM_GCC_541\Debug\Dimer con PWM.a(PWM.o)
 .debug_loc     0x000004bb      0xa11 .\CortexM3\ARM_GCC_541\Debug\Dimer con PWM.a(CyLib.o)
 .debug_loc     0x00000ecc      0x1e4 .\CortexM3\ARM_GCC_541\Debug\Dimer con PWM.a(cyPm.o)
 .debug_loc     0x000010b0      0x3c6 .\CortexM3\ARM_GCC_541\Debug\Dimer con PWM.a(LCD.o)
 .debug_loc     0x00001476       0x56 .\CortexM3\ARM_GCC_541\Debug\Dimer con PWM.a(ISR_SE.o)
 .debug_loc     0x000014cc       0x56 .\CortexM3\ARM_GCC_541\Debug\Dimer con PWM.a(ISR_SWI.o)
 .debug_loc     0x00001522       0x84 .\CortexM3\ARM_GCC_541\Debug\Dimer con PWM.a(SWI.o)
 .debug_loc     0x000015a6       0x26 .\CortexM3\ARM_GCC_541\Debug\Dimer con PWM.a(PWM_1.o)
 .debug_loc     0x000015cc      0x3b2 .\CortexM3\ARM_GCC_541\Debug\Dimer con PWM.a(CyFlash.o)
 .debug_loc     0x0000197e      0x705 .\CortexM3\ARM_GCC_541\Debug\Dimer con PWM.a(CySpc.o)

.debug_macinfo
 *(.debug_macinfo)

.debug_ranges   0x00000000      0x818
 *(.debug_ranges)
 .debug_ranges  0x00000000       0x50 .\CortexM3\ARM_GCC_541\Debug\main.o
 .debug_ranges  0x00000050       0x48 .\CortexM3\ARM_GCC_541\Debug\cyfitter_cfg.o
 .debug_ranges  0x00000098       0x38 .\CortexM3\ARM_GCC_541\Debug\Cm3Start.o
 .debug_ranges  0x000000d0       0x98 .\CortexM3\ARM_GCC_541\Debug\Dimer con PWM.a(PWM.o)
 .debug_ranges  0x00000168      0x290 .\CortexM3\ARM_GCC_541\Debug\Dimer con PWM.a(CyLib.o)
 .debug_ranges  0x000003f8       0x88 .\CortexM3\ARM_GCC_541\Debug\Dimer con PWM.a(cyPm.o)
 .debug_ranges  0x00000480       0x88 .\CortexM3\ARM_GCC_541\Debug\Dimer con PWM.a(LCD.o)
 .debug_ranges  0x00000508       0x70 .\CortexM3\ARM_GCC_541\Debug\Dimer con PWM.a(ISR_SE.o)
 .debug_ranges  0x00000578       0x70 .\CortexM3\ARM_GCC_541\Debug\Dimer con PWM.a(ISR_SWI.o)
 .debug_ranges  0x000005e8       0x38 .\CortexM3\ARM_GCC_541\Debug\Dimer con PWM.a(SWI.o)
 .debug_ranges  0x00000620       0x78 .\CortexM3\ARM_GCC_541\Debug\Dimer con PWM.a(Timer.o)
 .debug_ranges  0x00000698       0x98 .\CortexM3\ARM_GCC_541\Debug\Dimer con PWM.a(PWM_1.o)
 .debug_ranges  0x00000730       0x78 .\CortexM3\ARM_GCC_541\Debug\Dimer con PWM.a(CyFlash.o)
 .debug_ranges  0x000007a8       0x70 .\CortexM3\ARM_GCC_541\Debug\Dimer con PWM.a(CySpc.o)

.comment        0x00000000       0x6e
 .comment       0x00000000       0x6e .\CortexM3\ARM_GCC_541\Debug\main.o
                                 0x6f (size before relaxing)
 .comment       0x0000006e       0x6f .\CortexM3\ARM_GCC_541\Debug\cyfitter_cfg.o
 .comment       0x0000006e       0x6f .\CortexM3\ARM_GCC_541\Debug\cymetadata.o
 .comment       0x0000006e       0x6f .\CortexM3\ARM_GCC_541\Debug\Cm3Start.o
 .comment       0x0000006e       0x6f .\CortexM3\ARM_GCC_541\Debug\Dimer con PWM.a(PWM.o)
 .comment       0x0000006e       0x6f .\CortexM3\ARM_GCC_541\Debug\Dimer con PWM.a(CyLib.o)
 .comment       0x0000006e       0x6f .\CortexM3\ARM_GCC_541\Debug\Dimer con PWM.a(cyPm.o)
 .comment       0x0000006e       0x6f .\CortexM3\ARM_GCC_541\Debug\Dimer con PWM.a(LCD.o)
 .comment       0x0000006e       0x6f .\CortexM3\ARM_GCC_541\Debug\Dimer con PWM.a(ISR_SE.o)
 .comment       0x0000006e       0x6f .\CortexM3\ARM_GCC_541\Debug\Dimer con PWM.a(ISR_SWI.o)
 .comment       0x0000006e       0x6f .\CortexM3\ARM_GCC_541\Debug\Dimer con PWM.a(SWI.o)
 .comment       0x0000006e       0x6f .\CortexM3\ARM_GCC_541\Debug\Dimer con PWM.a(Timer.o)
 .comment       0x0000006e       0x6f .\CortexM3\ARM_GCC_541\Debug\Dimer con PWM.a(PWM_1.o)
 .comment       0x0000006e       0x6f .\CortexM3\ARM_GCC_541\Debug\Dimer con PWM.a(CyFlash.o)
 .comment       0x0000006e       0x6f .\CortexM3\ARM_GCC_541\Debug\Dimer con PWM.a(CySpc.o)

.debug_weaknames
 *(.debug_weaknames)

.debug_funcnames
 *(.debug_funcnames)

.debug_typenames
 *(.debug_typenames)

.debug_varnames
 *(.debug_varnames)

.note.gnu.arm.ident
 *(.note.gnu.arm.ident)

.ARM.attributes
                0x00000000       0x29
 *(.ARM.attributes)
 .ARM.attributes
                0x00000000       0x1d c:/program files (x86)/cypress/psoc creator/4.2/psoc creator/import/gnu/arm/5.4.1/bin/../lib/gcc/arm-none-eabi/5.4.1/armv7-m/crti.o
 .ARM.attributes
                0x0000001d       0x2d c:/program files (x86)/cypress/psoc creator/4.2/psoc creator/import/gnu/arm/5.4.1/bin/../lib/gcc/arm-none-eabi/5.4.1/armv7-m/crtbegin.o
 .ARM.attributes
                0x0000004a       0x1b c:/program files (x86)/cypress/psoc creator/4.2/psoc creator/import/gnu/arm/5.4.1/bin/../lib/gcc/arm-none-eabi/5.4.1/../../../../arm-none-eabi/lib/armv7-m/crt0.o
 .ARM.attributes
                0x00000065       0x33 .\CortexM3\ARM_GCC_541\Debug\main.o
 .ARM.attributes
                0x00000098       0x33 .\CortexM3\ARM_GCC_541\Debug\cyfitter_cfg.o
 .ARM.attributes
                0x000000cb       0x33 .\CortexM3\ARM_GCC_541\Debug\cymetadata.o
 .ARM.attributes
                0x000000fe       0x33 .\CortexM3\ARM_GCC_541\Debug\Cm3Start.o
 .ARM.attributes
                0x00000131       0x33 .\CortexM3\ARM_GCC_541\Debug\Dimer con PWM.a(PWM.o)
 .ARM.attributes
                0x00000164       0x33 .\CortexM3\ARM_GCC_541\Debug\Dimer con PWM.a(CyLib.o)
 .ARM.attributes
                0x00000197       0x33 .\CortexM3\ARM_GCC_541\Debug\Dimer con PWM.a(cyPm.o)
 .ARM.attributes
                0x000001ca       0x33 .\CortexM3\ARM_GCC_541\Debug\Dimer con PWM.a(LCD.o)
 .ARM.attributes
                0x000001fd       0x33 .\CortexM3\ARM_GCC_541\Debug\Dimer con PWM.a(ISR_SE.o)
 .ARM.attributes
                0x00000230       0x33 .\CortexM3\ARM_GCC_541\Debug\Dimer con PWM.a(ISR_SWI.o)
 .ARM.attributes
                0x00000263       0x33 .\CortexM3\ARM_GCC_541\Debug\Dimer con PWM.a(SWI.o)
 .ARM.attributes
                0x00000296       0x33 .\CortexM3\ARM_GCC_541\Debug\Dimer con PWM.a(Timer.o)
 .ARM.attributes
                0x000002c9       0x33 .\CortexM3\ARM_GCC_541\Debug\Dimer con PWM.a(PWM_1.o)
 .ARM.attributes
                0x000002fc       0x21 .\CortexM3\ARM_GCC_541\Debug\Dimer con PWM.a(CyBootAsmGnu.o)
 .ARM.attributes
                0x0000031d       0x33 .\CortexM3\ARM_GCC_541\Debug\Dimer con PWM.a(CyFlash.o)
 .ARM.attributes
                0x00000350       0x33 .\CortexM3\ARM_GCC_541\Debug\Dimer con PWM.a(CySpc.o)
 .ARM.attributes
                0x00000383       0x2d c:/program files (x86)/cypress/psoc creator/4.2/psoc creator/import/gnu/arm/5.4.1/bin/../lib/gcc/arm-none-eabi/5.4.1/../../../../arm-none-eabi/lib/armv7-m\libg_nano.a(lib_a-errno.o)
 .ARM.attributes
                0x000003b0       0x2d c:/program files (x86)/cypress/psoc creator/4.2/psoc creator/import/gnu/arm/5.4.1/bin/../lib/gcc/arm-none-eabi/5.4.1/../../../../arm-none-eabi/lib/armv7-m\libg_nano.a(lib_a-exit.o)
 .ARM.attributes
                0x000003dd       0x2d c:/program files (x86)/cypress/psoc creator/4.2/psoc creator/import/gnu/arm/5.4.1/bin/../lib/gcc/arm-none-eabi/5.4.1/../../../../arm-none-eabi/lib/armv7-m\libg_nano.a(lib_a-impure.o)
 .ARM.attributes
                0x0000040a       0x2d c:/program files (x86)/cypress/psoc creator/4.2/psoc creator/import/gnu/arm/5.4.1/bin/../lib/gcc/arm-none-eabi/5.4.1/../../../../arm-none-eabi/lib/armv7-m\libg_nano.a(lib_a-init.o)
 .ARM.attributes
                0x00000437       0x2d c:/program files (x86)/cypress/psoc creator/4.2/psoc creator/import/gnu/arm/5.4.1/bin/../lib/gcc/arm-none-eabi/5.4.1/../../../../arm-none-eabi/lib/armv7-m\libg_nano.a(lib_a-memcpy-stub.o)
 .ARM.attributes
                0x00000464       0x2d c:/program files (x86)/cypress/psoc creator/4.2/psoc creator/import/gnu/arm/5.4.1/bin/../lib/gcc/arm-none-eabi/5.4.1/../../../../arm-none-eabi/lib/armv7-m\libg_nano.a(lib_a-memset.o)
 .ARM.attributes
                0x00000491       0x2d c:/program files (x86)/cypress/psoc creator/4.2/psoc creator/import/gnu/arm/5.4.1/bin/../lib/gcc/arm-none-eabi/5.4.1/armv7-m/crtend.o
 .ARM.attributes
                0x000004be       0x1d c:/program files (x86)/cypress/psoc creator/4.2/psoc creator/import/gnu/arm/5.4.1/bin/../lib/gcc/arm-none-eabi/5.4.1/armv7-m/crtn.o

/DISCARD/
 *(.note.GNU-stack)
OUTPUT(C:\Users\Nicolas Zamora\Documents\PSoC Creator\TIMER\Dimer con PWM.cydsn\CortexM3\ARM_GCC_541\Debug\Dimer con PWM.elf elf32-littlearm)
