Archive member included to satisfy reference by file (symbol)

.\CortexM3\ARM_GCC_541\Debug\LCD_PERSONALIZADO.a(CyLib.o)
                              .\CortexM3\ARM_GCC_541\Debug\Cm3Start.o (CyHalt)
.\CortexM3\ARM_GCC_541\Debug\LCD_PERSONALIZADO.a(cyPm.o)
                              .\CortexM3\ARM_GCC_541\Debug\LCD_PERSONALIZADO.a(CyLib.o) (CyPmReadStatus)
.\CortexM3\ARM_GCC_541\Debug\LCD_PERSONALIZADO.a(LCD.o)
                              .\CortexM3\ARM_GCC_541\Debug\main.o (LCD_PutChar)
.\CortexM3\ARM_GCC_541\Debug\LCD_PERSONALIZADO.a(LCD_CustChars.o)
                              .\CortexM3\ARM_GCC_541\Debug\LCD_PERSONALIZADO.a(LCD.o) (LCD_LoadCustomFonts)
.\CortexM3\ARM_GCC_541\Debug\LCD_PERSONALIZADO.a(IRS_SW.o)
                              .\CortexM3\ARM_GCC_541\Debug\main.o (IRS_SW_StartEx)
.\CortexM3\ARM_GCC_541\Debug\LCD_PERSONALIZADO.a(sw.o)
                              .\CortexM3\ARM_GCC_541\Debug\main.o (sw_Read)
.\CortexM3\ARM_GCC_541\Debug\LCD_PERSONALIZADO.a(CyBootAsmGnu.o)
                              .\CortexM3\ARM_GCC_541\Debug\cyfitter_cfg.o (CyDelayCycles)
.\CortexM3\ARM_GCC_541\Debug\LCD_PERSONALIZADO.a(CyFlash.o)
                              .\CortexM3\ARM_GCC_541\Debug\LCD_PERSONALIZADO.a(cyPm.o) (CyFlash_SetWaitCycles)
.\CortexM3\ARM_GCC_541\Debug\LCD_PERSONALIZADO.a(CySpc.o)
                              .\CortexM3\ARM_GCC_541\Debug\LCD_PERSONALIZADO.a(CyFlash.o) (CySpcStart)
c:/program files (x86)/cypress/psoc creator/4.2/psoc creator/import/gnu/arm/5.4.1/bin/../lib/gcc/arm-none-eabi/5.4.1/../../../../arm-none-eabi/lib/armv7-m\libg_nano.a(lib_a-errno.o)
                              .\CortexM3\ARM_GCC_541\Debug\Cm3Start.o (__errno)
c:/program files (x86)/cypress/psoc creator/4.2/psoc creator/import/gnu/arm/5.4.1/bin/../lib/gcc/arm-none-eabi/5.4.1/../../../../arm-none-eabi/lib/armv7-m\libg_nano.a(lib_a-exit.o)
                              c:/program files (x86)/cypress/psoc creator/4.2/psoc creator/import/gnu/arm/5.4.1/bin/../lib/gcc/arm-none-eabi/5.4.1/../../../../arm-none-eabi/lib/armv7-m/crt0.o (exit)
c:/program files (x86)/cypress/psoc creator/4.2/psoc creator/import/gnu/arm/5.4.1/bin/../lib/gcc/arm-none-eabi/5.4.1/../../../../arm-none-eabi/lib/armv7-m\libg_nano.a(lib_a-impure.o)
                              c:/program files (x86)/cypress/psoc creator/4.2/psoc creator/import/gnu/arm/5.4.1/bin/../lib/gcc/arm-none-eabi/5.4.1/../../../../arm-none-eabi/lib/armv7-m\libg_nano.a(lib_a-exit.o) (_global_impure_ptr)
c:/program files (x86)/cypress/psoc creator/4.2/psoc creator/import/gnu/arm/5.4.1/bin/../lib/gcc/arm-none-eabi/5.4.1/../../../../arm-none-eabi/lib/armv7-m\libg_nano.a(lib_a-init.o)
                              c:/program files (x86)/cypress/psoc creator/4.2/psoc creator/import/gnu/arm/5.4.1/bin/../lib/gcc/arm-none-eabi/5.4.1/../../../../arm-none-eabi/lib/armv7-m/crt0.o (__libc_init_array)
c:/program files (x86)/cypress/psoc creator/4.2/psoc creator/import/gnu/arm/5.4.1/bin/../lib/gcc/arm-none-eabi/5.4.1/../../../../arm-none-eabi/lib/armv7-m\libg_nano.a(lib_a-memcpy-stub.o)
                              .\CortexM3\ARM_GCC_541\Debug\cyfitter_cfg.o (memcpy)
c:/program files (x86)/cypress/psoc creator/4.2/psoc creator/import/gnu/arm/5.4.1/bin/../lib/gcc/arm-none-eabi/5.4.1/../../../../arm-none-eabi/lib/armv7-m\libg_nano.a(lib_a-memset.o)
                              c:/program files (x86)/cypress/psoc creator/4.2/psoc creator/import/gnu/arm/5.4.1/bin/../lib/gcc/arm-none-eabi/5.4.1/../../../../arm-none-eabi/lib/armv7-m/crt0.o (memset)

Allocating common symbols
Common symbol       size              file

tiempo              0x2               .\CortexM3\ARM_GCC_541\Debug\main.o
i                   0x1               .\CortexM3\ARM_GCC_541\Debug\main.o
dieTemperature      0x2               .\CortexM3\ARM_GCC_541\Debug\LCD_PERSONALIZADO.a(CyFlash.o)

Discarded input sections

 .text          0x00000000        0x0 c:/program files (x86)/cypress/psoc creator/4.2/psoc creator/import/gnu/arm/5.4.1/bin/../lib/gcc/arm-none-eabi/5.4.1/armv7-m/crti.o
 .data          0x00000000        0x0 c:/program files (x86)/cypress/psoc creator/4.2/psoc creator/import/gnu/arm/5.4.1/bin/../lib/gcc/arm-none-eabi/5.4.1/armv7-m/crti.o
 .bss           0x00000000        0x0 c:/program files (x86)/cypress/psoc creator/4.2/psoc creator/import/gnu/arm/5.4.1/bin/../lib/gcc/arm-none-eabi/5.4.1/armv7-m/crti.o
 .data          0x00000000        0x4 c:/program files (x86)/cypress/psoc creator/4.2/psoc creator/import/gnu/arm/5.4.1/bin/../lib/gcc/arm-none-eabi/5.4.1/armv7-m/crtbegin.o
 .text          0x00000000       0x74 c:/program files (x86)/cypress/psoc creator/4.2/psoc creator/import/gnu/arm/5.4.1/bin/../lib/gcc/arm-none-eabi/5.4.1/../../../../arm-none-eabi/lib/armv7-m/crt0.o
 .data          0x00000000        0x0 c:/program files (x86)/cypress/psoc creator/4.2/psoc creator/import/gnu/arm/5.4.1/bin/../lib/gcc/arm-none-eabi/5.4.1/../../../../arm-none-eabi/lib/armv7-m/crt0.o
 .bss           0x00000000        0x0 c:/program files (x86)/cypress/psoc creator/4.2/psoc creator/import/gnu/arm/5.4.1/bin/../lib/gcc/arm-none-eabi/5.4.1/../../../../arm-none-eabi/lib/armv7-m/crt0.o
 .ARM.extab     0x00000000        0x0 c:/program files (x86)/cypress/psoc creator/4.2/psoc creator/import/gnu/arm/5.4.1/bin/../lib/gcc/arm-none-eabi/5.4.1/../../../../arm-none-eabi/lib/armv7-m/crt0.o
 .ARM.exidx     0x00000000        0x8 c:/program files (x86)/cypress/psoc creator/4.2/psoc creator/import/gnu/arm/5.4.1/bin/../lib/gcc/arm-none-eabi/5.4.1/../../../../arm-none-eabi/lib/armv7-m/crt0.o
 .text          0x00000000        0x0 .\CortexM3\ARM_GCC_541\Debug\main.o
 .data          0x00000000        0x0 .\CortexM3\ARM_GCC_541\Debug\main.o
 .bss           0x00000000        0x0 .\CortexM3\ARM_GCC_541\Debug\main.o
 .text          0x00000000        0x0 .\CortexM3\ARM_GCC_541\Debug\cyfitter_cfg.o
 .data          0x00000000        0x0 .\CortexM3\ARM_GCC_541\Debug\cyfitter_cfg.o
 .bss           0x00000000        0x0 .\CortexM3\ARM_GCC_541\Debug\cyfitter_cfg.o
 .text.SetAnalogRoutingPumps
                0x00000000       0x10 .\CortexM3\ARM_GCC_541\Debug\cyfitter_cfg.o
 .text          0x00000000        0x0 .\CortexM3\ARM_GCC_541\Debug\cymetadata.o
 .data          0x00000000        0x0 .\CortexM3\ARM_GCC_541\Debug\cymetadata.o
 .bss           0x00000000        0x0 .\CortexM3\ARM_GCC_541\Debug\cymetadata.o
 .text          0x00000000        0x0 .\CortexM3\ARM_GCC_541\Debug\Cm3Start.o
 .data          0x00000000        0x4 .\CortexM3\ARM_GCC_541\Debug\Cm3Start.o
 .bss           0x00000000        0x0 .\CortexM3\ARM_GCC_541\Debug\Cm3Start.o
 .text._exit    0x00000000        0xc .\CortexM3\ARM_GCC_541\Debug\Cm3Start.o
 .text._sbrk    0x00000000       0x30 .\CortexM3\ARM_GCC_541\Debug\Cm3Start.o
 .text          0x00000000        0x0 .\CortexM3\ARM_GCC_541\Debug\LCD_PERSONALIZADO.a(CyLib.o)
 .bss           0x00000000       0x1c .\CortexM3\ARM_GCC_541\Debug\LCD_PERSONALIZADO.a(CyLib.o)
 .text.CyUSB_PowerOnCheck
                0x00000000       0x48 .\CortexM3\ARM_GCC_541\Debug\LCD_PERSONALIZADO.a(CyLib.o)
 .text.CyBusClk_Internal_SetDivider
                0x00000000       0x48 .\CortexM3\ARM_GCC_541\Debug\LCD_PERSONALIZADO.a(CyLib.o)
 .text.CyPLL_OUT_Stop
                0x00000000       0x10 .\CortexM3\ARM_GCC_541\Debug\LCD_PERSONALIZADO.a(CyLib.o)
 .text.CyIMO_Stop
                0x00000000       0x1c .\CortexM3\ARM_GCC_541\Debug\LCD_PERSONALIZADO.a(CyLib.o)
 .text.CyIMO_EnableDoubler
                0x00000000       0x10 .\CortexM3\ARM_GCC_541\Debug\LCD_PERSONALIZADO.a(CyLib.o)
 .text.CyIMO_DisableDoubler
                0x00000000       0x10 .\CortexM3\ARM_GCC_541\Debug\LCD_PERSONALIZADO.a(CyLib.o)
 .text.CyMasterClk_SetSource
                0x00000000       0x18 .\CortexM3\ARM_GCC_541\Debug\LCD_PERSONALIZADO.a(CyLib.o)
 .text.CyMasterClk_SetDivider
                0x00000000        0xc .\CortexM3\ARM_GCC_541\Debug\LCD_PERSONALIZADO.a(CyLib.o)
 .text.CyBusClk_SetDivider
                0x00000000       0x70 .\CortexM3\ARM_GCC_541\Debug\LCD_PERSONALIZADO.a(CyLib.o)
 .text.CyUsbClk_SetSource
                0x00000000       0x18 .\CortexM3\ARM_GCC_541\Debug\LCD_PERSONALIZADO.a(CyLib.o)
 .text.CyILO_Start1K
                0x00000000       0x10 .\CortexM3\ARM_GCC_541\Debug\LCD_PERSONALIZADO.a(CyLib.o)
 .text.CyILO_Stop1K
                0x00000000       0x10 .\CortexM3\ARM_GCC_541\Debug\LCD_PERSONALIZADO.a(CyLib.o)
 .text.CyILO_Start100K
                0x00000000       0x10 .\CortexM3\ARM_GCC_541\Debug\LCD_PERSONALIZADO.a(CyLib.o)
 .text.CyILO_Stop100K
                0x00000000       0x10 .\CortexM3\ARM_GCC_541\Debug\LCD_PERSONALIZADO.a(CyLib.o)
 .text.CyPLL_OUT_Start
                0x00000000       0x78 .\CortexM3\ARM_GCC_541\Debug\LCD_PERSONALIZADO.a(CyLib.o)
 .text.CyIMO_Start
                0x00000000       0x60 .\CortexM3\ARM_GCC_541\Debug\LCD_PERSONALIZADO.a(CyLib.o)
 .text.CyILO_Enable33K
                0x00000000       0x10 .\CortexM3\ARM_GCC_541\Debug\LCD_PERSONALIZADO.a(CyLib.o)
 .text.CyILO_Disable33K
                0x00000000       0x10 .\CortexM3\ARM_GCC_541\Debug\LCD_PERSONALIZADO.a(CyLib.o)
 .text.CyILO_SetSource
                0x00000000       0x18 .\CortexM3\ARM_GCC_541\Debug\LCD_PERSONALIZADO.a(CyLib.o)
 .text.CyILO_SetPowerMode
                0x00000000       0x24 .\CortexM3\ARM_GCC_541\Debug\LCD_PERSONALIZADO.a(CyLib.o)
 .text.CyXTAL_32KHZ_Stop
                0x00000000       0x30 .\CortexM3\ARM_GCC_541\Debug\LCD_PERSONALIZADO.a(CyLib.o)
 .text.CyXTAL_32KHZ_ReadStatus
                0x00000000       0x10 .\CortexM3\ARM_GCC_541\Debug\LCD_PERSONALIZADO.a(CyLib.o)
 .text.CyXTAL_Start
                0x00000000       0xac .\CortexM3\ARM_GCC_541\Debug\LCD_PERSONALIZADO.a(CyLib.o)
 .text.CyXTAL_Stop
                0x00000000       0x10 .\CortexM3\ARM_GCC_541\Debug\LCD_PERSONALIZADO.a(CyLib.o)
 .text.CyXTAL_EnableErrStatus
                0x00000000       0x10 .\CortexM3\ARM_GCC_541\Debug\LCD_PERSONALIZADO.a(CyLib.o)
 .text.CyXTAL_DisableErrStatus
                0x00000000       0x10 .\CortexM3\ARM_GCC_541\Debug\LCD_PERSONALIZADO.a(CyLib.o)
 .text.CyXTAL_ReadStatus
                0x00000000       0x18 .\CortexM3\ARM_GCC_541\Debug\LCD_PERSONALIZADO.a(CyLib.o)
 .text.CyXTAL_EnableFaultRecovery
                0x00000000       0x10 .\CortexM3\ARM_GCC_541\Debug\LCD_PERSONALIZADO.a(CyLib.o)
 .text.CyXTAL_DisableFaultRecovery
                0x00000000       0x10 .\CortexM3\ARM_GCC_541\Debug\LCD_PERSONALIZADO.a(CyLib.o)
 .text.CyXTAL_SetStartup
                0x00000000       0x18 .\CortexM3\ARM_GCC_541\Debug\LCD_PERSONALIZADO.a(CyLib.o)
 .text.CyXTAL_SetFbVoltage
                0x00000000       0x18 .\CortexM3\ARM_GCC_541\Debug\LCD_PERSONALIZADO.a(CyLib.o)
 .text.CyXTAL_SetWdVoltage
                0x00000000       0x18 .\CortexM3\ARM_GCC_541\Debug\LCD_PERSONALIZADO.a(CyLib.o)
 .text.CyHalt   0x00000000        0x4 .\CortexM3\ARM_GCC_541\Debug\LCD_PERSONALIZADO.a(CyLib.o)
 .text.CyPLL_OUT_SetPQ
                0x00000000       0x60 .\CortexM3\ARM_GCC_541\Debug\LCD_PERSONALIZADO.a(CyLib.o)
 .text.CyPLL_OUT_SetSource
                0x00000000       0x34 .\CortexM3\ARM_GCC_541\Debug\LCD_PERSONALIZADO.a(CyLib.o)
 .text.CyIMO_SetTrimValue
                0x00000000       0xcc .\CortexM3\ARM_GCC_541\Debug\LCD_PERSONALIZADO.a(CyLib.o)
 .text.CyIMO_SetFreq
                0x00000000       0xf4 .\CortexM3\ARM_GCC_541\Debug\LCD_PERSONALIZADO.a(CyLib.o)
 .text.CyIMO_SetSource
                0x00000000       0x58 .\CortexM3\ARM_GCC_541\Debug\LCD_PERSONALIZADO.a(CyLib.o)
 .text.CySoftwareReset
                0x00000000       0x10 .\CortexM3\ARM_GCC_541\Debug\LCD_PERSONALIZADO.a(CyLib.o)
 .text.CyXTAL_32KHZ_SetPowerMode
                0x00000000       0x84 .\CortexM3\ARM_GCC_541\Debug\LCD_PERSONALIZADO.a(CyLib.o)
 .text.CyXTAL_32KHZ_Start
                0x00000000       0x74 .\CortexM3\ARM_GCC_541\Debug\LCD_PERSONALIZADO.a(CyLib.o)
 .text.CyDelayFreq
                0x00000000       0x4c .\CortexM3\ARM_GCC_541\Debug\LCD_PERSONALIZADO.a(CyLib.o)
 .text.CyWdtStart
                0x00000000       0x40 .\CortexM3\ARM_GCC_541\Debug\LCD_PERSONALIZADO.a(CyLib.o)
 .text.CyWdtClear
                0x00000000        0xc .\CortexM3\ARM_GCC_541\Debug\LCD_PERSONALIZADO.a(CyLib.o)
 .text.CyVdStickyStatus
                0x00000000       0x2c .\CortexM3\ARM_GCC_541\Debug\LCD_PERSONALIZADO.a(CyLib.o)
 .text.CyVdLvDigitEnable
                0x00000000       0x84 .\CortexM3\ARM_GCC_541\Debug\LCD_PERSONALIZADO.a(CyLib.o)
 .text.CyVdLvAnalogEnable
                0x00000000       0x80 .\CortexM3\ARM_GCC_541\Debug\LCD_PERSONALIZADO.a(CyLib.o)
 .text.CyVdLvDigitDisable
                0x00000000       0x30 .\CortexM3\ARM_GCC_541\Debug\LCD_PERSONALIZADO.a(CyLib.o)
 .text.CyVdLvAnalogDisable
                0x00000000       0x28 .\CortexM3\ARM_GCC_541\Debug\LCD_PERSONALIZADO.a(CyLib.o)
 .text.CyVdHvAnalogEnable
                0x00000000       0x54 .\CortexM3\ARM_GCC_541\Debug\LCD_PERSONALIZADO.a(CyLib.o)
 .text.CyVdHvAnalogDisable
                0x00000000       0x20 .\CortexM3\ARM_GCC_541\Debug\LCD_PERSONALIZADO.a(CyLib.o)
 .text.CyVdRealTimeStatus
                0x00000000       0x1c .\CortexM3\ARM_GCC_541\Debug\LCD_PERSONALIZADO.a(CyLib.o)
 .text.CyDisableInts
                0x00000000       0x1c .\CortexM3\ARM_GCC_541\Debug\LCD_PERSONALIZADO.a(CyLib.o)
 .text.CyEnableInts
                0x00000000       0x18 .\CortexM3\ARM_GCC_541\Debug\LCD_PERSONALIZADO.a(CyLib.o)
 .text.CyFlushCache
                0x00000000       0x44 .\CortexM3\ARM_GCC_541\Debug\LCD_PERSONALIZADO.a(CyLib.o)
 .text.CyIntSetSysVector
                0x00000000       0x28 .\CortexM3\ARM_GCC_541\Debug\LCD_PERSONALIZADO.a(CyLib.o)
 .text.CyIntGetSysVector
                0x00000000       0x20 .\CortexM3\ARM_GCC_541\Debug\LCD_PERSONALIZADO.a(CyLib.o)
 .text.CyIntSetVector
                0x00000000       0x28 .\CortexM3\ARM_GCC_541\Debug\LCD_PERSONALIZADO.a(CyLib.o)
 .text.CyIntGetVector
                0x00000000       0x24 .\CortexM3\ARM_GCC_541\Debug\LCD_PERSONALIZADO.a(CyLib.o)
 .text.CyIntSetPriority
                0x00000000       0x30 .\CortexM3\ARM_GCC_541\Debug\LCD_PERSONALIZADO.a(CyLib.o)
 .text.CyIntGetPriority
                0x00000000       0x20 .\CortexM3\ARM_GCC_541\Debug\LCD_PERSONALIZADO.a(CyLib.o)
 .text.CyIntGetState
                0x00000000       0x24 .\CortexM3\ARM_GCC_541\Debug\LCD_PERSONALIZADO.a(CyLib.o)
 .text.CySysTickStop
                0x00000000       0x10 .\CortexM3\ARM_GCC_541\Debug\LCD_PERSONALIZADO.a(CyLib.o)
 .text.CySysTickEnableInterrupt
                0x00000000       0x10 .\CortexM3\ARM_GCC_541\Debug\LCD_PERSONALIZADO.a(CyLib.o)
 .text.CySysTickEnable
                0x00000000       0x18 .\CortexM3\ARM_GCC_541\Debug\LCD_PERSONALIZADO.a(CyLib.o)
 .text.CySysTickDisableInterrupt
                0x00000000       0x10 .\CortexM3\ARM_GCC_541\Debug\LCD_PERSONALIZADO.a(CyLib.o)
 .text.CySysTickSetReload
                0x00000000       0x10 .\CortexM3\ARM_GCC_541\Debug\LCD_PERSONALIZADO.a(CyLib.o)
 .text.CySysTickGetReload
                0x00000000       0x10 .\CortexM3\ARM_GCC_541\Debug\LCD_PERSONALIZADO.a(CyLib.o)
 .text.CySysTickGetValue
                0x00000000       0x10 .\CortexM3\ARM_GCC_541\Debug\LCD_PERSONALIZADO.a(CyLib.o)
 .text.CySysTickSetClockSource
                0x00000000       0x20 .\CortexM3\ARM_GCC_541\Debug\LCD_PERSONALIZADO.a(CyLib.o)
 .text.CySysTickGetClockSource
                0x00000000       0x10 .\CortexM3\ARM_GCC_541\Debug\LCD_PERSONALIZADO.a(CyLib.o)
 .text.CySysTickGetCountFlag
                0x00000000       0x10 .\CortexM3\ARM_GCC_541\Debug\LCD_PERSONALIZADO.a(CyLib.o)
 .text.CySysTickServiceCallbacks
                0x00000000       0x28 .\CortexM3\ARM_GCC_541\Debug\LCD_PERSONALIZADO.a(CyLib.o)
 .text.CySysTickClear
                0x00000000        0xc .\CortexM3\ARM_GCC_541\Debug\LCD_PERSONALIZADO.a(CyLib.o)
 .text.CySysTickInit
                0x00000000       0x58 .\CortexM3\ARM_GCC_541\Debug\LCD_PERSONALIZADO.a(CyLib.o)
 .text.CySysTickStart
                0x00000000       0x1c .\CortexM3\ARM_GCC_541\Debug\LCD_PERSONALIZADO.a(CyLib.o)
 .text.CySysTickSetCallback
                0x00000000       0x10 .\CortexM3\ARM_GCC_541\Debug\LCD_PERSONALIZADO.a(CyLib.o)
 .text.CySysTickGetCallback
                0x00000000       0x10 .\CortexM3\ARM_GCC_541\Debug\LCD_PERSONALIZADO.a(CyLib.o)
 .text.CyGetUniqueId
                0x00000000       0x70 .\CortexM3\ARM_GCC_541\Debug\LCD_PERSONALIZADO.a(CyLib.o)
 .text          0x00000000        0x0 .\CortexM3\ARM_GCC_541\Debug\LCD_PERSONALIZADO.a(cyPm.o)
 .data          0x00000000        0x0 .\CortexM3\ARM_GCC_541\Debug\LCD_PERSONALIZADO.a(cyPm.o)
 .bss           0x00000000       0x43 .\CortexM3\ARM_GCC_541\Debug\LCD_PERSONALIZADO.a(cyPm.o)
 .text.CyPmHibSlpSaveSet
                0x00000000      0x1dc .\CortexM3\ARM_GCC_541\Debug\LCD_PERSONALIZADO.a(cyPm.o)
 .text.CyPmHibSlpRestore
                0x00000000       0xd8 .\CortexM3\ARM_GCC_541\Debug\LCD_PERSONALIZADO.a(cyPm.o)
 .text.CyPmHviLviSaveDisable
                0x00000000       0xa0 .\CortexM3\ARM_GCC_541\Debug\LCD_PERSONALIZADO.a(cyPm.o)
 .text.CyPmHibSaveSet
                0x00000000       0x98 .\CortexM3\ARM_GCC_541\Debug\LCD_PERSONALIZADO.a(cyPm.o)
 .text.CyPmHviLviRestore
                0x00000000       0x48 .\CortexM3\ARM_GCC_541\Debug\LCD_PERSONALIZADO.a(cyPm.o)
 .text.CyPmHibRestore
                0x00000000       0x60 .\CortexM3\ARM_GCC_541\Debug\LCD_PERSONALIZADO.a(cyPm.o)
 .text.CyPmSaveClocks
                0x00000000      0x218 .\CortexM3\ARM_GCC_541\Debug\LCD_PERSONALIZADO.a(cyPm.o)
 .text.CyPmRestoreClocks
                0x00000000      0x24c .\CortexM3\ARM_GCC_541\Debug\LCD_PERSONALIZADO.a(cyPm.o)
 .text.CyPmAltAct
                0x00000000       0x6c .\CortexM3\ARM_GCC_541\Debug\LCD_PERSONALIZADO.a(cyPm.o)
 .text.CyPmSleep
                0x00000000       0xf4 .\CortexM3\ARM_GCC_541\Debug\LCD_PERSONALIZADO.a(cyPm.o)
 .text.CyPmHibernateEx
                0x00000000       0xf4 .\CortexM3\ARM_GCC_541\Debug\LCD_PERSONALIZADO.a(cyPm.o)
 .text.CyPmHibernate
                0x00000000        0xc .\CortexM3\ARM_GCC_541\Debug\LCD_PERSONALIZADO.a(cyPm.o)
 .text.CyPmReadStatus
                0x00000000       0x30 .\CortexM3\ARM_GCC_541\Debug\LCD_PERSONALIZADO.a(cyPm.o)
 .text.CyPmCtwSetInterval
                0x00000000       0x5c .\CortexM3\ARM_GCC_541\Debug\LCD_PERSONALIZADO.a(cyPm.o)
 .text.CyPmOppsSet
                0x00000000       0x2c .\CortexM3\ARM_GCC_541\Debug\LCD_PERSONALIZADO.a(cyPm.o)
 .text.CyPmFtwSetInterval
                0x00000000       0x5c .\CortexM3\ARM_GCC_541\Debug\LCD_PERSONALIZADO.a(cyPm.o)
 .rodata        0x00000000        0xf .\CortexM3\ARM_GCC_541\Debug\LCD_PERSONALIZADO.a(cyPm.o)
 .text          0x00000000        0x0 .\CortexM3\ARM_GCC_541\Debug\LCD_PERSONALIZADO.a(LCD.o)
 .data          0x00000000        0x0 .\CortexM3\ARM_GCC_541\Debug\LCD_PERSONALIZADO.a(LCD.o)
 .text.LCD_PrintString
                0x00000000       0x1c .\CortexM3\ARM_GCC_541\Debug\LCD_PERSONALIZADO.a(LCD.o)
 .text.LCD_Stop
                0x00000000       0x14 .\CortexM3\ARM_GCC_541\Debug\LCD_PERSONALIZADO.a(LCD.o)
 .text          0x00000000        0x0 .\CortexM3\ARM_GCC_541\Debug\LCD_PERSONALIZADO.a(LCD_CustChars.o)
 .data          0x00000000        0x0 .\CortexM3\ARM_GCC_541\Debug\LCD_PERSONALIZADO.a(LCD_CustChars.o)
 .bss           0x00000000        0x0 .\CortexM3\ARM_GCC_541\Debug\LCD_PERSONALIZADO.a(LCD_CustChars.o)
 .text          0x00000000        0x0 .\CortexM3\ARM_GCC_541\Debug\LCD_PERSONALIZADO.a(IRS_SW.o)
 .data          0x00000000        0x0 .\CortexM3\ARM_GCC_541\Debug\LCD_PERSONALIZADO.a(IRS_SW.o)
 .bss           0x00000000        0x0 .\CortexM3\ARM_GCC_541\Debug\LCD_PERSONALIZADO.a(IRS_SW.o)
 .text.IRS_SW_Interrupt
                0x00000000        0x4 .\CortexM3\ARM_GCC_541\Debug\LCD_PERSONALIZADO.a(IRS_SW.o)
 .text.IRS_SW_GetVector
                0x00000000        0xc .\CortexM3\ARM_GCC_541\Debug\LCD_PERSONALIZADO.a(IRS_SW.o)
 .text.IRS_SW_GetPriority
                0x00000000        0xc .\CortexM3\ARM_GCC_541\Debug\LCD_PERSONALIZADO.a(IRS_SW.o)
 .text.IRS_SW_GetState
                0x00000000       0x18 .\CortexM3\ARM_GCC_541\Debug\LCD_PERSONALIZADO.a(IRS_SW.o)
 .text.IRS_SW_Start
                0x00000000       0x1c .\CortexM3\ARM_GCC_541\Debug\LCD_PERSONALIZADO.a(IRS_SW.o)
 .text.IRS_SW_Stop
                0x00000000       0x14 .\CortexM3\ARM_GCC_541\Debug\LCD_PERSONALIZADO.a(IRS_SW.o)
 .text.IRS_SW_SetPending
                0x00000000        0xc .\CortexM3\ARM_GCC_541\Debug\LCD_PERSONALIZADO.a(IRS_SW.o)
 .text.IRS_SW_ClearPending
                0x00000000        0xc .\CortexM3\ARM_GCC_541\Debug\LCD_PERSONALIZADO.a(IRS_SW.o)
 .text          0x00000000        0x0 .\CortexM3\ARM_GCC_541\Debug\LCD_PERSONALIZADO.a(sw.o)
 .data          0x00000000        0x0 .\CortexM3\ARM_GCC_541\Debug\LCD_PERSONALIZADO.a(sw.o)
 .bss           0x00000000        0x0 .\CortexM3\ARM_GCC_541\Debug\LCD_PERSONALIZADO.a(sw.o)
 .text.sw_Write
                0x00000000       0x18 .\CortexM3\ARM_GCC_541\Debug\LCD_PERSONALIZADO.a(sw.o)
 .text.sw_SetDriveMode
                0x00000000       0x3c .\CortexM3\ARM_GCC_541\Debug\LCD_PERSONALIZADO.a(sw.o)
 .text.sw_ReadDataReg
                0x00000000       0x10 .\CortexM3\ARM_GCC_541\Debug\LCD_PERSONALIZADO.a(sw.o)
 .text.sw_SetInterruptMode
                0x00000000       0x48 .\CortexM3\ARM_GCC_541\Debug\LCD_PERSONALIZADO.a(sw.o)
 .data          0x00000000        0x0 .\CortexM3\ARM_GCC_541\Debug\LCD_PERSONALIZADO.a(CyBootAsmGnu.o)
 .bss           0x00000000        0x0 .\CortexM3\ARM_GCC_541\Debug\LCD_PERSONALIZADO.a(CyBootAsmGnu.o)
 .text          0x00000000        0x0 .\CortexM3\ARM_GCC_541\Debug\LCD_PERSONALIZADO.a(CyFlash.o)
 .data          0x00000000        0x0 .\CortexM3\ARM_GCC_541\Debug\LCD_PERSONALIZADO.a(CyFlash.o)
 .bss           0x00000000        0x0 .\CortexM3\ARM_GCC_541\Debug\LCD_PERSONALIZADO.a(CyFlash.o)
 .text.CySetTempInt
                0x00000000       0x60 .\CortexM3\ARM_GCC_541\Debug\LCD_PERSONALIZADO.a(CyFlash.o)
 .text.CyFlash_Start
                0x00000000       0x54 .\CortexM3\ARM_GCC_541\Debug\LCD_PERSONALIZADO.a(CyFlash.o)
 .text.CyFlash_Stop
                0x00000000       0x24 .\CortexM3\ARM_GCC_541\Debug\LCD_PERSONALIZADO.a(CyFlash.o)
 .text.CyFlash_EraseRow
                0x00000000       0x78 .\CortexM3\ARM_GCC_541\Debug\LCD_PERSONALIZADO.a(CyFlash.o)
 .text.CyFlashGetSpcAlgorithm
                0x00000000       0x4c .\CortexM3\ARM_GCC_541\Debug\LCD_PERSONALIZADO.a(CyFlash.o)
 .text.CySetTemp
                0x00000000       0x14 .\CortexM3\ARM_GCC_541\Debug\LCD_PERSONALIZADO.a(CyFlash.o)
 .text.CySetFlashEEBuffer
                0x00000000       0x20 .\CortexM3\ARM_GCC_541\Debug\LCD_PERSONALIZADO.a(CyFlash.o)
 .text.CyWriteRowFull
                0x00000000       0xf8 .\CortexM3\ARM_GCC_541\Debug\LCD_PERSONALIZADO.a(CyFlash.o)
 .text.CyWriteRowData
                0x00000000       0x14 .\CortexM3\ARM_GCC_541\Debug\LCD_PERSONALIZADO.a(CyFlash.o)
 .text.CyFlash_SetWaitCycles
                0x00000000       0x7c .\CortexM3\ARM_GCC_541\Debug\LCD_PERSONALIZADO.a(CyFlash.o)
 .text.CyEEPROM_Start
                0x00000000       0x54 .\CortexM3\ARM_GCC_541\Debug\LCD_PERSONALIZADO.a(CyFlash.o)
 .text.CyEEPROM_Stop
                0x00000000       0x24 .\CortexM3\ARM_GCC_541\Debug\LCD_PERSONALIZADO.a(CyFlash.o)
 .text.CyEEPROM_ReadReserve
                0x00000000       0x1c .\CortexM3\ARM_GCC_541\Debug\LCD_PERSONALIZADO.a(CyFlash.o)
 .text.CyEEPROM_ReadRelease
                0x00000000       0x10 .\CortexM3\ARM_GCC_541\Debug\LCD_PERSONALIZADO.a(CyFlash.o)
 COMMON         0x00000000        0x2 .\CortexM3\ARM_GCC_541\Debug\LCD_PERSONALIZADO.a(CyFlash.o)
 .text          0x00000000        0x0 .\CortexM3\ARM_GCC_541\Debug\LCD_PERSONALIZADO.a(CySpc.o)
 .data          0x00000000        0x0 .\CortexM3\ARM_GCC_541\Debug\LCD_PERSONALIZADO.a(CySpc.o)
 .bss           0x00000000        0x8 .\CortexM3\ARM_GCC_541\Debug\LCD_PERSONALIZADO.a(CySpc.o)
 .text.CySpcStart
                0x00000000       0x24 .\CortexM3\ARM_GCC_541\Debug\LCD_PERSONALIZADO.a(CySpc.o)
 .text.CySpcStop
                0x00000000       0x24 .\CortexM3\ARM_GCC_541\Debug\LCD_PERSONALIZADO.a(CySpc.o)
 .text.CySpcReadData
                0x00000000       0x34 .\CortexM3\ARM_GCC_541\Debug\LCD_PERSONALIZADO.a(CySpc.o)
 .text.CySpcLoadMultiByte
                0x00000000       0x78 .\CortexM3\ARM_GCC_541\Debug\LCD_PERSONALIZADO.a(CySpc.o)
 .text.CySpcLoadRow
                0x00000000       0x50 .\CortexM3\ARM_GCC_541\Debug\LCD_PERSONALIZADO.a(CySpc.o)
 .text.CySpcLoadRowFull
                0x00000000       0x80 .\CortexM3\ARM_GCC_541\Debug\LCD_PERSONALIZADO.a(CySpc.o)
 .text.CySpcWriteRow
                0x00000000       0x4c .\CortexM3\ARM_GCC_541\Debug\LCD_PERSONALIZADO.a(CySpc.o)
 .text.CySpcEraseSector
                0x00000000       0x3c .\CortexM3\ARM_GCC_541\Debug\LCD_PERSONALIZADO.a(CySpc.o)
 .text.CySpcEraseRow
                0x00000000       0x4c .\CortexM3\ARM_GCC_541\Debug\LCD_PERSONALIZADO.a(CySpc.o)
 .text.CySpcGetTemp
                0x00000000       0x3c .\CortexM3\ARM_GCC_541\Debug\LCD_PERSONALIZADO.a(CySpc.o)
 .text.CySpcLock
                0x00000000       0x4c .\CortexM3\ARM_GCC_541\Debug\LCD_PERSONALIZADO.a(CySpc.o)
 .text.CySpcUnlock
                0x00000000       0x38 .\CortexM3\ARM_GCC_541\Debug\LCD_PERSONALIZADO.a(CySpc.o)
 .text.CySpcGetAlgorithm
                0x00000000       0x28 .\CortexM3\ARM_GCC_541\Debug\LCD_PERSONALIZADO.a(CySpc.o)
 .text          0x00000000        0x0 c:/program files (x86)/cypress/psoc creator/4.2/psoc creator/import/gnu/arm/5.4.1/bin/../lib/gcc/arm-none-eabi/5.4.1/../../../../arm-none-eabi/lib/armv7-m\libg_nano.a(lib_a-errno.o)
 .data          0x00000000        0x0 c:/program files (x86)/cypress/psoc creator/4.2/psoc creator/import/gnu/arm/5.4.1/bin/../lib/gcc/arm-none-eabi/5.4.1/../../../../arm-none-eabi/lib/armv7-m\libg_nano.a(lib_a-errno.o)
 .bss           0x00000000        0x0 c:/program files (x86)/cypress/psoc creator/4.2/psoc creator/import/gnu/arm/5.4.1/bin/../lib/gcc/arm-none-eabi/5.4.1/../../../../arm-none-eabi/lib/armv7-m\libg_nano.a(lib_a-errno.o)
 .text          0x00000000        0x0 c:/program files (x86)/cypress/psoc creator/4.2/psoc creator/import/gnu/arm/5.4.1/bin/../lib/gcc/arm-none-eabi/5.4.1/../../../../arm-none-eabi/lib/armv7-m\libg_nano.a(lib_a-exit.o)
 .data          0x00000000        0x0 c:/program files (x86)/cypress/psoc creator/4.2/psoc creator/import/gnu/arm/5.4.1/bin/../lib/gcc/arm-none-eabi/5.4.1/../../../../arm-none-eabi/lib/armv7-m\libg_nano.a(lib_a-exit.o)
 .bss           0x00000000        0x0 c:/program files (x86)/cypress/psoc creator/4.2/psoc creator/import/gnu/arm/5.4.1/bin/../lib/gcc/arm-none-eabi/5.4.1/../../../../arm-none-eabi/lib/armv7-m\libg_nano.a(lib_a-exit.o)
 .text.exit     0x00000000       0x28 c:/program files (x86)/cypress/psoc creator/4.2/psoc creator/import/gnu/arm/5.4.1/bin/../lib/gcc/arm-none-eabi/5.4.1/../../../../arm-none-eabi/lib/armv7-m\libg_nano.a(lib_a-exit.o)
 .text          0x00000000        0x0 c:/program files (x86)/cypress/psoc creator/4.2/psoc creator/import/gnu/arm/5.4.1/bin/../lib/gcc/arm-none-eabi/5.4.1/../../../../arm-none-eabi/lib/armv7-m\libg_nano.a(lib_a-impure.o)
 .data          0x00000000        0x0 c:/program files (x86)/cypress/psoc creator/4.2/psoc creator/import/gnu/arm/5.4.1/bin/../lib/gcc/arm-none-eabi/5.4.1/../../../../arm-none-eabi/lib/armv7-m\libg_nano.a(lib_a-impure.o)
 .bss           0x00000000        0x0 c:/program files (x86)/cypress/psoc creator/4.2/psoc creator/import/gnu/arm/5.4.1/bin/../lib/gcc/arm-none-eabi/5.4.1/../../../../arm-none-eabi/lib/armv7-m\libg_nano.a(lib_a-impure.o)
 .rodata._global_impure_ptr
                0x00000000        0x4 c:/program files (x86)/cypress/psoc creator/4.2/psoc creator/import/gnu/arm/5.4.1/bin/../lib/gcc/arm-none-eabi/5.4.1/../../../../arm-none-eabi/lib/armv7-m\libg_nano.a(lib_a-impure.o)
 .text          0x00000000        0x0 c:/program files (x86)/cypress/psoc creator/4.2/psoc creator/import/gnu/arm/5.4.1/bin/../lib/gcc/arm-none-eabi/5.4.1/../../../../arm-none-eabi/lib/armv7-m\libg_nano.a(lib_a-init.o)
 .data          0x00000000        0x0 c:/program files (x86)/cypress/psoc creator/4.2/psoc creator/import/gnu/arm/5.4.1/bin/../lib/gcc/arm-none-eabi/5.4.1/../../../../arm-none-eabi/lib/armv7-m\libg_nano.a(lib_a-init.o)
 .bss           0x00000000        0x0 c:/program files (x86)/cypress/psoc creator/4.2/psoc creator/import/gnu/arm/5.4.1/bin/../lib/gcc/arm-none-eabi/5.4.1/../../../../arm-none-eabi/lib/armv7-m\libg_nano.a(lib_a-init.o)
 .text          0x00000000        0x0 c:/program files (x86)/cypress/psoc creator/4.2/psoc creator/import/gnu/arm/5.4.1/bin/../lib/gcc/arm-none-eabi/5.4.1/../../../../arm-none-eabi/lib/armv7-m\libg_nano.a(lib_a-memcpy-stub.o)
 .data          0x00000000        0x0 c:/program files (x86)/cypress/psoc creator/4.2/psoc creator/import/gnu/arm/5.4.1/bin/../lib/gcc/arm-none-eabi/5.4.1/../../../../arm-none-eabi/lib/armv7-m\libg_nano.a(lib_a-memcpy-stub.o)
 .bss           0x00000000        0x0 c:/program files (x86)/cypress/psoc creator/4.2/psoc creator/import/gnu/arm/5.4.1/bin/../lib/gcc/arm-none-eabi/5.4.1/../../../../arm-none-eabi/lib/armv7-m\libg_nano.a(lib_a-memcpy-stub.o)
 .text          0x00000000        0x0 c:/program files (x86)/cypress/psoc creator/4.2/psoc creator/import/gnu/arm/5.4.1/bin/../lib/gcc/arm-none-eabi/5.4.1/../../../../arm-none-eabi/lib/armv7-m\libg_nano.a(lib_a-memset.o)
 .data          0x00000000        0x0 c:/program files (x86)/cypress/psoc creator/4.2/psoc creator/import/gnu/arm/5.4.1/bin/../lib/gcc/arm-none-eabi/5.4.1/../../../../arm-none-eabi/lib/armv7-m\libg_nano.a(lib_a-memset.o)
 .bss           0x00000000        0x0 c:/program files (x86)/cypress/psoc creator/4.2/psoc creator/import/gnu/arm/5.4.1/bin/../lib/gcc/arm-none-eabi/5.4.1/../../../../arm-none-eabi/lib/armv7-m\libg_nano.a(lib_a-memset.o)
 .text          0x00000000        0x0 c:/program files (x86)/cypress/psoc creator/4.2/psoc creator/import/gnu/arm/5.4.1/bin/../lib/gcc/arm-none-eabi/5.4.1/armv7-m/crtend.o
 .data          0x00000000        0x0 c:/program files (x86)/cypress/psoc creator/4.2/psoc creator/import/gnu/arm/5.4.1/bin/../lib/gcc/arm-none-eabi/5.4.1/armv7-m/crtend.o
 .bss           0x00000000        0x0 c:/program files (x86)/cypress/psoc creator/4.2/psoc creator/import/gnu/arm/5.4.1/bin/../lib/gcc/arm-none-eabi/5.4.1/armv7-m/crtend.o
 .text          0x00000000        0x0 c:/program files (x86)/cypress/psoc creator/4.2/psoc creator/import/gnu/arm/5.4.1/bin/../lib/gcc/arm-none-eabi/5.4.1/armv7-m/crtn.o
 .data          0x00000000        0x0 c:/program files (x86)/cypress/psoc creator/4.2/psoc creator/import/gnu/arm/5.4.1/bin/../lib/gcc/arm-none-eabi/5.4.1/armv7-m/crtn.o
 .bss           0x00000000        0x0 c:/program files (x86)/cypress/psoc creator/4.2/psoc creator/import/gnu/arm/5.4.1/bin/../lib/gcc/arm-none-eabi/5.4.1/armv7-m/crtn.o

Memory Configuration

Name             Origin             Length             Attributes
rom              0x00000000         0x00040000         xr
ram              0x1fff8000         0x00010000         xrw
*default*        0x00000000         0xffffffff

Linker script and memory map

LOAD c:/program files (x86)/cypress/psoc creator/4.2/psoc creator/import/gnu/arm/5.4.1/bin/../lib/gcc/arm-none-eabi/5.4.1/armv7-m/crti.o
LOAD c:/program files (x86)/cypress/psoc creator/4.2/psoc creator/import/gnu/arm/5.4.1/bin/../lib/gcc/arm-none-eabi/5.4.1/armv7-m/crtbegin.o
LOAD c:/program files (x86)/cypress/psoc creator/4.2/psoc creator/import/gnu/arm/5.4.1/bin/../lib/gcc/arm-none-eabi/5.4.1/../../../../arm-none-eabi/lib/armv7-m/crt0.o
START GROUP
LOAD .\CortexM3\ARM_GCC_541\Debug\main.o
LOAD .\CortexM3\ARM_GCC_541\Debug\cyfitter_cfg.o
LOAD .\CortexM3\ARM_GCC_541\Debug\cymetadata.o
LOAD .\CortexM3\ARM_GCC_541\Debug\Cm3Start.o
LOAD .\CortexM3\ARM_GCC_541\Debug\LCD_PERSONALIZADO.a
LOAD C:\Program Files (x86)\Cypress\PSoC Creator\4.2\PSoC Creator\psoc\content\cycomponentlibrary\CyComponentLibrary.cylib\CortexM3\ARM_GCC_541\Debug\CyComponentLibrary.a
END GROUP
START GROUP
LOAD c:/program files (x86)/cypress/psoc creator/4.2/psoc creator/import/gnu/arm/5.4.1/bin/../lib/gcc/arm-none-eabi/5.4.1/armv7-m\libgcc.a
LOAD c:/program files (x86)/cypress/psoc creator/4.2/psoc creator/import/gnu/arm/5.4.1/bin/../lib/gcc/arm-none-eabi/5.4.1/../../../../arm-none-eabi/lib/armv7-m\libg_nano.a
LOAD c:/program files (x86)/cypress/psoc creator/4.2/psoc creator/import/gnu/arm/5.4.1/bin/../lib/gcc/arm-none-eabi/5.4.1/../../../../arm-none-eabi/lib/armv7-m\libc_nano.a
END GROUP
START GROUP
LOAD c:/program files (x86)/cypress/psoc creator/4.2/psoc creator/import/gnu/arm/5.4.1/bin/../lib/gcc/arm-none-eabi/5.4.1/armv7-m\libgcc.a
LOAD c:/program files (x86)/cypress/psoc creator/4.2/psoc creator/import/gnu/arm/5.4.1/bin/../lib/gcc/arm-none-eabi/5.4.1/../../../../arm-none-eabi/lib/armv7-m\libc_nano.a
END GROUP
LOAD c:/program files (x86)/cypress/psoc creator/4.2/psoc creator/import/gnu/arm/5.4.1/bin/../lib/gcc/arm-none-eabi/5.4.1/armv7-m/crtend.o
LOAD c:/program files (x86)/cypress/psoc creator/4.2/psoc creator/import/gnu/arm/5.4.1/bin/../lib/gcc/arm-none-eabi/5.4.1/armv7-m/crtn.o
START GROUP
LOAD c:/program files (x86)/cypress/psoc creator/4.2/psoc creator/import/gnu/arm/5.4.1/bin/../lib/gcc/arm-none-eabi/5.4.1/armv7-m\libgcc.a
LOAD c:/program files (x86)/cypress/psoc creator/4.2/psoc creator/import/gnu/arm/5.4.1/bin/../lib/gcc/arm-none-eabi/5.4.1/../../../../arm-none-eabi/lib/armv7-m\libc.a
LOAD c:/program files (x86)/cypress/psoc creator/4.2/psoc creator/import/gnu/arm/5.4.1/bin/../lib/gcc/arm-none-eabi/5.4.1/../../../../arm-none-eabi/lib/armv7-m\libnosys.a
END GROUP
                0x00000000                CY_APPL_ORIGIN = 0x0
                0x00000100                CY_FLASH_ROW_SIZE = 0x100
                0x00000020                CY_ECC_ROW_SIZE = 0x20
                0x00000000                CY_EE_IN_BTLDR = 0x0
                0x00000000                CY_APPL_LOADABLE = 0x0
                0x00000800                CY_EE_SIZE = 0x800
                0x00000001                CY_APPL_NUM = 0x1
                0x00000001                CY_APPL_MAX = 0x1
                0x00000040                CY_METADATA_SIZE = 0x40
                0x00000000                CY_APPL_LOADABLE = 0x0
                0x00000000                CY_CHECKSUM_EXCLUDE_SIZE = ALIGN (0x0, CY_FLASH_ROW_SIZE)
                [!provide]                PROVIDE (__cy_heap_start, _end)
                0x00000001                PROVIDE (__cy_region_num, ((__cy_regions_end - __cy_regions) / 0x10))
                0x20008000                PROVIDE (__cy_stack, (ORIGIN (ram) + LENGTH (ram)))
                [!provide]                PROVIDE (__cy_heap_end, (__cy_stack - 0x800))

.cybootloader   0x00000000        0x0
 *(.cybootloader)
                0x00000000                appl1_start = CY_APPL_ORIGIN?CY_APPL_ORIGIN:ALIGN (CY_FLASH_ROW_SIZE)
                0x0001ff00                appl2_start = (appl1_start + ALIGN ((((LENGTH (rom) - appl1_start) - (0x2 * CY_FLASH_ROW_SIZE)) / 0x2), CY_FLASH_ROW_SIZE))
                0x00000000                appl_start = (CY_APPL_NUM == 0x1)?appl1_start:appl2_start
                0x00000000                ecc_offset = ((appl_start / CY_FLASH_ROW_SIZE) * CY_ECC_ROW_SIZE)
                0x00000000                ee_offset = (CY_APPL_LOADABLE && ! (CY_EE_IN_BTLDR))?((CY_EE_SIZE / CY_APPL_MAX) * (CY_APPL_NUM - 0x1)):0x0
                0x00000800                ee_size = (CY_APPL_LOADABLE && ! (CY_EE_IN_BTLDR))?(CY_EE_SIZE / CY_APPL_MAX):CY_EE_SIZE
                [!provide]                PROVIDE (CY_ECC_OFFSET, ecc_offset)

.text           0x00000000      0x7ae
 CREATE_OBJECT_SYMBOLS
                0x00000000                PROVIDE (__cy_interrupt_vector, RomVectors)
 *(.romvectors)
 .romvectors    0x00000000       0x10 .\CortexM3\ARM_GCC_541\Debug\Cm3Start.o
                0x00000000                RomVectors
                0x00000001                ASSERT ((. != __cy_interrupt_vector), No interrupt vector)
                0x00000001                ASSERT (CY_APPL_ORIGIN?(SIZEOF (.cybootloader) <= CY_APPL_ORIGIN):0x1, Wrong image location)
                0x00000010                PROVIDE (__cy_reset, Reset)
 *(.text.Reset)
 .text.Reset    0x00000010       0x18 .\CortexM3\ARM_GCC_541\Debug\Cm3Start.o
                0x00000010                Reset
                0x00000001                ASSERT ((. != __cy_reset), No reset code)
 *(.dma_init)
                0x00000001                ASSERT ((((appl_start + .) <= 0x10000) || 0x1), DMA Init must be within the first 64k of flash)
 *(.text .text.* .gnu.linkonce.t.*)
 .text          0x00000028       0x5c c:/program files (x86)/cypress/psoc creator/4.2/psoc creator/import/gnu/arm/5.4.1/bin/../lib/gcc/arm-none-eabi/5.4.1/armv7-m/crtbegin.o
 .text.Inte     0x00000084       0x44 .\CortexM3\ARM_GCC_541\Debug\main.o
                0x00000084                Inte
 .text.main     0x000000c8       0x6c .\CortexM3\ARM_GCC_541\Debug\main.o
                0x000000c8                main
 .text.CyClockStartupError
                0x00000134        0x4 .\CortexM3\ARM_GCC_541\Debug\cyfitter_cfg.o
 .text.AnalogSetDefault
                0x00000138       0x28 .\CortexM3\ARM_GCC_541\Debug\cyfitter_cfg.o
 .text.CYMEMZERO
                0x00000160        0xc .\CortexM3\ARM_GCC_541\Debug\cyfitter_cfg.o
 .text.ClockSetup
                0x0000016c       0x9c .\CortexM3\ARM_GCC_541\Debug\cyfitter_cfg.o
 .text.CYCONFIGCPY
                0x00000208        0x8 .\CortexM3\ARM_GCC_541\Debug\cyfitter_cfg.o
 .text.cyfitter_cfg
                0x00000210       0xe8 .\CortexM3\ARM_GCC_541\Debug\cyfitter_cfg.o
                0x00000210                cyfitter_cfg
 .text.IntDefaultHandler
                0x000002f8       0x10 .\CortexM3\ARM_GCC_541\Debug\Cm3Start.o
                0x000002f8                IntDefaultHandler
 .text.Start_c  0x00000308       0x4c .\CortexM3\ARM_GCC_541\Debug\Cm3Start.o
                0x00000308                Start_c
 .text.initialize_psoc
                0x00000354       0x68 .\CortexM3\ARM_GCC_541\Debug\Cm3Start.o
                0x00000354                initialize_psoc
 .text.CyDelay  0x000003bc       0x2c .\CortexM3\ARM_GCC_541\Debug\LCD_PERSONALIZADO.a(CyLib.o)
                0x000003bc                CyDelay
 .text.CyDelayUs
                0x000003e8       0x14 .\CortexM3\ARM_GCC_541\Debug\LCD_PERSONALIZADO.a(CyLib.o)
                0x000003e8                CyDelayUs
 .text.LCD_WrCntrlNib
                0x000003fc       0x34 .\CortexM3\ARM_GCC_541\Debug\LCD_PERSONALIZADO.a(LCD.o)
 .text.LCD_WrDatNib
                0x00000430       0x44 .\CortexM3\ARM_GCC_541\Debug\LCD_PERSONALIZADO.a(LCD.o)
 .text.LCD_IsReady
                0x00000474       0xe4 .\CortexM3\ARM_GCC_541\Debug\LCD_PERSONALIZADO.a(LCD.o)
                0x00000474                LCD_IsReady
 .text.LCD_WriteData
                0x00000558       0x18 .\CortexM3\ARM_GCC_541\Debug\LCD_PERSONALIZADO.a(LCD.o)
                0x00000558                LCD_WriteData
 .text.LCD_PutChar
                0x00000570        0x8 .\CortexM3\ARM_GCC_541\Debug\LCD_PERSONALIZADO.a(LCD.o)
                0x00000570                LCD_PutChar
 .text.LCD_WriteControl
                0x00000578       0x18 .\CortexM3\ARM_GCC_541\Debug\LCD_PERSONALIZADO.a(LCD.o)
                0x00000578                LCD_WriteControl
 .text.LCD_Init
                0x00000590       0x74 .\CortexM3\ARM_GCC_541\Debug\LCD_PERSONALIZADO.a(LCD.o)
                0x00000590                LCD_Init
 .text.LCD_Enable
                0x00000604       0x14 .\CortexM3\ARM_GCC_541\Debug\LCD_PERSONALIZADO.a(LCD.o)
                0x00000604                LCD_Enable
 .text.LCD_Start
                0x00000618       0x1c .\CortexM3\ARM_GCC_541\Debug\LCD_PERSONALIZADO.a(LCD.o)
                0x00000618                LCD_Start
 .text.LCD_Position
                0x00000634       0x3c .\CortexM3\ARM_GCC_541\Debug\LCD_PERSONALIZADO.a(LCD.o)
                0x00000634                LCD_Position
 .text.LCD_LoadCustomFonts
                0x00000670       0x2c .\CortexM3\ARM_GCC_541\Debug\LCD_PERSONALIZADO.a(LCD_CustChars.o)
                0x00000670                LCD_LoadCustomFonts
 .text.IRS_SW_SetVector
                0x0000069c        0xc .\CortexM3\ARM_GCC_541\Debug\LCD_PERSONALIZADO.a(IRS_SW.o)
                0x0000069c                IRS_SW_SetVector
 .text.IRS_SW_SetPriority
                0x000006a8       0x10 .\CortexM3\ARM_GCC_541\Debug\LCD_PERSONALIZADO.a(IRS_SW.o)
                0x000006a8                IRS_SW_SetPriority
 .text.IRS_SW_Enable
                0x000006b8        0xc .\CortexM3\ARM_GCC_541\Debug\LCD_PERSONALIZADO.a(IRS_SW.o)
                0x000006b8                IRS_SW_Enable
 .text.IRS_SW_Disable
                0x000006c4        0xc .\CortexM3\ARM_GCC_541\Debug\LCD_PERSONALIZADO.a(IRS_SW.o)
                0x000006c4                IRS_SW_Disable
 .text.IRS_SW_StartEx
                0x000006d0       0x1c .\CortexM3\ARM_GCC_541\Debug\LCD_PERSONALIZADO.a(IRS_SW.o)
                0x000006d0                IRS_SW_StartEx
 .text.sw_Read  0x000006ec       0x10 .\CortexM3\ARM_GCC_541\Debug\LCD_PERSONALIZADO.a(sw.o)
                0x000006ec                sw_Read
 .text.sw_ClearInterrupt
                0x000006fc       0x10 .\CortexM3\ARM_GCC_541\Debug\LCD_PERSONALIZADO.a(sw.o)
                0x000006fc                sw_ClearInterrupt
 *fill*         0x0000070c        0x4 
 .text          0x00000710       0x20 .\CortexM3\ARM_GCC_541\Debug\LCD_PERSONALIZADO.a(CyBootAsmGnu.o)
                0x00000710                CyDelayCycles
                0x00000720                CyEnterCriticalSection
                0x00000728                CyExitCriticalSection
 .text.__errno  0x00000730        0xc c:/program files (x86)/cypress/psoc creator/4.2/psoc creator/import/gnu/arm/5.4.1/bin/../lib/gcc/arm-none-eabi/5.4.1/../../../../arm-none-eabi/lib/armv7-m\libg_nano.a(lib_a-errno.o)
                0x00000730                __errno
 .text.__libc_init_array
                0x0000073c       0x4c c:/program files (x86)/cypress/psoc creator/4.2/psoc creator/import/gnu/arm/5.4.1/bin/../lib/gcc/arm-none-eabi/5.4.1/../../../../arm-none-eabi/lib/armv7-m\libg_nano.a(lib_a-init.o)
                0x0000073c                __libc_init_array
 .text.memcpy   0x00000788       0x16 c:/program files (x86)/cypress/psoc creator/4.2/psoc creator/import/gnu/arm/5.4.1/bin/../lib/gcc/arm-none-eabi/5.4.1/../../../../arm-none-eabi/lib/armv7-m\libg_nano.a(lib_a-memcpy-stub.o)
                0x00000788                memcpy
 .text.memset   0x0000079e       0x10 c:/program files (x86)/cypress/psoc creator/4.2/psoc creator/import/gnu/arm/5.4.1/bin/../lib/gcc/arm-none-eabi/5.4.1/../../../../arm-none-eabi/lib/armv7-m\libg_nano.a(lib_a-memset.o)
                0x0000079e                memset
 *(.plt)
 *(.gnu.warning)
 *(.glue_7t)
 .glue_7t       0x000007ae        0x0 linker stubs
 *(.glue_7)
 .glue_7        0x000007ae        0x0 linker stubs
 *(.vfp11_veneer)
 .vfp11_veneer  0x000007ae        0x0 linker stubs
 *(.bootloader)
 *(.ARM.extab* .gnu.linkonce.armextab.*)
 *(.gcc_except_table)

.v4_bx          0x000007b0        0x0
 .v4_bx         0x000007b0        0x0 linker stubs

.iplt           0x000007b0        0x0
 .iplt          0x000007b0        0x0 c:/program files (x86)/cypress/psoc creator/4.2/psoc creator/import/gnu/arm/5.4.1/bin/../lib/gcc/arm-none-eabi/5.4.1/armv7-m/crtbegin.o

.eh_frame_hdr
 *(.eh_frame_hdr)

.eh_frame       0x000007b0        0x4
 *(.eh_frame)
 .eh_frame      0x000007b0        0x0 c:/program files (x86)/cypress/psoc creator/4.2/psoc creator/import/gnu/arm/5.4.1/bin/../lib/gcc/arm-none-eabi/5.4.1/armv7-m/crtbegin.o
 .eh_frame      0x000007b0        0x4 c:/program files (x86)/cypress/psoc creator/4.2/psoc creator/import/gnu/arm/5.4.1/bin/../lib/gcc/arm-none-eabi/5.4.1/armv7-m/crtend.o
                [!provide]                PROVIDE (__exidx_start, .)

.ARM.exidx
 *(.ARM.exidx* .gnu.linkonce.armexidx.*)
                0x000007b4                __exidx_end = .

.rodata         0x000007b4       0xb4
 *(.rodata .rodata.* .gnu.linkonce.r.*)
 .rodata        0x000007b4       0x3a .\CortexM3\ARM_GCC_541\Debug\cyfitter_cfg.o
 *fill*         0x000007ee        0x2 
 .rodata        0x000007f0       0x40 .\CortexM3\ARM_GCC_541\Debug\LCD_PERSONALIZADO.a(LCD_CustChars.o)
                0x000007f0                LCD_customFonts
 .rodata.str1.1
                0x00000830        0x2 c:/program files (x86)/cypress/psoc creator/4.2/psoc creator/import/gnu/arm/5.4.1/bin/../lib/gcc/arm-none-eabi/5.4.1/../../../../arm-none-eabi/lib/armv7-m\libg_nano.a(lib_a-impure.o)
                0x00000834                . = ALIGN (0x4)
 *fill*         0x00000832        0x2 
 *(.init)
 .init          0x00000834        0x4 c:/program files (x86)/cypress/psoc creator/4.2/psoc creator/import/gnu/arm/5.4.1/bin/../lib/gcc/arm-none-eabi/5.4.1/armv7-m/crti.o
                0x00000834                _init
 .init          0x00000838        0x8 c:/program files (x86)/cypress/psoc creator/4.2/psoc creator/import/gnu/arm/5.4.1/bin/../lib/gcc/arm-none-eabi/5.4.1/armv7-m/crtn.o
                0x00000840                . = ALIGN (0x4)
                0x00000840                __preinit_array_start = .
 *(.preinit_array)
                0x00000840                __preinit_array_end = .
                0x00000840                . = ALIGN (0x4)
                0x00000840                __init_array_start = .
 *(SORT(.init_array.*))
 *(.init_array)
 .init_array    0x00000840        0x4 c:/program files (x86)/cypress/psoc creator/4.2/psoc creator/import/gnu/arm/5.4.1/bin/../lib/gcc/arm-none-eabi/5.4.1/armv7-m/crtbegin.o
 .init_array    0x00000844        0x4 .\CortexM3\ARM_GCC_541\Debug\Cm3Start.o
                0x00000848                __init_array_end = .
                0x00000848                . = ALIGN (0x4)
 *(.fini)
 .fini          0x00000848        0x4 c:/program files (x86)/cypress/psoc creator/4.2/psoc creator/import/gnu/arm/5.4.1/bin/../lib/gcc/arm-none-eabi/5.4.1/armv7-m/crti.o
                0x00000848                _fini
 .fini          0x0000084c        0x8 c:/program files (x86)/cypress/psoc creator/4.2/psoc creator/import/gnu/arm/5.4.1/bin/../lib/gcc/arm-none-eabi/5.4.1/armv7-m/crtn.o
                0x00000854                . = ALIGN (0x4)
                0x00000854                __fini_array_start = .
 *(.fini_array)
 .fini_array    0x00000854        0x4 c:/program files (x86)/cypress/psoc creator/4.2/psoc creator/import/gnu/arm/5.4.1/bin/../lib/gcc/arm-none-eabi/5.4.1/armv7-m/crtbegin.o
 *(SORT(.fini_array.*))
                0x00000858                __fini_array_end = .
                0x00000858                . = ALIGN (0x4)
 *crtbegin.o(.ctors)
 *(EXCLUDE_FILE(*crtend.o) .ctors)
 *(SORT(.ctors.*))
 *crtend.o(.ctors)
                0x00000858                . = ALIGN (0x4)
 *crtbegin.o(.dtors)
 *(EXCLUDE_FILE(*crtend.o) .dtors)
 *(SORT(.dtors.*))
 *crtend.o(.dtors)
                0x00000858                . = ALIGN (0x4)
                0x00000858                __cy_regions = .
                0x00000858        0x4 LONG 0x868 __cy_region_init_ram
                0x0000085c        0x4 LONG 0x1fff80c8 __cy_region_start_data
                0x00000860        0x4 LONG 0x78 __cy_region_init_size_ram
                0x00000864        0x4 LONG 0x28 __cy_region_zero_size_ram
                0x00000868                __cy_regions_end = .
                0x00000868                . = ALIGN (0x8)
                0x00000868                _etext = .

.cy_checksum_exclude
                0x00000868        0x0
 *(.cy_checksum_exclude)

.ramvectors     0x1fff8000       0xc0
                0x1fff8000                __cy_region_start_ram = .
 *(.ramvectors)
 .ramvectors    0x1fff8000       0xc0 .\CortexM3\ARM_GCC_541\Debug\Cm3Start.o
                0x1fff8000                CyRamVectors

.noinit         0x1fff80c0        0x1
 *(.noinit)
 .noinit        0x1fff80c0        0x1 .\CortexM3\ARM_GCC_541\Debug\LCD_PERSONALIZADO.a(CyLib.o)
                0x1fff80c0                CyResetStatus

.data           0x1fff80c8       0x78 load address 0x00000868
                0x1fff80c8                __cy_region_start_data = .
 *(.jcr)
 .jcr           0x1fff80c8        0x0 c:/program files (x86)/cypress/psoc creator/4.2/psoc creator/import/gnu/arm/5.4.1/bin/../lib/gcc/arm-none-eabi/5.4.1/armv7-m/crtbegin.o
 .jcr           0x1fff80c8        0x4 c:/program files (x86)/cypress/psoc creator/4.2/psoc creator/import/gnu/arm/5.4.1/bin/../lib/gcc/arm-none-eabi/5.4.1/armv7-m/crtend.o
 *(.got.plt)
 *(.got)
 *(.shdata)
 *(.data .data.* .gnu.linkonce.d.*)
 .data          0x1fff80cc       0x10 .\CortexM3\ARM_GCC_541\Debug\LCD_PERSONALIZADO.a(CyLib.o)
                0x1fff80cc                cydelay_32k_ms
                0x1fff80d0                cydelay_freq_khz
                0x1fff80d4                cydelay_freq_mhz
                0x1fff80d8                cydelay_freq_hz
 .data.impure_data
                0x1fff80dc       0x60 c:/program files (x86)/cypress/psoc creator/4.2/psoc creator/import/gnu/arm/5.4.1/bin/../lib/gcc/arm-none-eabi/5.4.1/../../../../arm-none-eabi/lib/armv7-m\libg_nano.a(lib_a-impure.o)
 .data._impure_ptr
                0x1fff813c        0x4 c:/program files (x86)/cypress/psoc creator/4.2/psoc creator/import/gnu/arm/5.4.1/bin/../lib/gcc/arm-none-eabi/5.4.1/../../../../arm-none-eabi/lib/armv7-m\libg_nano.a(lib_a-impure.o)
                0x1fff813c                _impure_ptr
                0x1fff8140                . = ALIGN (0x8)
 *(.ram)
                0x1fff8140                _edata = .

.igot.plt       0x1fff8140        0x0 load address 0x000008e0
 .igot.plt      0x1fff8140        0x0 c:/program files (x86)/cypress/psoc creator/4.2/psoc creator/import/gnu/arm/5.4.1/bin/../lib/gcc/arm-none-eabi/5.4.1/armv7-m/crtbegin.o

.bss            0x1fff8140       0x28 load address 0x000008e0
                0x1fff8140                PROVIDE (__bss_start__, .)
 *(.shbss)
 *(.bss .bss.* .gnu.linkonce.b.*)
 .bss           0x1fff8140       0x1c c:/program files (x86)/cypress/psoc creator/4.2/psoc creator/import/gnu/arm/5.4.1/bin/../lib/gcc/arm-none-eabi/5.4.1/armv7-m/crtbegin.o
 .bss           0x1fff815c        0x2 .\CortexM3\ARM_GCC_541\Debug\LCD_PERSONALIZADO.a(LCD.o)
                0x1fff815c                LCD_enableState
                0x1fff815d                LCD_initVar
 *(COMMON)
 COMMON         0x1fff815e        0x3 .\CortexM3\ARM_GCC_541\Debug\main.o
                0x1fff815e                tiempo
                0x1fff8160                i
                0x1fff8168                . = ALIGN (0x8)
 *fill*         0x1fff8161        0x7 
 *(.ram.b)
                0x1fff8168                _end = .
                0x1fff8168                __end = .
                0x1fff8168                PROVIDE (end, .)
                0x1fff8168                PROVIDE (__bss_end__, .)
                0x00000868                __cy_region_init_ram = LOADADDR (.data)
                0x00000078                __cy_region_init_size_ram = (_edata - ADDR (.data))
                0x00000028                __cy_region_zero_size_ram = (_end - _edata)

.heap           0x1fff8168       0x80 load address 0x000008e0
                0x1fff8168                . = _end
                0x1fff81e8                . = (. + 0x80)
 *fill*         0x1fff8168       0x80 
                0x1fff81e8                __cy_heap_limit = .

.stack          0x20007800      0x800
                0x20007800                __cy_stack_limit = .
                0x20008000                . = (. + 0x800)
 *fill*         0x20007800      0x800 
                0x00000001                ASSERT ((__cy_stack_limit >= __cy_heap_limit), region RAM overflowed with stack)
                0x00000000                cy_checksum_exclude_size = (CY_APPL_LOADABLE == 0x1)?SIZEOF (.cy_checksum_exclude):0x0
                0x00000001                ASSERT ((cy_checksum_exclude_size <= CY_CHECKSUM_EXCLUDE_SIZE), CY_BOOT: Section .cy_checksum_exclude size exceedes specified limit.)

.cyloadermeta
 *(.cyloadermeta)

.cyloadablemeta
 *(.cyloadablemeta)

.cyconfigecc    0x80000000       0x24
 *(.cyconfigecc)
 .cyconfigecc   0x80000000       0x24 .\CortexM3\ARM_GCC_541\Debug\cymetadata.o
                0x80000000                cy_meta_configecc

.cycustnvl      0x90000000        0x4
 *(.cycustnvl)
 .cycustnvl     0x90000000        0x4 .\CortexM3\ARM_GCC_541\Debug\cymetadata.o
                0x90000000                cy_meta_custnvl

.cywolatch      0x90100000        0x4
 *(.cywolatch)
 .cywolatch     0x90100000        0x4 .\CortexM3\ARM_GCC_541\Debug\cymetadata.o
                0x90100000                cy_meta_wonvl

.cyeeprom       0x90200000        0x0
 *(.cyeeprom)
                0x00000001                ASSERT ((. <= ((0x90200000 + ee_offset) + ee_size)), .cyeeprom data will not fit in EEPROM)

.cyflashprotect
                0x90400000      0x100
 *(.cyflashprotect)
 .cyflashprotect
                0x90400000      0x100 .\CortexM3\ARM_GCC_541\Debug\cymetadata.o
                0x90400000                cy_meta_flashprotect

.cymeta         0x90500000        0xc
 *(.cymeta)
 .cymeta        0x90500000        0xc .\CortexM3\ARM_GCC_541\Debug\cymetadata.o
                0x90500000                cy_metadata

.rel.dyn        0x000008e0        0x0 load address 0x9050000c
 .rel.iplt      0x000008e0        0x0 c:/program files (x86)/cypress/psoc creator/4.2/psoc creator/import/gnu/arm/5.4.1/bin/../lib/gcc/arm-none-eabi/5.4.1/armv7-m/crtbegin.o

.stab
 *(.stab)

.stabstr
 *(.stabstr)

.debug
 *(.debug)

.line
 *(.line)

.debug_srcinfo
 *(.debug_srcinfo)

.debug_sfnames
 *(.debug_sfnames)

.debug_aranges  0x00000000      0x698
 *(.debug_aranges)
 .debug_aranges
                0x00000000       0x28 .\CortexM3\ARM_GCC_541\Debug\main.o
 .debug_aranges
                0x00000028       0x50 .\CortexM3\ARM_GCC_541\Debug\cyfitter_cfg.o
 .debug_aranges
                0x00000078       0x18 .\CortexM3\ARM_GCC_541\Debug\cymetadata.o
 .debug_aranges
                0x00000090       0x48 .\CortexM3\ARM_GCC_541\Debug\Cm3Start.o
 .debug_aranges
                0x000000d8      0x2a0 .\CortexM3\ARM_GCC_541\Debug\LCD_PERSONALIZADO.a(CyLib.o)
 .debug_aranges
                0x00000378       0x98 .\CortexM3\ARM_GCC_541\Debug\LCD_PERSONALIZADO.a(cyPm.o)
 .debug_aranges
                0x00000410       0x78 .\CortexM3\ARM_GCC_541\Debug\LCD_PERSONALIZADO.a(LCD.o)
 .debug_aranges
                0x00000488       0x20 .\CortexM3\ARM_GCC_541\Debug\LCD_PERSONALIZADO.a(LCD_CustChars.o)
 .debug_aranges
                0x000004a8       0x80 .\CortexM3\ARM_GCC_541\Debug\LCD_PERSONALIZADO.a(IRS_SW.o)
 .debug_aranges
                0x00000528       0x48 .\CortexM3\ARM_GCC_541\Debug\LCD_PERSONALIZADO.a(sw.o)
 .debug_aranges
                0x00000570       0x20 .\CortexM3\ARM_GCC_541\Debug\LCD_PERSONALIZADO.a(CyBootAsmGnu.o)
 .debug_aranges
                0x00000590       0x88 .\CortexM3\ARM_GCC_541\Debug\LCD_PERSONALIZADO.a(CyFlash.o)
 .debug_aranges
                0x00000618       0x80 .\CortexM3\ARM_GCC_541\Debug\LCD_PERSONALIZADO.a(CySpc.o)

.debug_pubnames
 *(.debug_pubnames)

.debug_info     0x00000000     0x4111
 *(.debug_info .gnu.linkonce.wi.*)
 .debug_info    0x00000000      0x228 .\CortexM3\ARM_GCC_541\Debug\main.o
 .debug_info    0x00000228      0x4c3 .\CortexM3\ARM_GCC_541\Debug\cyfitter_cfg.o
 .debug_info    0x000006eb      0x134 .\CortexM3\ARM_GCC_541\Debug\cymetadata.o
 .debug_info    0x0000081f      0x3bb .\CortexM3\ARM_GCC_541\Debug\Cm3Start.o
 .debug_info    0x00000bda     0x1374 .\CortexM3\ARM_GCC_541\Debug\LCD_PERSONALIZADO.a(CyLib.o)
 .debug_info    0x00001f4e      0xa2a .\CortexM3\ARM_GCC_541\Debug\LCD_PERSONALIZADO.a(cyPm.o)
 .debug_info    0x00002978      0x5c2 .\CortexM3\ARM_GCC_541\Debug\LCD_PERSONALIZADO.a(LCD.o)
 .debug_info    0x00002f3a      0x159 .\CortexM3\ARM_GCC_541\Debug\LCD_PERSONALIZADO.a(LCD_CustChars.o)
 .debug_info    0x00003093      0x2d2 .\CortexM3\ARM_GCC_541\Debug\LCD_PERSONALIZADO.a(IRS_SW.o)
 .debug_info    0x00003365      0x174 .\CortexM3\ARM_GCC_541\Debug\LCD_PERSONALIZADO.a(sw.o)
 .debug_info    0x000034d9       0x9b .\CortexM3\ARM_GCC_541\Debug\LCD_PERSONALIZADO.a(CyBootAsmGnu.o)
 .debug_info    0x00003574      0x64d .\CortexM3\ARM_GCC_541\Debug\LCD_PERSONALIZADO.a(CyFlash.o)
 .debug_info    0x00003bc1      0x550 .\CortexM3\ARM_GCC_541\Debug\LCD_PERSONALIZADO.a(CySpc.o)

.debug_abbrev   0x00000000     0x1087
 *(.debug_abbrev)
 .debug_abbrev  0x00000000       0xec .\CortexM3\ARM_GCC_541\Debug\main.o
 .debug_abbrev  0x000000ec      0x1ca .\CortexM3\ARM_GCC_541\Debug\cyfitter_cfg.o
 .debug_abbrev  0x000002b6       0x5d .\CortexM3\ARM_GCC_541\Debug\cymetadata.o
 .debug_abbrev  0x00000313      0x1e8 .\CortexM3\ARM_GCC_541\Debug\Cm3Start.o
 .debug_abbrev  0x000004fb      0x254 .\CortexM3\ARM_GCC_541\Debug\LCD_PERSONALIZADO.a(CyLib.o)
 .debug_abbrev  0x0000074f      0x1ab .\CortexM3\ARM_GCC_541\Debug\LCD_PERSONALIZADO.a(cyPm.o)
 .debug_abbrev  0x000008fa      0x159 .\CortexM3\ARM_GCC_541\Debug\LCD_PERSONALIZADO.a(LCD.o)
 .debug_abbrev  0x00000a53       0xe2 .\CortexM3\ARM_GCC_541\Debug\LCD_PERSONALIZADO.a(LCD_CustChars.o)
 .debug_abbrev  0x00000b35      0x173 .\CortexM3\ARM_GCC_541\Debug\LCD_PERSONALIZADO.a(IRS_SW.o)
 .debug_abbrev  0x00000ca8       0x90 .\CortexM3\ARM_GCC_541\Debug\LCD_PERSONALIZADO.a(sw.o)
 .debug_abbrev  0x00000d38       0x14 .\CortexM3\ARM_GCC_541\Debug\LCD_PERSONALIZADO.a(CyBootAsmGnu.o)
 .debug_abbrev  0x00000d4c      0x1a7 .\CortexM3\ARM_GCC_541\Debug\LCD_PERSONALIZADO.a(CyFlash.o)
 .debug_abbrev  0x00000ef3      0x194 .\CortexM3\ARM_GCC_541\Debug\LCD_PERSONALIZADO.a(CySpc.o)

.debug_line     0x00000000     0x1b69
 *(.debug_line)
 .debug_line    0x00000000      0x1da .\CortexM3\ARM_GCC_541\Debug\main.o
 .debug_line    0x000001da      0x1c3 .\CortexM3\ARM_GCC_541\Debug\cyfitter_cfg.o
 .debug_line    0x0000039d      0x141 .\CortexM3\ARM_GCC_541\Debug\cymetadata.o
 .debug_line    0x000004de      0x234 .\CortexM3\ARM_GCC_541\Debug\Cm3Start.o
 .debug_line    0x00000712      0x816 .\CortexM3\ARM_GCC_541\Debug\LCD_PERSONALIZADO.a(CyLib.o)
 .debug_line    0x00000f28      0x367 .\CortexM3\ARM_GCC_541\Debug\LCD_PERSONALIZADO.a(cyPm.o)
 .debug_line    0x0000128f      0x188 .\CortexM3\ARM_GCC_541\Debug\LCD_PERSONALIZADO.a(LCD.o)
 .debug_line    0x00001417       0x83 .\CortexM3\ARM_GCC_541\Debug\LCD_PERSONALIZADO.a(LCD_CustChars.o)
 .debug_line    0x0000149a      0x133 .\CortexM3\ARM_GCC_541\Debug\LCD_PERSONALIZADO.a(IRS_SW.o)
 .debug_line    0x000015cd       0xbc .\CortexM3\ARM_GCC_541\Debug\LCD_PERSONALIZADO.a(sw.o)
 .debug_line    0x00001689       0x66 .\CortexM3\ARM_GCC_541\Debug\LCD_PERSONALIZADO.a(CyBootAsmGnu.o)
 .debug_line    0x000016ef      0x21a .\CortexM3\ARM_GCC_541\Debug\LCD_PERSONALIZADO.a(CyFlash.o)
 .debug_line    0x00001909      0x260 .\CortexM3\ARM_GCC_541\Debug\LCD_PERSONALIZADO.a(CySpc.o)

.debug_frame    0x00000000     0x11c8
 *(.debug_frame)
 .debug_frame   0x00000000       0x48 .\CortexM3\ARM_GCC_541\Debug\main.o
 .debug_frame   0x00000048       0xb8 .\CortexM3\ARM_GCC_541\Debug\cyfitter_cfg.o
 .debug_frame   0x00000100       0xb8 .\CortexM3\ARM_GCC_541\Debug\Cm3Start.o
 .debug_frame   0x000001b8      0x738 .\CortexM3\ARM_GCC_541\Debug\LCD_PERSONALIZADO.a(CyLib.o)
 .debug_frame   0x000008f0      0x1f8 .\CortexM3\ARM_GCC_541\Debug\LCD_PERSONALIZADO.a(cyPm.o)
 .debug_frame   0x00000ae8      0x16c .\CortexM3\ARM_GCC_541\Debug\LCD_PERSONALIZADO.a(LCD.o)
 .debug_frame   0x00000c54       0x30 .\CortexM3\ARM_GCC_541\Debug\LCD_PERSONALIZADO.a(LCD_CustChars.o)
 .debug_frame   0x00000c84      0x104 .\CortexM3\ARM_GCC_541\Debug\LCD_PERSONALIZADO.a(IRS_SW.o)
 .debug_frame   0x00000d88       0x70 .\CortexM3\ARM_GCC_541\Debug\LCD_PERSONALIZADO.a(sw.o)
 .debug_frame   0x00000df8      0x194 .\CortexM3\ARM_GCC_541\Debug\LCD_PERSONALIZADO.a(CyFlash.o)
 .debug_frame   0x00000f8c      0x180 .\CortexM3\ARM_GCC_541\Debug\LCD_PERSONALIZADO.a(CySpc.o)
 .debug_frame   0x0000110c       0x20 c:/program files (x86)/cypress/psoc creator/4.2/psoc creator/import/gnu/arm/5.4.1/bin/../lib/gcc/arm-none-eabi/5.4.1/../../../../arm-none-eabi/lib/armv7-m\libg_nano.a(lib_a-errno.o)
 .debug_frame   0x0000112c       0x28 c:/program files (x86)/cypress/psoc creator/4.2/psoc creator/import/gnu/arm/5.4.1/bin/../lib/gcc/arm-none-eabi/5.4.1/../../../../arm-none-eabi/lib/armv7-m\libg_nano.a(lib_a-exit.o)
 .debug_frame   0x00001154       0x2c c:/program files (x86)/cypress/psoc creator/4.2/psoc creator/import/gnu/arm/5.4.1/bin/../lib/gcc/arm-none-eabi/5.4.1/../../../../arm-none-eabi/lib/armv7-m\libg_nano.a(lib_a-init.o)
 .debug_frame   0x00001180       0x28 c:/program files (x86)/cypress/psoc creator/4.2/psoc creator/import/gnu/arm/5.4.1/bin/../lib/gcc/arm-none-eabi/5.4.1/../../../../arm-none-eabi/lib/armv7-m\libg_nano.a(lib_a-memcpy-stub.o)
 .debug_frame   0x000011a8       0x20 c:/program files (x86)/cypress/psoc creator/4.2/psoc creator/import/gnu/arm/5.4.1/bin/../lib/gcc/arm-none-eabi/5.4.1/../../../../arm-none-eabi/lib/armv7-m\libg_nano.a(lib_a-memset.o)

.debug_str      0x00000000     0x15a9
 *(.debug_str)
 .debug_str     0x00000000      0x1e7 .\CortexM3\ARM_GCC_541\Debug\main.o
                                0x22f (size before relaxing)
 .debug_str     0x000001e7      0x158 .\CortexM3\ARM_GCC_541\Debug\cyfitter_cfg.o
                                0x2f8 (size before relaxing)
 .debug_str     0x0000033f       0x7f .\CortexM3\ARM_GCC_541\Debug\cymetadata.o
                                0x1ef (size before relaxing)
 .debug_str     0x000003be      0x14a .\CortexM3\ARM_GCC_541\Debug\Cm3Start.o
                                0x315 (size before relaxing)
 .debug_str     0x00000508      0x852 .\CortexM3\ARM_GCC_541\Debug\LCD_PERSONALIZADO.a(CyLib.o)
                                0xa52 (size before relaxing)
 .debug_str     0x00000d5a      0x365 .\CortexM3\ARM_GCC_541\Debug\LCD_PERSONALIZADO.a(cyPm.o)
                                0x73e (size before relaxing)
 .debug_str     0x000010bf       0xf9 .\CortexM3\ARM_GCC_541\Debug\LCD_PERSONALIZADO.a(LCD.o)
                                0x2ed (size before relaxing)
 .debug_str     0x000011b8       0x32 .\CortexM3\ARM_GCC_541\Debug\LCD_PERSONALIZADO.a(LCD_CustChars.o)
                                0x209 (size before relaxing)
 .debug_str     0x000011ea       0xe5 .\CortexM3\ARM_GCC_541\Debug\LCD_PERSONALIZADO.a(IRS_SW.o)
                                0x2bf (size before relaxing)
 .debug_str     0x000012cf       0x6c .\CortexM3\ARM_GCC_541\Debug\LCD_PERSONALIZADO.a(sw.o)
                                0x214 (size before relaxing)
 .debug_str     0x0000133b      0x1bb .\CortexM3\ARM_GCC_541\Debug\LCD_PERSONALIZADO.a(CyFlash.o)
                                0x3cb (size before relaxing)
 .debug_str     0x000014f6       0xb3 .\CortexM3\ARM_GCC_541\Debug\LCD_PERSONALIZADO.a(CySpc.o)
                                0x343 (size before relaxing)

.debug_loc      0x00000000     0x1db9
 *(.debug_loc)
 .debug_loc     0x00000000      0x1ea .\CortexM3\ARM_GCC_541\Debug\cyfitter_cfg.o
 .debug_loc     0x000001ea      0x144 .\CortexM3\ARM_GCC_541\Debug\Cm3Start.o
 .debug_loc     0x0000032e      0xa11 .\CortexM3\ARM_GCC_541\Debug\LCD_PERSONALIZADO.a(CyLib.o)
 .debug_loc     0x00000d3f      0x1e4 .\CortexM3\ARM_GCC_541\Debug\LCD_PERSONALIZADO.a(cyPm.o)
 .debug_loc     0x00000f23      0x2bd .\CortexM3\ARM_GCC_541\Debug\LCD_PERSONALIZADO.a(LCD.o)
 .debug_loc     0x000011e0       0x48 .\CortexM3\ARM_GCC_541\Debug\LCD_PERSONALIZADO.a(LCD_CustChars.o)
 .debug_loc     0x00001228       0x56 .\CortexM3\ARM_GCC_541\Debug\LCD_PERSONALIZADO.a(IRS_SW.o)
 .debug_loc     0x0000127e       0x84 .\CortexM3\ARM_GCC_541\Debug\LCD_PERSONALIZADO.a(sw.o)
 .debug_loc     0x00001302      0x3b2 .\CortexM3\ARM_GCC_541\Debug\LCD_PERSONALIZADO.a(CyFlash.o)
 .debug_loc     0x000016b4      0x705 .\CortexM3\ARM_GCC_541\Debug\LCD_PERSONALIZADO.a(CySpc.o)

.debug_macinfo
 *(.debug_macinfo)

.debug_ranges   0x00000000      0x5b0
 *(.debug_ranges)
 .debug_ranges  0x00000000       0x18 .\CortexM3\ARM_GCC_541\Debug\main.o
 .debug_ranges  0x00000018       0x40 .\CortexM3\ARM_GCC_541\Debug\cyfitter_cfg.o
 .debug_ranges  0x00000058       0x38 .\CortexM3\ARM_GCC_541\Debug\Cm3Start.o
 .debug_ranges  0x00000090      0x290 .\CortexM3\ARM_GCC_541\Debug\LCD_PERSONALIZADO.a(CyLib.o)
 .debug_ranges  0x00000320       0x88 .\CortexM3\ARM_GCC_541\Debug\LCD_PERSONALIZADO.a(cyPm.o)
 .debug_ranges  0x000003a8       0x68 .\CortexM3\ARM_GCC_541\Debug\LCD_PERSONALIZADO.a(LCD.o)
 .debug_ranges  0x00000410       0x10 .\CortexM3\ARM_GCC_541\Debug\LCD_PERSONALIZADO.a(LCD_CustChars.o)
 .debug_ranges  0x00000420       0x70 .\CortexM3\ARM_GCC_541\Debug\LCD_PERSONALIZADO.a(IRS_SW.o)
 .debug_ranges  0x00000490       0x38 .\CortexM3\ARM_GCC_541\Debug\LCD_PERSONALIZADO.a(sw.o)
 .debug_ranges  0x000004c8       0x78 .\CortexM3\ARM_GCC_541\Debug\LCD_PERSONALIZADO.a(CyFlash.o)
 .debug_ranges  0x00000540       0x70 .\CortexM3\ARM_GCC_541\Debug\LCD_PERSONALIZADO.a(CySpc.o)

.comment        0x00000000       0x6e
 .comment       0x00000000       0x6e .\CortexM3\ARM_GCC_541\Debug\main.o
                                 0x6f (size before relaxing)
 .comment       0x0000006e       0x6f .\CortexM3\ARM_GCC_541\Debug\cyfitter_cfg.o
 .comment       0x0000006e       0x6f .\CortexM3\ARM_GCC_541\Debug\cymetadata.o
 .comment       0x0000006e       0x6f .\CortexM3\ARM_GCC_541\Debug\Cm3Start.o
 .comment       0x0000006e       0x6f .\CortexM3\ARM_GCC_541\Debug\LCD_PERSONALIZADO.a(CyLib.o)
 .comment       0x0000006e       0x6f .\CortexM3\ARM_GCC_541\Debug\LCD_PERSONALIZADO.a(cyPm.o)
 .comment       0x0000006e       0x6f .\CortexM3\ARM_GCC_541\Debug\LCD_PERSONALIZADO.a(LCD.o)
 .comment       0x0000006e       0x6f .\CortexM3\ARM_GCC_541\Debug\LCD_PERSONALIZADO.a(LCD_CustChars.o)
 .comment       0x0000006e       0x6f .\CortexM3\ARM_GCC_541\Debug\LCD_PERSONALIZADO.a(IRS_SW.o)
 .comment       0x0000006e       0x6f .\CortexM3\ARM_GCC_541\Debug\LCD_PERSONALIZADO.a(sw.o)
 .comment       0x0000006e       0x6f .\CortexM3\ARM_GCC_541\Debug\LCD_PERSONALIZADO.a(CyFlash.o)
 .comment       0x0000006e       0x6f .\CortexM3\ARM_GCC_541\Debug\LCD_PERSONALIZADO.a(CySpc.o)

.debug_weaknames
 *(.debug_weaknames)

.debug_funcnames
 *(.debug_funcnames)

.debug_typenames
 *(.debug_typenames)

.debug_varnames
 *(.debug_varnames)

.note.gnu.arm.ident
 *(.note.gnu.arm.ident)

.ARM.attributes
                0x00000000       0x29
 *(.ARM.attributes)
 .ARM.attributes
                0x00000000       0x1d c:/program files (x86)/cypress/psoc creator/4.2/psoc creator/import/gnu/arm/5.4.1/bin/../lib/gcc/arm-none-eabi/5.4.1/armv7-m/crti.o
 .ARM.attributes
                0x0000001d       0x2d c:/program files (x86)/cypress/psoc creator/4.2/psoc creator/import/gnu/arm/5.4.1/bin/../lib/gcc/arm-none-eabi/5.4.1/armv7-m/crtbegin.o
 .ARM.attributes
                0x0000004a       0x1b c:/program files (x86)/cypress/psoc creator/4.2/psoc creator/import/gnu/arm/5.4.1/bin/../lib/gcc/arm-none-eabi/5.4.1/../../../../arm-none-eabi/lib/armv7-m/crt0.o
 .ARM.attributes
                0x00000065       0x33 .\CortexM3\ARM_GCC_541\Debug\main.o
 .ARM.attributes
                0x00000098       0x33 .\CortexM3\ARM_GCC_541\Debug\cyfitter_cfg.o
 .ARM.attributes
                0x000000cb       0x33 .\CortexM3\ARM_GCC_541\Debug\cymetadata.o
 .ARM.attributes
                0x000000fe       0x33 .\CortexM3\ARM_GCC_541\Debug\Cm3Start.o
 .ARM.attributes
                0x00000131       0x33 .\CortexM3\ARM_GCC_541\Debug\LCD_PERSONALIZADO.a(CyLib.o)
 .ARM.attributes
                0x00000164       0x33 .\CortexM3\ARM_GCC_541\Debug\LCD_PERSONALIZADO.a(cyPm.o)
 .ARM.attributes
                0x00000197       0x33 .\CortexM3\ARM_GCC_541\Debug\LCD_PERSONALIZADO.a(LCD.o)
 .ARM.attributes
                0x000001ca       0x33 .\CortexM3\ARM_GCC_541\Debug\LCD_PERSONALIZADO.a(LCD_CustChars.o)
 .ARM.attributes
                0x000001fd       0x33 .\CortexM3\ARM_GCC_541\Debug\LCD_PERSONALIZADO.a(IRS_SW.o)
 .ARM.attributes
                0x00000230       0x33 .\CortexM3\ARM_GCC_541\Debug\LCD_PERSONALIZADO.a(sw.o)
 .ARM.attributes
                0x00000263       0x21 .\CortexM3\ARM_GCC_541\Debug\LCD_PERSONALIZADO.a(CyBootAsmGnu.o)
 .ARM.attributes
                0x00000284       0x33 .\CortexM3\ARM_GCC_541\Debug\LCD_PERSONALIZADO.a(CyFlash.o)
 .ARM.attributes
                0x000002b7       0x33 .\CortexM3\ARM_GCC_541\Debug\LCD_PERSONALIZADO.a(CySpc.o)
 .ARM.attributes
                0x000002ea       0x2d c:/program files (x86)/cypress/psoc creator/4.2/psoc creator/import/gnu/arm/5.4.1/bin/../lib/gcc/arm-none-eabi/5.4.1/../../../../arm-none-eabi/lib/armv7-m\libg_nano.a(lib_a-errno.o)
 .ARM.attributes
                0x00000317       0x2d c:/program files (x86)/cypress/psoc creator/4.2/psoc creator/import/gnu/arm/5.4.1/bin/../lib/gcc/arm-none-eabi/5.4.1/../../../../arm-none-eabi/lib/armv7-m\libg_nano.a(lib_a-exit.o)
 .ARM.attributes
                0x00000344       0x2d c:/program files (x86)/cypress/psoc creator/4.2/psoc creator/import/gnu/arm/5.4.1/bin/../lib/gcc/arm-none-eabi/5.4.1/../../../../arm-none-eabi/lib/armv7-m\libg_nano.a(lib_a-impure.o)
 .ARM.attributes
                0x00000371       0x2d c:/program files (x86)/cypress/psoc creator/4.2/psoc creator/import/gnu/arm/5.4.1/bin/../lib/gcc/arm-none-eabi/5.4.1/../../../../arm-none-eabi/lib/armv7-m\libg_nano.a(lib_a-init.o)
 .ARM.attributes
                0x0000039e       0x2d c:/program files (x86)/cypress/psoc creator/4.2/psoc creator/import/gnu/arm/5.4.1/bin/../lib/gcc/arm-none-eabi/5.4.1/../../../../arm-none-eabi/lib/armv7-m\libg_nano.a(lib_a-memcpy-stub.o)
 .ARM.attributes
                0x000003cb       0x2d c:/program files (x86)/cypress/psoc creator/4.2/psoc creator/import/gnu/arm/5.4.1/bin/../lib/gcc/arm-none-eabi/5.4.1/../../../../arm-none-eabi/lib/armv7-m\libg_nano.a(lib_a-memset.o)
 .ARM.attributes
                0x000003f8       0x2d c:/program files (x86)/cypress/psoc creator/4.2/psoc creator/import/gnu/arm/5.4.1/bin/../lib/gcc/arm-none-eabi/5.4.1/armv7-m/crtend.o
 .ARM.attributes
                0x00000425       0x1d c:/program files (x86)/cypress/psoc creator/4.2/psoc creator/import/gnu/arm/5.4.1/bin/../lib/gcc/arm-none-eabi/5.4.1/armv7-m/crtn.o

/DISCARD/
 *(.note.GNU-stack)
OUTPUT(C:\Users\Nicolas Zamora\Documents\PSoC Creator\LCD_P\LCD_PERSONALIZADO.cydsn\CortexM3\ARM_GCC_541\Debug\LCD_PERSONALIZADO.elf elf32-littlearm)
